[0m[0Kberg@DESKTOP-9FGA5E4:/mnt/c/Users/Stephen Berg/Dropbox/myWebsite$[0K[67G[?25lberg@DESKTOP-9FGA5E4:/mnt/c/Users/Stephen Berg/Dropbox/myWebsite$ g[0K[?25hi[0Kt[0K[71G[?25lberg@DESKTOP-9FGA5E4:/mnt/c/Users/Stephen Berg/Dropbox/myWebsite$ git p[0K[?25h[?25lu[0K[72G[?25h[73G[?25lberg@DESKTOP-9FGA5E4:/mnt/c/Users/Stephen Berg/Dropbox/myWebsite$ git pul[0K[?25h[?25ll[0K[74G[?25h[75G[76G[?25lberg@DESKTOP-9FGA5E4:/mnt/c/Users/Stephen Berg/Dropbox/myWebsite$ git pull -[0K[?25hm[0K[79G[?25lberg@DESKTOP-9FGA5E4:/mnt/c/Users/Stephen Berg/Dropbox/myWebsite$ git pull -m "[0K[?25ht[0Ke[0K[?25lberg@DESKTOP-9FGA5E4:/mnt/c/Users/Stephen Berg/Dropbox/myWebsite$ git pull -m "t[0K[?25h[?25lberg@DESKTOP-9FGA5E4:/mnt/c/Users/Stephen Berg/Dropbox/myWebsite$ git pull -m "[0K[?25hj[0Ke[0Kk[0Ky[0Kl[0Kl[0K[87G[86G[?25lberg@DESKTOP-9FGA5E4:/mnt/c/Users/Stephen Berg/Dropbox/myWebsite$ git pull -m "jekyll"[0K[?25h[88G[?25lberg@DESKTOP-9FGA5E4:/mnt/c/Users/Stephen Berg/Dropbox/myWebsite$ git pull -m "jekyll" o[0K[?25hr[0Ki[0Kg[0K[?25li[0K[92G[?25h[93G[?25lberg@DESKTOP-9FGA5E4:/mnt/c/Users/Stephen Berg/Dropbox/myWebsite$ git pull -m "jekyll" origin[0K[?25h[95G[?25lberg@DESKTOP-9FGA5E4:/mnt/c/Users/Stephen Berg/Dropbox/myWebsite$ git pull -m "jekyll" origin m[0K[?25ha[0Ks[0Ke[0Kt[0Ke[0Kr[0K[?25lberg@DESKTOP-9FGA5E4:/mnt/c/Users/Stephen Berg/Dropbox/myWebsite$ git pull -m "jekyll" origin masete[0K[?25h[?25lberg@DESKTOP-9FGA5E4:/mnt/c/Users/Stephen Berg/Dropbox/myWebsite$ git pull -m "jekyll" origin maset[0K[?25h[?25lberg@DESKTOP-9FGA5E4:/mnt/c/Users/Stephen Berg/Dropbox/myWebsite$ git pull -m "jekyll" origin mase[0K[?25h[?25lberg@DESKTOP-9FGA5E4:/mnt/c/Users/Stephen Berg/Dropbox/myWebsite$ git pull -m "jekyll" origin mas[0K[?25ht[0Ke[0K[?25lr[0K[100G[?25h[101G[?25l
[0K[?25hfatal: No such remote or remote group: jekyll[0K[?25l
berg@DESKTOP-9FGA5E4:/mnt/c/Users/Stephen Berg/Dropbox/myWebsite$[0K[67G[?25h[?25lberg@DESKTOP-9FGA5E4:/mnt/c/Users/Stephen Berg/Dropbox/myWebsite$ git pull -m "jekyll" origin master[0K[?25h[100G[99G[98G[97G[95G[94G[93G[91G[90G[89G[88G[87G[86G[87G[88G[?25lberg@DESKTOP-9FGA5E4:/mnt/c/Users/Stephen Berg/Dropbox/myWebsite$ git pull -m "jekyll"origin master[0K[87G[?25h[?25lberg@DESKTOP-9FGA5E4:/mnt/c/Users/Stephen Berg/Dropbox/myWebsite$ git pull -m "jekyllorigin master[0K[86G[?25h[?25lberg@DESKTOP-9FGA5E4:/mnt/c/Users/Stephen Berg/Dropbox/myWebsite$ git pull -m "jekylorigin master[0K[85G[?25h[?25lberg@DESKTOP-9FGA5E4:/mnt/c/Users/Stephen Berg/Dropbox/myWebsite$ git pull -m "jekyorigin master[0K[84G[?25h[?25lberg@DESKTOP-9FGA5E4:/mnt/c/Users/Stephen Berg/Dropbox/myWebsite$ git pull -m "jekorigin master[0K[83G[?25h[?25lberg@DESKTOP-9FGA5E4:/mnt/c/Users/Stephen Berg/Dropbox/myWebsite$ git pull -m "jeorigin master[0K[82G[?25h[?25lberg@DESKTOP-9FGA5E4:/mnt/c/Users/Stephen Berg/Dropbox/myWebsite$ git pull -m "jorigin master[0K[81G[?25h[?25lberg@DESKTOP-9FGA5E4:/mnt/c/Users/Stephen Berg/Dropbox/myWebsite$ git pull -m "origin master[0K[80G[?25h[?25lberg@DESKTOP-9FGA5E4:/mnt/c/Users/Stephen Berg/Dropbox/myWebsite$ git pull -morigin master[0K[78G[?25h[?25lberg@DESKTOP-9FGA5E4:/mnt/c/Users/Stephen Berg/Dropbox/myWebsite$ git pull -origin master[0K[77G[?25h[?25lberg@DESKTOP-9FGA5E4:/mnt/c/Users/Stephen Berg/Dropbox/myWebsite$ git pull origin master[0K[76G[?25h[?25lberg@DESKTOP-9FGA5E4:/mnt/c/Users/Stephen Berg/Dropbox/myWebsite$ git pullorigin master[0K[75G[?25h[?25lberg@DESKTOP-9FGA5E4:/mnt/c/Users/Stephen Berg/Dropbox/myWebsite$ git pull origin master[0K[76G[?25h[77G[78G[79G[80G[81G[82G[83G[85G[86G[87G[88G[89G[90G[?25lberg@DESKTOP-9FGA5E4:/mnt/c/Users/Stephen Berg/Dropbox/myWebsite$ git pull origin master -[0K[?25hm[0K[93G[?25lberg@DESKTOP-9FGA5E4:/mnt/c/Users/Stephen Berg/Dropbox/myWebsite$ git pull origin master -m "[0K[?25hj[0Ke[0K[?25lk[0K[96G[?25h[97G[?25lberg@DESKTOP-9FGA5E4:/mnt/c/Users/Stephen Berg/Dropbox/myWebsite$ git pull origin master -m "jeky[0K[?25hl[0Kl[0K"[0K[?25l
[0K[?25hfatal: No such remote or remote group: master[0K[?25l
berg@DESKTOP-9FGA5E4:/mnt/c/Users/Stephen Berg/Dropbox/myWebsite$[0K[67G[?25h[?25lberg@DESKTOP-9FGA5E4:/mnt/c/Users/Stephen Berg/Dropbox/myWebsite$ git pull origin master -m "jekyll"[0K[67G[?25h[?25lberg@DESKTOP-9FGA5E4:/mnt/c/Users/Stephen Berg/Dropbox/myWebsite$[0K[67G[?25h[?25lberg@DESKTOP-9FGA5E4:/mnt/c/Users/Stephen Berg/Dropbox/myWebsite$ git pull origin master -m "jekyll"[0K[?25h[?25lberg@DESKTOP-9FGA5E4:/mnt/c/Users/Stephen Berg/Dropbox/myWebsite$ git pull origin master -m "jekyll[0K[?25h[?25lberg@DESKTOP-9FGA5E4:/mnt/c/Users/Stephen Berg/Dropbox/myWebsite$ git pull origin master -m "jekyl[0K[?25h[?25lberg@DESKTOP-9FGA5E4:/mnt/c/Users/Stephen Berg/Dropbox/myWebsite$ git pull origin master -m "jeky[0K[?25h[?25lberg@DESKTOP-9FGA5E4:/mnt/c/Users/Stephen Berg/Dropbox/myWebsite$ git pull origin master -m "jek[0K[?25h[?25lberg@DESKTOP-9FGA5E4:/mnt/c/Users/Stephen Berg/Dropbox/myWebsite$ git pull origin master -m "j[0K[?25h[?25lberg@DESKTOP-9FGA5E4:/mnt/c/Users/Stephen Berg/Dropbox/myWebsite$ git pull origin master -m "[0K[?25h[?25lberg@DESKTOP-9FGA5E4:/mnt/c/Users/Stephen Berg/Dropbox/myWebsite$ git pull origin master -m[0K[93G[?25h[92G[?25lberg@DESKTOP-9FGA5E4:/mnt/c/Users/Stephen Berg/Dropbox/myWebsite$ git pull origin master -[0K[?25h[?25lberg@DESKTOP-9FGA5E4:/mnt/c/Users/Stephen Berg/Dropbox/myWebsite$ git pull origin master[0K[90G[?25h[89G[?25l
[0K[?25hFrom https://github.com/stephenberg/stephenberg.github.io[0K[?25l
 * branch            master     -> FETCH_HEAD[0K
[0K[?25h[0m[1;1H[2J[0;30;47m  GNU nano 2.2.6                    File: /mnt/c/Users/Stephen Berg/Dropbox/myWebsite/.git/MERGE_MSG[0K[?25l
[0m[0K
Merge branch 'master' of https://github.com/stephenberg/stephenberg.github.io[0K
[0K
# Please enter a commit message to explain why this merge is necessary,[0K
# especially if it merges an updated upstream into a topic branch.[0K
#[0K
# Lines starting with '#' will be ignored, and an empty message aborts[0K
# the commit.[0K
[0K
[0K
[0K
[0K
[0K
[0K
[0K
                                                                 [0;30;47m[ Read 7 lines ][0m[0K
[0;30;47m^G[0m Get Help             [0;30;47m^O[0m WriteOut             [0;30;47m^R[0m Read File            [0;30;47m^Y[0m Prev Page            [0;30;47m^K[0m Cut Text             [0;30;47m^C[0m Cur Pos[0K
[0;30;47m^X[0m Exit                 [0;30;47m^J[0m Justify              [0;30;47m^W[0m Where Is             [0;30;47m^V[0m Next Page            [0;30;47m^U[0m UnCut Text           [0;30;47m^T[0m To Spell[0K[16A[?25h[?25l[2A[0;30;47m  GNU nano 2.2.6                    File: /mnt/c/Users/Stephen Berg/Dropbox/myWebsite/.git/MERGE_MSG                                     Modified[0K

[0miMerge branch 'master' of https://github.com/stephenberg/stephenberg.github.io[0K[2G[?25h[?25li[0K
Merge branch 'master' of https://github.com/stephenberg/stephenberg.github.io[0K
[0K
# Please enter a commit message to explain why this merge is necessary,[0K
# especially if it merges an updated upstream into a topic branch.[0K
#[0K
# Lines starting with '#' will be ignored, and an empty message aborts[0K
# the commit.[0K[6A[?25h[?25l[1A[?25h[2G[?25l[0K[?25h[6n[6n[6n[6n[6n[6n^[0KX[0K[?25l
[0K
Merge branch 'master' of https://github.com/stephenberg/stephenberg.github.io[0K
[0K
# Please enter a commit message to explain why this merge is necessary,[0K
# especially if it merges an updated upstream into a topic branch.[0K
#[0K
# Lines starting with '#' will be ignored, and an empty message aborts[0K
# the commit.[0K[7A[?25hMerge branch 'master' of https://github.com/stephenberg/stephenberg.github.io[0K[?25l
[0K
# Please enter a commit message to explain why this merge is necessary,[0K
# especially if it merges an updated upstream into a topic branch.[0K
#[0K
# Lines starting with '#' will be ignored, and an empty message aborts[0K
# the commit.[0K
[0K[8A[3G[?25h[?25l^[0K[?25h[?25l[0K[?25h:[0K[?25l^[0K[2G[?25h[3G[?25l:^X[0K[?25h[?25l
[0K
Merge branch 'master' of https://github.com/stephenberg/stephenberg.github.io[0K
[0K
# Please enter a commit message to explain why this merge is necessary,[0K
# especially if it merges an updated upstream into a topic branch.[0K
#[0K
# Lines starting with '#' will be ignored, and an empty message aborts[0K
# the commit.[0K[7A[?25hMerge branch 'master' of https://github.com/stephenberg/stephenberg.github.io[0K[?25l
[0K
# Please enter a commit message to explain why this merge is necessary,[0K
# especially if it merges an updated upstream into a topic branch.[0K
#[0K
# Lines starting with '#' will be ignored, and an empty message aborts[0K
# the commit.[0K
[0K[8A[4G[?25h[?25l:^[0K[?25h[?25l:[0K[?25h[?25l[0K[?25h[?25l













[0;30;47mSave modified buffer (ANSWERING "No" WILL DESTROY CHANGES) ?[0K
 Y[0m Yes[0K
[0;30;47m N[0m No           [0;30;47m^C[0m Cancel[0K[2A[62G[?25h[?25l[0;30;47mFile Name to Write: /mnt/c/Users/Stephen Berg/Dropbox/myWebsite/.git/MERGE_MSG[0K
^G[0m Get Help                         [0;30;47mM-D[0m DOS Format                      [0;30;47mM-A[0m Append                          [0;30;47mM-B[0m Backup File[0K
[0;30;47m^C[0m Cancel                           [0;30;47mM-M[0m Mac Format                      [0;30;47mM-P[0m Prepend[0K[2A[79G[?25h[0m[1;1H[2J[?25l[0mberg@DESKTOP-9FGA5E4:/mnt/c/Users/Stephen Berg/Dropbox/myWebsite$ git pull -m "jekyll" origin master[0K
fatal: No such remote or remote group: jekyll[0K
berg@DESKTOP-9FGA5E4:/mnt/c/Users/Stephen Berg/Dropbox/myWebsite$ git pull origin master -m "jekyll"[0K
fatal: No such remote or remote group: master[0K
berg@DESKTOP-9FGA5E4:/mnt/c/Users/Stephen Berg/Dropbox/myWebsite$ git pull origin master[0K
From https://github.com/stephenberg/stephenberg.github.io[0K
 * branch            master     -> FETCH_HEAD[0K
Merge made by the 'recursive' strategy.[0K
[0K[?25h _config.yml | 1 [0;32m+[0m[0K[?25l
 1 file changed, 1 insertion(+)[0K
 create mode 100644 _config.yml[0K
berg@DESKTOP-9FGA5E4:/mnt/c/Users/Stephen Berg/Dropbox/myWebsite$[0K[67G[?25h[?25lberg@DESKTOP-9FGA5E4:/mnt/c/Users/Stephen Berg/Dropbox/myWebsite$ git pull origin master[0K[?25h -m "jekyll"[0K[?25lberg@DESKTOP-9FGA5E4:/mnt/c/Users/Stephen Berg/Dropbox/myWebsite$ git pull origin master[0K[?25h[?25lberg@DESKTOP-9FGA5E4:/mnt/c/Users/Stephen Berg/Dropbox/myWebsite$ git pull origin maste[0K[?25h[?25lberg@DESKTOP-9FGA5E4:/mnt/c/Users/Stephen Berg/Dropbox/myWebsite$ git pull origin mast[0K[?25h[?25lberg@DESKTOP-9FGA5E4:/mnt/c/Users/Stephen Berg/Dropbox/myWebsite$ git pull origin mas[0K[?25h[?25lberg@DESKTOP-9FGA5E4:/mnt/c/Users/Stephen Berg/Dropbox/myWebsite$ git pull origin ma[0K[?25h[?25lberg@DESKTOP-9FGA5E4:/mnt/c/Users/Stephen Berg/Dropbox/myWebsite$ git pull origin[0K[83G[?25h[82G[?25lberg@DESKTOP-9FGA5E4:/mnt/c/Users/Stephen Berg/Dropbox/myWebsite$ git pull origi[0K[?25h[?25lberg@DESKTOP-9FGA5E4:/mnt/c/Users/Stephen Berg/Dropbox/myWebsite$ git pull orig[0K[?25h[?25lberg@DESKTOP-9FGA5E4:/mnt/c/Users/Stephen Berg/Dropbox/myWebsite$ git pull ori[0K[?25h[?25lberg@DESKTOP-9FGA5E4:/mnt/c/Users/Stephen Berg/Dropbox/myWebsite$ git pull o[0K[78G[?25h[77G[?25lberg@DESKTOP-9FGA5E4:/mnt/c/Users/Stephen Berg/Dropbox/myWebsite$ git pull[0K[76G[?25h[75G[?25lberg@DESKTOP-9FGA5E4:/mnt/c/Users/Stephen Berg/Dropbox/myWebsite$ git pul[0K[?25h[?25lberg@DESKTOP-9FGA5E4:/mnt/c/Users/Stephen Berg/Dropbox/myWebsite$ git pu[0K[?25h[?25ls[0K[73G[?25h[74G[?25lberg@DESKTOP-9FGA5E4:/mnt/c/Users/Stephen Berg/Dropbox/myWebsite$ git push[0K[?25h[76G[?25lberg@DESKTOP-9FGA5E4:/mnt/c/Users/Stephen Berg/Dropbox/myWebsite$ git push o[0K[?25hr[0Ki[0Kg[0Ki[0Kn[0K[83G[?25lberg@DESKTOP-9FGA5E4:/mnt/c/Users/Stephen Berg/Dropbox/myWebsite$ git push origin m[0K[83G[?25h[84G[?25lberg@DESKTOP-9FGA5E4:/mnt/c/Users/Stephen Berg/Dropbox/myWebsite$ git push origin ma[0K[84G[?25h[85G[?25lberg@DESKTOP-9FGA5E4:/mnt/c/Users/Stephen Berg/Dropbox/myWebsite$ git push origin mas[0K[?25ht[0Ke[0K[?25lr[0K[88G[?25h[89G[?25l
[0K[?25hUsername for 'https://github.com':[0K[36G[?25lUsername for 'https://github.com': s[0K[?25ht[0Ke[0Kp[0Kh[0Ke[0Kn[0Kb[0Ke[0Kr[0Kg[0K[?25l
Password for 'https://stephenberg@github.com':[0K[48G[?25h[?25l
[0K[?25hCounting objects: 20, done.[0K[?25l
Delta compression using up to 8 threads.[0K
Compressing objects: 100% (12/12), done.[0K
Writing objects:  21% (3/14)[0K[1G[?25hWriting objects: 100% (14/14), 3.08 KiB | 0 bytes/s, done.[0K[?25l
Total 14 (delta 7), reused 0 (delta 0)[0K
[0K[?25hremote: Resolving deltas: 100% (7/7), completed with 4 local objects.[0K[?25l
[0K[?25hTo https://github.com/stephenberg/stephenberg.github.io.git[0K[?25l
   10f8806..c537b0e  master -> master[0K
[?25lberg@DESKTOP-9FGA5E4:/mnt/c/Users/Stephen Berg/Dropbox/myWebsite$ g[0K[?25hi[0K[?25lt[0K[69G[?25h[70G[71G[?25lberg@DESKTOP-9FGA5E4:/mnt/c/Users/Stephen Berg/Dropbox/myWebsite$ git i[0K[?25hn[0Ki[0Kt[0K[?25l
[0K[?25hInitialized empty Git repository in /mnt/c/Users/Stephen Berg/Dropbox/myWebsite/.git/[0K[?25l
berg@DESKTOP-9FGA5E4:/mnt/c/Users/Stephen Berg/Dropbox/myWebsite$[0K[67G[?25h[?25lberg@DESKTOP-9FGA5E4:/mnt/c/Users/Stephen Berg/Dropbox/myWebsite$ g[0K[?25hi[0K[?25lt[0K[69G[?25h[70G[71G[?25lberg@DESKTOP-9FGA5E4:/mnt/c/Users/Stephen Berg/Dropbox/myWebsite$ git c[0K[?25ho[0Km[0K[?25lm[0K[74G[?25h[75G[?25lberg@DESKTOP-9FGA5E4:/mnt/c/Users/Stephen Berg/Dropbox/myWebsite$ git commi[0K[?25ht[0K[78G[?25lberg@DESKTOP-9FGA5E4:/mnt/c/Users/Stephen Berg/Dropbox/myWebsite$ git commit -[0K[78G[?25h[79G[?25lberg@DESKTOP-9FGA5E4:/mnt/c/Users/Stephen Berg/Dropbox/myWebsite$ git commit -m[0K[?25h[81G[?25lberg@DESKTOP-9FGA5E4:/mnt/c/Users/Stephen Berg/Dropbox/myWebsite$ git commit -m "[0K[?25hf[0Ki[0Kr[0Ks[0K[?25lt[0K[86G[?25h[87G[88G[?25lberg@DESKTOP-9FGA5E4:/mnt/c/Users/Stephen Berg/Dropbox/myWebsite$ git commit -m "first c[0K[?25ho[0Km[0Km[0Ki[0Kt[0K"[0K[?25l
[0K[?25hOn branch master[0K[?25l
[0K
Initial commit[0K
[0K
Untracked files:[0K
        [0;31m.Rhistory[0m[0K
        [0;31m.Rproj.user/[0m[0K
        [0;31mconfig.toml[0m[0K
        [0;31mcontent/[0m[0K
        [0;31mindex.Rmd[0m[0K
        [0;31mmyWebsite.Rproj[0m[0K
        [0;31mpublic/[0m[0K
        [0;31mresources/[0m[0K
        [0;31mstatic/[0m[0K
        [0;31mthemes/[0m[0K
[0K
nothing added to commit but untracked files present[0K
berg@DESKTOP-9FGA5E4:/mnt/c/Users/Stephen Berg/Dropbox/myWebsite$[0K[67G[?25h[?25lberg@DESKTOP-9FGA5E4:/mnt/c/Users/Stephen Berg/Dropbox/myWebsite$ g[0K[?25hi[0K[?25lt[0K[69G[?25h[70G[71G[?25lberg@DESKTOP-9FGA5E4:/mnt/c/Users/Stephen Berg/Dropbox/myWebsite$ git a[0K[?25hd[0Kd[0K[75G[?25lberg@DESKTOP-9FGA5E4:/mnt/c/Users/Stephen Berg/Dropbox/myWebsite$ git add .[0K[?25h