[0m[0Kberg@DESKTOP-9FGA5E4:/mnt/c/Users/Stephen Berg/Dropbox/myWebsite$[0K[67G[?25lberg@DESKTOP-9FGA5E4:/mnt/c/Users/Stephen Berg/Dropbox/myWebsite$ g[0K[?25hi[0Kt[0K[?25lberg@DESKTOP-9FGA5E4:/mnt/c/Users/Stephen Berg/Dropbox/myWebsite$ git p[0K[71G[?25h[72G[?25lberg@DESKTOP-9FGA5E4:/mnt/c/Users/Stephen Berg/Dropbox/myWebsite$ git pu[0K[?25hl[0K[?25l
[0K[?25hremote: Enumerating objects: 3, done.[0K[?25l
remote: Counting objects: 100% (3/3), done.[0K
remote: Compressing objects: 100% (1/1), done.[0K
remote: Total 2 (delta 1), reused 1 (delta 1), pack-reused 0[0K
Unpacking objects: 100% (2/2), done.[0K
[0K[?25hFrom https://github.com/stephenberg/stephenberg.github.io[0K[?25l
   c537b0e..a6b9ef5  master     -> origin/master[0K
[0K[?25hThere is no tracking information for the current branch.[0K[?25l
Please specify which branch you want to merge with.[0K
See git-pull(1) for details[0K
[0K
    git pull <remote> <branch>[0K
[0K
If you wish to set tracking information for this branch you can do so with:[0K
[0K
    git branch --set-upstream-to=origin/<branch> master[0K
[0K
berg@DESKTOP-9FGA5E4:/mnt/c/Users/Stephen Berg/Dropbox/myWebsite$[0K[67G[?25h[?25lberg@DESKTOP-9FGA5E4:/mnt/c/Users/Stephen Berg/Dropbox/myWebsite$ g[0K[?25hi[0Kt[0K[71G[?25lberg@DESKTOP-9FGA5E4:/mnt/c/Users/Stephen Berg/Dropbox/myWebsite$ git p[0K[?25hu[0Kl[0Kl[0K[?25lberg@DESKTOP-9FGA5E4:/mnt/c/Users/Stephen Berg/Dropbox/myWebsite$ git pull o[0K[?25hr[0K[?25li[0K[78G[?25h[?25lberg@DESKTOP-9FGA5E4:/mnt/c/Users/Stephen Berg/Dropbox/myWebsite$ git pull orig[0K[79G[?25h[80G[?25lberg@DESKTOP-9FGA5E4:/mnt/c/Users/Stephen Berg/Dropbox/myWebsite$ git pull origi[0K[?25hn[0K[83G[?25lberg@DESKTOP-9FGA5E4:/mnt/c/Users/Stephen Berg/Dropbox/myWebsite$ git pull origin m[0K[83G[?25h[84G[?25lberg@DESKTOP-9FGA5E4:/mnt/c/Users/Stephen Berg/Dropbox/myWebsite$ git pull origin ma[0K[?25hs[0Kt[0Kr[0K[?25l
[0K[?25hFrom https://github.com/stephenberg/stephenberg.github.io[0K[?25l
 * branch            master     -> FETCH_HEAD[0K
[0K[?25hUpdating c537b0e..a6b9ef5[0K[?25l
[0K[?25hFast-forward[0K[?25l
[0K[?25h _config.yml | 1 [0;31m-[0m[0K[?25l
 1 file changed, 1 deletion(-)[0K
 delete mode 100644 _config.yml[0K
berg@DESKTOP-9FGA5E4:/mnt/c/Users/Stephen Berg/Dropbox/myWebsite$[0K[67G[?25h[?25lberg@DESKTOP-9FGA5E4:/mnt/c/Users/Stephen Berg/Dropbox/myWebsite$ g[0K[67G[?25h[68G[?25lberg@DESKTOP-9FGA5E4:/mnt/c/Users/Stephen Berg/Dropbox/myWebsite$ gi[0K[?25ht[0K[71G[?25lberg@DESKTOP-9FGA5E4:/mnt/c/Users/Stephen Berg/Dropbox/myWebsite$ git a[0K[?25hd[0K[74G[?25lberg@DESKTOP-9FGA5E4:/mnt/c/Users/Stephen Berg/Dropbox/myWebsite$ git add.[0K[?25h[?25lberg@DESKTOP-9FGA5E4:/mnt/c/Users/Stephen Berg/Dropbox/myWebsite$ git add[0K[?25h[75G[?25lberg@DESKTOP-9FGA5E4:/mnt/c/Users/Stephen Berg/Dropbox/myWebsite$ git add p[0K[?25hublic/[0K.[0K[?25l
[0K[?25hberg@DESKTOP-9FGA5E4:/mnt/c/Users/Stephen Berg/Dropbox/myWebsite$[0K[67G[?25lberg@DESKTOP-9FGA5E4:/mnt/c/Users/Stephen Berg/Dropbox/myWebsite$ g[0K[?25hi[0K[?25lt[0K[69G[?25h[70G[71G[?25lberg@DESKTOP-9FGA5E4:/mnt/c/Users/Stephen Berg/Dropbox/myWebsite$ git c[0K[?25ho[0Km[0Km[0Ki[0K[78G[?25lberg@DESKTOP-9FGA5E4:/mnt/c/Users/Stephen Berg/Dropbox/myWebsite$ git commit -[0K[78G[?25h[79G[?25lberg@DESKTOP-9FGA5E4:/mnt/c/Users/Stephen Berg/Dropbox/myWebsite$ git commit -m[0K[?25h[81G[?25lberg@DESKTOP-9FGA5E4:/mnt/c/Users/Stephen Berg/Dropbox/myWebsite$ git commit -m "[0K[?25h[?25lp[0K[82G[?25h[83G[?25lberg@DESKTOP-9FGA5E4:/mnt/c/Users/Stephen Berg/Dropbox/myWebsite$ git commit -m "pu[0K[?25hb[0Kl[0Ki[0Kc[0K[89G[?25lberg@DESKTOP-9FGA5E4:/mnt/c/Users/Stephen Berg/Dropbox/myWebsite$ git commit -m "public b[0K[?25hr[0Ka[0Kn[0Kc[0Kh[0K[96G[?25lberg@DESKTOP-9FGA5E4:/mnt/c/Users/Stephen Berg/Dropbox/myWebsite$ git commit -m "public branch o[0K[?25h[?25ln[0K[97G[?25h[98G[?25lberg@DESKTOP-9FGA5E4:/mnt/c/Users/Stephen Berg/Dropbox/myWebsite$ git commit -m "public branch onl[0K[?25h[?25ly[0K[99G[?25h[100G[?25lberg@DESKTOP-9FGA5E4:/mnt/c/Users/Stephen Berg/Dropbox/myWebsite$ git commit -m "public branch only"[0K[?25h[100G[99G[98G[97G[96G[95G[94G[93G[92G[91G[90G[87G[86G[85G[84G[82G[81G[82G[?25lberg@DESKTOP-9FGA5E4:/mnt/c/Users/Stephen Berg/Dropbox/myWebsite$ git commit -m "cpublic branch only"[0K[83G[?25h[?25lberg@DESKTOP-9FGA5E4:/mnt/c/Users/Stephen Berg/Dropbox/myWebsite$ git commit -m "copublic branch only"[0K[84G[?25h[?25lberg@DESKTOP-9FGA5E4:/mnt/c/Users/Stephen Berg/Dropbox/myWebsite$ git commit -m "compublic branch only"[0K[85G[?25h[?25lberg@DESKTOP-9FGA5E4:/mnt/c/Users/Stephen Berg/Dropbox/myWebsite$ git commit -m "commpublic branch only"[0K[86G[?25h[?25lberg@DESKTOP-9FGA5E4:/mnt/c/Users/Stephen Berg/Dropbox/myWebsite$ git commit -m "commipublic branch only"[0K[87G[?25h[?25lberg@DESKTOP-9FGA5E4:/mnt/c/Users/Stephen Berg/Dropbox/myWebsite$ git commit -m "commitpublic branch only"[0K[88G[?25h[?25lberg@DESKTOP-9FGA5E4:/mnt/c/Users/Stephen Berg/Dropbox/myWebsite$ git commit -m "commit public branch only"[0K[89G[?25h[90G[91G[92G[95G[96G[97G[98G[99G[100G[101G[102G[103G[?25lberg@DESKTOP-9FGA5E4:/mnt/c/Users/Stephen Berg/Dropbox/myWebsite$ git commit -m "commit public branchonly"[0K[102G[?25h[?25lberg@DESKTOP-9FGA5E4:/mnt/c/Users/Stephen Berg/Dropbox/myWebsite$ git commit -m "commit public branconly"[0K[101G[?25h[?25lberg@DESKTOP-9FGA5E4:/mnt/c/Users/Stephen Berg/Dropbox/myWebsite$ git commit -m "commit public branonly"[0K[100G[?25h[?25lberg@DESKTOP-9FGA5E4:/mnt/c/Users/Stephen Berg/Dropbox/myWebsite$ git commit -m "commit public braonly"[0K[99G[?25h[?25lberg@DESKTOP-9FGA5E4:/mnt/c/Users/Stephen Berg/Dropbox/myWebsite$ git commit -m "commit public bonly"[0K[97G[?25h[?25lberg@DESKTOP-9FGA5E4:/mnt/c/Users/Stephen Berg/Dropbox/myWebsite$ git commit -m "commit public only"[0K[96G[?25h[?25l
[0K[?25hOn branch master[0K[?25l
Changes not staged for commit:[0K
        [0;31mmodified:   config.toml[0m[0K
[0K
no changes added to commit[0K
berg@DESKTOP-9FGA5E4:/mnt/c/Users/Stephen Berg/Dropbox/myWebsite$[0K[67G[?25h[?25lberg@DESKTOP-9FGA5E4:/mnt/c/Users/Stephen Berg/Dropbox/myWebsite$ b[0K[?25ht[0K[71G[?25lberg@DESKTOP-9FGA5E4:/mnt/c/Users/Stephen Berg/Dropbox/myWebsite$ bit p[0K[?25h[?25lberg@DESKTOP-9FGA5E4:/mnt/c/Users/Stephen Berg/Dropbox/myWebsite$ bit p[0K[?25h[?25lberg@DESKTOP-9FGA5E4:/mnt/c/Users/Stephen Berg/Dropbox/myWebsite$ bit[0K[71G[?25h[70G[?25lberg@DESKTOP-9FGA5E4:/mnt/c/Users/Stephen Berg/Dropbox/myWebsite$ bi[0K[?25h[?25lberg@DESKTOP-9FGA5E4:/mnt/c/Users/Stephen Berg/Dropbox/myWebsite$ b[0K[?25h[?25lberg@DESKTOP-9FGA5E4:/mnt/c/Users/Stephen Berg/Dropbox/myWebsite$[0K[67G[?25h[?25lberg@DESKTOP-9FGA5E4:/mnt/c/Users/Stephen Berg/Dropbox/myWebsite$ g[0K[?25hi[0Kt[0K[71G[?25lberg@DESKTOP-9FGA5E4:/mnt/c/Users/Stephen Berg/Dropbox/myWebsite$ git p[0K[?25hu[0Kh[0K[76G[?25lberg@DESKTOP-9FGA5E4:/mnt/c/Users/Stephen Berg/Dropbox/myWebsite$ git push o[0K[?25hr[0Ki[0Kg[0Ki[0Kn[0K[83G[?25lberg@DESKTOP-9FGA5E4:/mnt/c/Users/Stephen Berg/Dropbox/myWebsite$ git push origin m[0K[?25ha[0Ks[0Kt[0Kr[0K[?25l
[0K[?25hUsername for 'https://github.com':[0K[36G[?25lUsername for 'https://github.com': s[0K[?25ht[0Ke[0Kp[0Kh[0Ke[0Kn[0Kb[0Ke[0Kg[0K[?25l
Password for 'https://stephenberg@github.com':[0K[48G[?25h[?25l
[0K[?25hEverything up-to-date[0K[?25l
berg@DESKTOP-9FGA5E4:/mnt/c/Users/Stephen Berg/Dropbox/myWebsite$[0K[67G[?25h[?25lberg@DESKTOP-9FGA5E4:/mnt/c/Users/Stephen Berg/Dropbox/myWebsite$ git push origin master[0K[67G[?25h[89G[?25lberg@DESKTOP-9FGA5E4:/mnt/c/Users/Stephen Berg/Dropbox/myWebsite$ git commit -m "commit public only"[0K[?25h[?25lberg@DESKTOP-9FGA5E4:/mnt/c/Users/Stephen Berg/Dropbox/myWebsite$ git push origin master[0K[?25h[?25lberg@DESKTOP-9FGA5E4:/mnt/c/Users/Stephen Berg/Dropbox/myWebsite$ git push origin maste[0K[?25h[?25lberg@DESKTOP-9FGA5E4:/mnt/c/Users/Stephen Berg/Dropbox/myWebsite$ git push origin mast[0K[?25h[?25lberg@DESKTOP-9FGA5E4:/mnt/c/Users/Stephen Berg/Dropbox/myWebsite$ git push origin mas[0K[?25h[?25lberg@DESKTOP-9FGA5E4:/mnt/c/Users/Stephen Berg/Dropbox/myWebsite$ git push origin ma[0K[?25h[?25lberg@DESKTOP-9FGA5E4:/mnt/c/Users/Stephen Berg/Dropbox/myWebsite$ git push origin m[0K[?25h[?25lberg@DESKTOP-9FGA5E4:/mnt/c/Users/Stephen Berg/Dropbox/myWebsite$ git push origin[0K[83G[?25h[?25lberg@DESKTOP-9FGA5E4:/mnt/c/Users/Stephen Berg/Dropbox/myWebsite$ git push origi[0K[?25h[?25lberg@DESKTOP-9FGA5E4:/mnt/c/Users/Stephen Berg/Dropbox/myWebsite$ git push orig[0K[?25h[?25lberg@DESKTOP-9FGA5E4:/mnt/c/Users/Stephen Berg/Dropbox/myWebsite$ git push ori[0K[?25h[?25lberg@DESKTOP-9FGA5E4:/mnt/c/Users/Stephen Berg/Dropbox/myWebsite$ git push or[0K[?25h[?25lberg@DESKTOP-9FGA5E4:/mnt/c/Users/Stephen Berg/Dropbox/myWebsite$ git push o[0K[?25h[?25lberg@DESKTOP-9FGA5E4:/mnt/c/Users/Stephen Berg/Dropbox/myWebsite$ git pu[0K[?25h[?25lberg@DESKTOP-9FGA5E4:/mnt/c/Users/Stephen Berg/Dropbox/myWebsite$ git p[0K[?25h[?25lberg@DESKTOP-9FGA5E4:/mnt/c/Users/Stephen Berg/Dropbox/myWebsite$ git[0K[71G[?25h[?25lberg@DESKTOP-9FGA5E4:/mnt/c/Users/Stephen Berg/Dropbox/myWebsite$ git a[0K[?25hd[0Kd[0K[75G[?25lberg@DESKTOP-9FGA5E4:/mnt/c/Users/Stephen Berg/Dropbox/myWebsite$ git add p[0K[?25hu[0Kb[0Kl[0Ki[0Kc[0K[82G[81G[?25lberg@DESKTOP-9FGA5E4:/mnt/c/Users/Stephen Berg/Dropbox/myWebsite$ git add public/[0K[?25h-[0K-[0K[?25lberg@DESKTOP-9FGA5E4:/mnt/c/Users/Stephen Berg/Dropbox/myWebsite$ git add public/--al[0K[?25hl[0K[?25l
fatal: pathspec 'public/--all' did not match any files[0K
berg@DESKTOP-9FGA5E4:/mnt/c/Users/Stephen Berg/Dropbox/myWebsite$[0K[67G[?25h[?25lberg@DESKTOP-9FGA5E4:/mnt/c/Users/Stephen Berg/Dropbox/myWebsite$ git add public/--all[0K[?25h[?25lberg@DESKTOP-9FGA5E4:/mnt/c/Users/Stephen Berg/Dropbox/myWebsite$ git add public/--al[0K[?25h[?25lberg@DESKTOP-9FGA5E4:/mnt/c/Users/Stephen Berg/Dropbox/myWebsite$ git add public/--a[0K[?25h[?25lberg@DESKTOP-9FGA5E4:/mnt/c/Users/Stephen Berg/Dropbox/myWebsite$ git add public/--[0K[?25h[?25lberg@DESKTOP-9FGA5E4:/mnt/c/Users/Stephen Berg/Dropbox/myWebsite$ git add public/-[0K[?25h[?25lberg@DESKTOP-9FGA5E4:/mnt/c/Users/Stephen Berg/Dropbox/myWebsite$ git add public/[0K[?25h*[0K[?25l
berg@DESKTOP-9FGA5E4:/mnt/c/Users/Stephen Berg/Dropbox/myWebsite$[0K[67G[?25h[?25lberg@DESKTOP-9FGA5E4:/mnt/c/Users/Stephen Berg/Dropbox/myWebsite$ g[0K[?25hi[0Kt[0K[71G[?25lberg@DESKTOP-9FGA5E4:/mnt/c/Users/Stephen Berg/Dropbox/myWebsite$ git c[0K[71G[?25h[72G[?25lberg@DESKTOP-9FGA5E4:/mnt/c/Users/Stephen Berg/Dropbox/myWebsite$ git co[0K[72G[?25hm[0Ki[0Kt[0K[78G[?25lm[0K[79G[?25h[80G[81G[?25lberg@DESKTOP-9FGA5E4:/mnt/c/Users/Stephen Berg/Dropbox/myWebsite$ git commit -m "[0K[?25hc[0Ko[0Km[0Km[0Ki[0Kt[0K[89G[?25lberg@DESKTOP-9FGA5E4:/mnt/c/Users/Stephen Berg/Dropbox/myWebsite$ git commit -m "commit p[0K[?25hu[0Kb[0Kl[0Ki[0Kc[0K[96G[?25lberg@DESKTOP-9FGA5E4:/mnt/c/Users/Stephen Berg/Dropbox/myWebsite$ git commit -m "commit public o[0K[?25hn[0K[99G[?25lberg@DESKTOP-9FGA5E4:/mnt/c/Users/Stephen Berg/Dropbox/myWebsite$ git commit -m "commit public only[0K[?25h[?25l
[0K[?25hOn branch master[0K[?25l
Changes not staged for commit:[0K
        [0;31mmodified:   config.toml[0m[0K
[0K
no changes added to commit[0K
berg@DESKTOP-9FGA5E4:/mnt/c/Users/Stephen Berg/Dropbox/myWebsite$[0K[67G[?25h[?25lberg@DESKTOP-9FGA5E4:/mnt/c/Users/Stephen Berg/Dropbox/myWebsite$ git commit -m "commit public only"[0K[?25h[?25lberg@DESKTOP-9FGA5E4:/mnt/c/Users/Stephen Berg/Dropbox/myWebsite$ git add public/*[0K[?25h[?25lberg@DESKTOP-9FGA5E4:/mnt/c/Users/Stephen Berg/Dropbox/myWebsite$ git add public/--all[0K[83G[?25h[87G[?25lberg@DESKTOP-9FGA5E4:/mnt/c/Users/Stephen Berg/Dropbox/myWebsite$ git push origin master[0K[87G[?25h[89G[?25lberg@DESKTOP-9FGA5E4:/mnt/c/Users/Stephen Berg/Dropbox/myWebsite$ git commit -m "commit public only"[0K[?25h[?25lberg@DESKTOP-9FGA5E4:/mnt/c/Users/Stephen Berg/Dropbox/myWebsite$ git push origin master[0K[?25h[?25l
[0K[?25hUsername for 'https://github.com':[0K[36G[?25lUsername for 'https://github.com': s[0K[?25ht[0Ke[0Kp[0K[?25lh[0K[40G[?25h[41Gn[0Kb[0Ke[0K[?25lr[0K[45G[?25h[?25lUsername for 'https://github.com': stephenberg[0K[?25h[?25l
Password for 'https://stephenberg@github.com':[0K[48G[?25h[?25l
[0K[?25hremote: Invalid username or password.[0K[?25l
fatal: Authentication failed for 'https://github.com/stephenberg/stephenberg.github.io.git/'[0K
berg@DESKTOP-9FGA5E4:/mnt/c/Users/Stephen Berg/Dropbox/myWebsite$[0K[67G[?25h[?25lberg@DESKTOP-9FGA5E4:/mnt/c/Users/Stephen Berg/Dropbox/myWebsite$ Q[0K[?25h[?25lberg@DESKTOP-9FGA5E4:/mnt/c/Users/Stephen Berg/Dropbox/myWebsite$[0K[67G[?25h[?25lberg@DESKTOP-9FGA5E4:/mnt/c/Users/Stephen Berg/Dropbox/myWebsite$ git push origin master[0K[?25h[?25l
[0K[?25hUsername for 'https://github.com':[0K[36G[?25lUsername for 'https://github.com': s[0K[?25ht[0Ke[0Kp[0Kh[0Ke[0Kn[0Kb[0Kr[0Kg[0K[?25l
Password for 'https://stephenberg@github.com':[0K[48G[?25h[?25l
[0K[?25hEverything up-to-date[0K[?25l
berg@DESKTOP-9FGA5E4:/mnt/c/Users/Stephen Berg/Dropbox/myWebsite$[0K[67G[?25h[?25lberg@DESKTOP-9FGA5E4:/mnt/c/Users/Stephen Berg/Dropbox/myWebsite$ b[0K[?25hi[0Kt[0K[71G[?25lberg@DESKTOP-9FGA5E4:/mnt/c/Users/Stephen Berg/Dropbox/myWebsite$ bit p[0K[?25h[?25lu[0K[72G[?25h[73G[?25lberg@DESKTOP-9FGA5E4:/mnt/c/Users/Stephen Berg/Dropbox/myWebsite$ bit p[0K[?25h[?25lberg@DESKTOP-9FGA5E4:/mnt/c/Users/Stephen Berg/Dropbox/myWebsite$ bit[0K[71G[?25h[?25lberg@DESKTOP-9FGA5E4:/mnt/c/Users/Stephen Berg/Dropbox/myWebsite$ bit a[0K[?25hd[0K[?25lberg@DESKTOP-9FGA5E4:/mnt/c/Users/Stephen Berg/Dropbox/myWebsite$ bit a[0K[?25h[?25lberg@DESKTOP-9FGA5E4:/mnt/c/Users/Stephen Berg/Dropbox/myWebsite$ bit[0K[71G[?25h[70G[?25lberg@DESKTOP-9FGA5E4:/mnt/c/Users/Stephen Berg/Dropbox/myWebsite$ bi[0K[?25h[?25lberg@DESKTOP-9FGA5E4:/mnt/c/Users/Stephen Berg/Dropbox/myWebsite$ b[0K[?25h[?25lberg@DESKTOP-9FGA5E4:/mnt/c/Users/Stephen Berg/Dropbox/myWebsite$[0K[67G[?25h[?25lberg@DESKTOP-9FGA5E4:/mnt/c/Users/Stephen Berg/Dropbox/myWebsite$ g[0K[?25hi[0Kt[0K[71G[?25lberg@DESKTOP-9FGA5E4:/mnt/c/Users/Stephen Berg/Dropbox/myWebsite$ git a[0K[?25hd[0Kd[0K[?25lberg@DESKTOP-9FGA5E4:/mnt/c/Users/Stephen Berg/Dropbox/myWebsite$ git add p[0K[?25hu[0Kb[0Kl[0Kc[0K/[0K.[0K[84G[?25lberg@DESKTOP-9FGA5E4:/mnt/c/Users/Stephen Berg/Dropbox/myWebsite$ git add public/. -[0K[?25h-[0Ka[0Kl[0Kl[0K[?25l
[0K[?25hberg@DESKTOP-9FGA5E4:/mnt/c/Users/Stephen Berg/Dropbox/myWebsite$[0K[67G[?25lberg@DESKTOP-9FGA5E4:/mnt/c/Users/Stephen Berg/Dropbox/myWebsite$ g[0K[?25hi[0Kt[0K[71G[?25lberg@DESKTOP-9FGA5E4:/mnt/c/Users/Stephen Berg/Dropbox/myWebsite$ git c[0K[?25h[?25lo[0K[72G[?25h[73G[?25lberg@DESKTOP-9FGA5E4:/mnt/c/Users/Stephen Berg/Dropbox/myWebsite$ git com[0K[?25hm[0Kt[0K[78G[?25lberg@DESKTOP-9FGA5E4:/mnt/c/Users/Stephen Berg/Dropbox/myWebsite$ git commit -[0K[?25hm[0K[81G[?25lberg@DESKTOP-9FGA5E4:/mnt/c/Users/Stephen Berg/Dropbox/myWebsite$ git commit -m "[0K[?25h[?25lc[0K[82G[?25h[83G[?25lberg@DESKTOP-9FGA5E4:/mnt/c/Users/Stephen Berg/Dropbox/myWebsite$ git commit -m "co[0K[?25h[?25lm[0K[84G[?25h[85G[?25lberg@DESKTOP-9FGA5E4:/mnt/c/Users/Stephen Berg/Dropbox/myWebsite$ git commit -m "comm[0K[?25hi[0Kt[0K[89G[?25lberg@DESKTOP-9FGA5E4:/mnt/c/Users/Stephen Berg/Dropbox/myWebsite$ git commit -m "commit p[0K[?25hu[0Kb[0Kl[0Ki[0K[?25lberg@DESKTOP-9FGA5E4:/mnt/c/Users/Stephen Berg/Dropbox/myWebsite$ git commit -m "commit publ[0K[?25h[?25lberg@DESKTOP-9FGA5E4:/mnt/c/Users/Stephen Berg/Dropbox/myWebsite$ git commit -m "commit pu[0K[?25hb[0K[93G[?25lberg@DESKTOP-9FGA5E4:/mnt/c/Users/Stephen Berg/Dropbox/myWebsite$ git commit -m "commit publi[0K[?25h[?25lc[0K[94G[?25h[95G[96G[?25lberg@DESKTOP-9FGA5E4:/mnt/c/Users/Stephen Berg/Dropbox/myWebsite$ git commit -m "commit public o[0K[?25hn[0Kl[0K[?25ly[0K[99G[?25h[100G[?25lberg@DESKTOP-9FGA5E4:/mnt/c/Users/Stephen Berg/Dropbox/myWebsite$ git commit -m "commit public only"[0K[?25h[?25l
[0K[?25hOn branch master[0K[?25l
[0K[?25hChanges not staged for commit:[0K[?25l
        [0;31mmodified:   config.toml[0m[0K
[0K
no changes added to commit[0K
berg@DESKTOP-9FGA5E4:/mnt/c/Users/Stephen Berg/Dropbox/myWebsite$[0K[67G[?25h[?25lberg@DESKTOP-9FGA5E4:/mnt/c/Users/Stephen Berg/Dropbox/myWebsite$ g[0K[?25hi[0Kt[0K[71G[?25lberg@DESKTOP-9FGA5E4:/mnt/c/Users/Stephen Berg/Dropbox/myWebsite$ git p[0K[?25hu[0Ks[0Kh[0K[76G[?25lberg@DESKTOP-9FGA5E4:/mnt/c/Users/Stephen Berg/Dropbox/myWebsite$ git push o[0K[?25h[?25lr[0K[77G[?25h[78G[?25lberg@DESKTOP-9FGA5E4:/mnt/c/Users/Stephen Berg/Dropbox/myWebsite$ git push ori[0K[?25hg[0Ki[0Kn[0K[83G[?25lberg@DESKTOP-9FGA5E4:/mnt/c/Users/Stephen Berg/Dropbox/myWebsite$ git push origin m[0K[?25ha[0Kt[0K[?25le[0K[87G[?25h[88G[?25lberg@DESKTOP-9FGA5E4:/mnt/c/Users/Stephen Berg/Dropbox/myWebsite$ git push origin master[0K[?25h[?25l
[0K[?25hUsername for 'https://github.com':[0K[36G[?25lUsername for 'https://github.com': s[0K[?25ht[0Ke[0Kp[0Kh[0Ke[0Kb[0Ke[0Kr[0Kg[0K[?25l
Password for 'https://stephenberg@github.com':[0K[48G[?25h[?25l
[0K[?25hEverything up-to-date[0K[?25l
berg@DESKTOP-9FGA5E4:/mnt/c/Users/Stephen Berg/Dropbox/myWebsite$[0K[67G[?25h[?25lberg@DESKTOP-9FGA5E4:/mnt/c/Users/Stephen Berg/Dropbox/myWebsite$ g[0K[?25hi[0Kt[0K[71G[?25lberg@DESKTOP-9FGA5E4:/mnt/c/Users/Stephen Berg/Dropbox/myWebsite$ git p[0K[?25hu[0Ks[0Kh[0K[76G[?25lberg@DESKTOP-9FGA5E4:/mnt/c/Users/Stephen Berg/Dropbox/myWebsite$ git push o[0K[?25hr[0Ki[0K[?25lg[0K[79G[?25h[80G[?25lberg@DESKTOP-9FGA5E4:/mnt/c/Users/Stephen Berg/Dropbox/myWebsite$ git push origi[0K[?25hn[0K[83G[?25lberg@DESKTOP-9FGA5E4:/mnt/c/Users/Stephen Berg/Dropbox/myWebsite$ git push origin -[0K[83G[?25h[84G[?25lberg@DESKTOP-9FGA5E4:/mnt/c/Users/Stephen Berg/Dropbox/myWebsite$ git push origin --[0K[?25h[?25ld[0K[85G[?25h[86G[?25lberg@DESKTOP-9FGA5E4:/mnt/c/Users/Stephen Berg/Dropbox/myWebsite$ git push origin --de[0K[?25hl[0Ke[0Kt[0Ke[0K[92G[?25lberg@DESKTOP-9FGA5E4:/mnt/c/Users/Stephen Berg/Dropbox/myWebsite$ git push origin --delete m[0K[?25h[?25la[0K[93G[?25h[94G[?25lberg@DESKTOP-9FGA5E4:/mnt/c/Users/Stephen Berg/Dropbox/myWebsite$ git push origin --delete mas[0K[?25ht[0Ke[0Kr[0K[?25l
[0K[?25hUsername for 'https://github.com':[0K[36G[?25lUsername for 'https://github.com': s[0K[?25ht[0Ke[0Kp[0Kh[0Ke[0Kn[0Kr[0Kg[0K[?25l
Password for 'https://stephenberg@github.com':[0K[48G[?25h[?25l
[0K[?25hTo https://github.com/stephenberg/stephenberg.github.io.git[0K[?25l
 ! [remote rejected] master (refusing to delete the current branch: refs/heads/master)[0K
error: failed to push some refs to 'https://github.com/stephenberg/stephenberg.github.io.git'[0K
berg@DESKTOP-9FGA5E4:/mnt/c/Users/Stephen Berg/Dropbox/myWebsite$[0K[67G[?25h[?25lberg@DESKTOP-9FGA5E4:/mnt/c/Users/Stephen Berg/Dropbox/myWebsite$ git push origin --delete master[0K[?25h[99G[?25lberg@DESKTOP-9FGA5E4:/mnt/c/Users/Stephen Berg/Dropbox/myWebsite$ git push origin --delete master -[0K[?25hf[0K[?25l
[0K[?25hUsername for 'https://github.com':[0K[36G[?25lUsername for 'https://github.com': s[0K[?25ht[0Ke[0Kp[0Kh[0K[?25le[0K[41G[?25h[?25lUsername for 'https://github.com': stephen[0K[42G[?25h[43G[?25lUsername for 'https://github.com': stephenb[0K[?25he[0Kr[0Kg[0K[?25l
[0K[?25hTo https://github.com/stephenberg/stephenberg.github.io.git[0K[?25l
 ! [remote rejected] master (refusing to delete the current branch: refs/heads/master)[0K
error: failed to push some refs to 'https://github.com/stephenberg/stephenberg.github.io.git'[0K
berg@DESKTOP-9FGA5E4:/mnt/c/Users/Stephen Berg/Dropbox/myWebsite$[0K[67G[?25h[?25lberg@DESKTOP-9FGA5E4:/mnt/c/Users/Stephen Berg/Dropbox/myWebsite$ g[0K[?25hi[0Kt[0K[71G[?25lberg@DESKTOP-9FGA5E4:/mnt/c/Users/Stephen Berg/Dropbox/myWebsite$ git a[0K[?25hd[0K[?25ld[0K[73G[?25h[74G[75G[?25lberg@DESKTOP-9FGA5E4:/mnt/c/Users/Stephen Berg/Dropbox/myWebsite$ git add .[0K[?25h[?25l
[0K[?25hberg@DESKTOP-9FGA5E4:/mnt/c/Users/Stephen Berg/Dropbox/myWebsite$[0K[67G[?25lberg@DESKTOP-9FGA5E4:/mnt/c/Users/Stephen Berg/Dropbox/myWebsite$ g[0K[?25ht[0K[71G[?25lberg@DESKTOP-9FGA5E4:/mnt/c/Users/Stephen Berg/Dropbox/myWebsite$ git c[0K[?25ho[0K[?25lm[0K[73G[?25h[74G[?25lberg@DESKTOP-9FGA5E4:/mnt/c/Users/Stephen Berg/Dropbox/myWebsite$ git comm[0K[?25hi[0Kt[0K[78G[?25lberg@DESKTOP-9FGA5E4:/mnt/c/Users/Stephen Berg/Dropbox/myWebsite$ git commit -[0K[?25hm[0K[81G[?25lberg@DESKTOP-9FGA5E4:/mnt/c/Users/Stephen Berg/Dropbox/myWebsite$ git commit -m "[0K[?25hp[0Ku[0Ks[0K[?25lh[0K[85G[?25h[86G[87G[?25lberg@DESKTOP-9FGA5E4:/mnt/c/Users/Stephen Berg/Dropbox/myWebsite$ git commit -m "push a[0K[?25hl[0Kl[0K"[0K[?25l
[0K[?25h[master 1150973] push all[0K[?25l
 1 file changed, 3 insertions(+), 1 deletion(-)[0K
berg@DESKTOP-9FGA5E4:/mnt/c/Users/Stephen Berg/Dropbox/myWebsite$[0K[67G[?25h[?25lberg@DESKTOP-9FGA5E4:/mnt/c/Users/Stephen Berg/Dropbox/myWebsite$ g[0K[?25h[69G[?25lberg@DESKTOP-9FGA5E4:/mnt/c/Users/Stephen Berg/Dropbox/myWebsite$ git[0K[?25h[71G[?25lberg@DESKTOP-9FGA5E4:/mnt/c/Users/Stephen Berg/Dropbox/myWebsite$ git p[0K[?25h[?25lu[0K[72G[?25h[?25lberg@DESKTOP-9FGA5E4:/mnt/c/Users/Stephen Berg/Dropbox/myWebsite$ git pus[0K[?25hh[0K[76G[?25lberg@DESKTOP-9FGA5E4:/mnt/c/Users/Stephen Berg/Dropbox/myWebsite$ git push r[0K[?25he[0Km[0Ko[0Kt[0Ke[0K[83Gr[0K[?25li[0K[85G[?25h[86G[?25lberg@DESKTOP-9FGA5E4:/mnt/c/Users/Stephen Berg/Dropbox/myWebsite$ git push remote orig[0K[86G[?25h[87G[?25lberg@DESKTOP-9FGA5E4:/mnt/c/Users/Stephen Berg/Dropbox/myWebsite$ git push remote origi[0K[?25hn[0K[?25l
[0K[?25hfatal: 'remote' does not appear to be a git repository[0K[?25l
fatal: Could not read from remote repository.[0K
[0K
Please make sure you have the correct access rights[0K
and the repository exists.[0K
berg@DESKTOP-9FGA5E4:/mnt/c/Users/Stephen Berg/Dropbox/myWebsite$[0K[67G[?25h[?25lberg@DESKTOP-9FGA5E4:/mnt/c/Users/Stephen Berg/Dropbox/myWebsite$ git push remote origin[0K[?25h[?25lberg@DESKTOP-9FGA5E4:/mnt/c/Users/Stephen Berg/Dropbox/myWebsite$ git push remote origi[0K[89G[?25h[88G[?25lberg@DESKTOP-9FGA5E4:/mnt/c/Users/Stephen Berg/Dropbox/myWebsite$ git push remote ori[0K[?25h[?25lberg@DESKTOP-9FGA5E4:/mnt/c/Users/Stephen Berg/Dropbox/myWebsite$ git push remote or[0K[?25h[?25lberg@DESKTOP-9FGA5E4:/mnt/c/Users/Stephen Berg/Dropbox/myWebsite$ git push remote[0K[83G[?25h[82G[?25lberg@DESKTOP-9FGA5E4:/mnt/c/Users/Stephen Berg/Dropbox/myWebsite$ git push remot[0K[?25h[?25lberg@DESKTOP-9FGA5E4:/mnt/c/Users/Stephen Berg/Dropbox/myWebsite$ git push remo[0K[?25h[?25lberg@DESKTOP-9FGA5E4:/mnt/c/Users/Stephen Berg/Dropbox/myWebsite$ git push rem[0K[?25h[?25lberg@DESKTOP-9FGA5E4:/mnt/c/Users/Stephen Berg/Dropbox/myWebsite$ git push re[0K[?25h[?25lberg@DESKTOP-9FGA5E4:/mnt/c/Users/Stephen Berg/Dropbox/myWebsite$ git push[0K[76G[?25h[?25lberg@DESKTOP-9FGA5E4:/mnt/c/Users/Stephen Berg/Dropbox/myWebsite$ git pus[0K[?25h[75G[74G[?25lberg@DESKTOP-9FGA5E4:/mnt/c/Users/Stephen Berg/Dropbox/myWebsite$ git push[0K[?25h[76G[?25lberg@DESKTOP-9FGA5E4:/mnt/c/Users/Stephen Berg/Dropbox/myWebsite$ git push o[0K[76G[?25h[77G[?25lberg@DESKTOP-9FGA5E4:/mnt/c/Users/Stephen Berg/Dropbox/myWebsite$ git push or[0K[?25hi[0Kg[0Ki[0Kn[0K[83G[?25lberg@DESKTOP-9FGA5E4:/mnt/c/Users/Stephen Berg/Dropbox/myWebsite$ git push origin m[0K[?25h[?25la[0K[84G[?25h[85G[?25lberg@DESKTOP-9FGA5E4:/mnt/c/Users/Stephen Berg/Dropbox/myWebsite$ git push origin mas[0K[?25h[?25lberg@DESKTOP-9FGA5E4:/mnt/c/Users/Stephen Berg/Dropbox/myWebsite$ git push origin maste[0K[?25hr[0K[?25l
[0K[?25hUsername for 'https://github.com':[0K[36G[?25lUsername for 'https://github.com': s[0K[?25ht[0Ke[0Kp[0Kh[0Ke[0Kn[0Kb[0K[45G[?25lUsername for 'https://github.com': stephenber[0K[?25hg[0K[?25l
Password for 'https://stephenberg@github.com':[0K[48G[?25h[?25l
[0K[?25hCounting objects: 5, done.[0K[?25l
Delta compression using up to 8 threads.[0K
Compressing objects: 100% (3/3), done.[0K
Writing objects: 100% (3/3), 337 bytes | 0 bytes/s, done.[0K
Total 3 (delta 2), reused 0 (delta 0)[0K
[0K[?25hremote: Resolving deltas: 100% (2/2), completed with 2 local objects.[0K[?25l
[0K[?25hTo https://github.com/stephenberg/stephenberg.github.io.git[0K[?25l
   a6b9ef5..1150973  master -> master[0K
[0K[?25hberg@DESKTOP-9FGA5E4:/mnt/c/Users/Stephen Berg/Dropbox/myWebsite$[0K[67G[?25lberg@DESKTOP-9FGA5E4:/mnt/c/Users/Stephen Berg/Dropbox/myWebsite$ git push origin master[0K[?25h[?25lberg@DESKTOP-9FGA5E4:/mnt/c/Users/Stephen Berg/Dropbox/myWebsite$ git push remote origin[0K[?25h[?25lberg@DESKTOP-9FGA5E4:/mnt/c/Users/Stephen Berg/Dropbox/myWebsite$ git commit -m "push all"[0K[?25h[?25lberg@DESKTOP-9FGA5E4:/mnt/c/Users/Stephen Berg/Dropbox/myWebsite$ git add .[0K[?25h[?25lberg@DESKTOP-9FGA5E4:/mnt/c/Users/Stephen Berg/Dropbox/myWebsite$ git push origin --delete master -f[0K[?25h[?25lberg@DESKTOP-9FGA5E4:/mnt/c/Users/Stephen Berg/Dropbox/myWebsite$ git push origin --delete master[0K[?25h -f[0K[?25lberg@DESKTOP-9FGA5E4:/mnt/c/Users/Stephen Berg/Dropbox/myWebsite$ git push origin --delete master -[0K[?25h-[0Kf[0K[?25l
error: Ambiguous option: f (could be --force-with-lease or --follow-tags)[0K
usage: git push [<options>] [<repository> [<refspec>...]][0K
[0K
    -v, --verbose         be more verbose[0K
    -q, --quiet           be more quiet[0K[?25h[?25l
    --repo <repository>   repository[0K
    --all                 push all refs[0K
    --mirror              mirror all refs[0K
    --delete              delete refs[0K
    --tags                push tags (can't be used with --all or --mirror)[0K
    -n, --dry-run         dry run[0K
    --porcelain           machine-readable output[0K
    -f, --force           force updates[0K
    --force-with-lease[=<refname>:<expect>][0K
                          require old value of ref to be at this value[0K
    --recurse-submodules[=<check>][0K
                          control recursive pushing of submodules[0K
    --thin                use thin pack[0K
    --receive-pack <receive-pack>[0K
                          receive pack program[0K
    --exec <receive-pack>[0K
                          receive pack program[0K
    -u, --set-upstream    set upstream for git pull/status[0K
    --progress            force progress reporting[0K
    --prune               prune locally removed refs[0K
    --no-verify           bypass pre-push hook[0K
    --follow-tags         push missing but relevant tags[0K
[0K
berg@DESKTOP-9FGA5E4:/mnt/c/Users/Stephen Berg/Dropbox/myWebsite$[0K[67G[?25h[?25lberg@DESKTOP-9FGA5E4:/mnt/c/Users/Stephen Berg/Dropbox/myWebsite$ git push origin --delete master --f[0K[?25h[?25lberg@DESKTOP-9FGA5E4:/mnt/c/Users/Stephen Berg/Dropbox/myWebsite$ git push origin --delete master --[0K[?25h[?25lberg@DESKTOP-9FGA5E4:/mnt/c/Users/Stephen Berg/Dropbox/myWebsite$ git push origin --delete master -[0K[?25h[?25lf[0K[100G[?25h[101G[?25l
[0K[?25hUsername for 'https://github.com':[0K[36G[?25lUsername for 'https://github.com': s[0K[?25ht[0Ke[0Kp[0Ke[0Kn[0K[?25lb[0K[43G[?25h[44G[?25lUsername for 'https://github.com': stephenbe[0K[?25hr[0Kg[0K[?25l
Password for 'https://stephenberg@github.com':[0K[48G[?25h[?25l
[0K[?25hTo https://github.com/stephenberg/stephenberg.github.io.git[0K[?25l
 ! [remote rejected] master (refusing to delete the current branch: refs/heads/master)[0K
error: failed to push some refs to 'https://github.com/stephenberg/stephenberg.github.io.git'[0K
berg@DESKTOP-9FGA5E4:/mnt/c/Users/Stephen Berg/Dropbox/myWebsite$[0K[67G[?25h[?25lberg@DESKTOP-9FGA5E4:/mnt/c/Users/Stephen Berg/Dropbox/myWebsite$ k[0K[?25h^?[0K[?25lberg@DESKTOP-9FGA5E4:/mnt/c/Users/Stephen Berg/Dropbox/myWebsite$ k[0K[?25h[?25lberg@DESKTOP-9FGA5E4:/mnt/c/Users/Stephen Berg/Dropbox/myWebsite$[0K[67G[?25h[?25lberg@DESKTOP-9FGA5E4:/mnt/c/Users/Stephen Berg/Dropbox/myWebsite$ g[0K[?25hi[0Kt[0K[?25lberg@DESKTOP-9FGA5E4:/mnt/c/Users/Stephen Berg/Dropbox/myWebsite$ git a[0K[71G[?25h[72G[?25lberg@DESKTOP-9FGA5E4:/mnt/c/Users/Stephen Berg/Dropbox/myWebsite$ git ad[0K[?25hd[0K[75G[?25lberg@DESKTOP-9FGA5E4:/mnt/c/Users/Stephen Berg/Dropbox/myWebsite$ git add p[0K[?25hu[0Kb[0Kl[0K[?25li[0K[79G[?25h[80G[?25lberg@DESKTOP-9FGA5E4:/mnt/c/Users/Stephen Berg/Dropbox/myWebsite$ git add public[0K[80G[?25h[81G[?25lberg@DESKTOP-9FGA5E4:/mnt/c/Users/Stephen Berg/Dropbox/myWebsite$ git add public/[0K[?25h.[0K[?25l
[0K[?25hberg@DESKTOP-9FGA5E4:/mnt/c/Users/Stephen Berg/Dropbox/myWebsite$[0K[67G[?25lberg@DESKTOP-9FGA5E4:/mnt/c/Users/Stephen Berg/Dropbox/myWebsite$ g[0K[?25hi[0K[71G[?25lberg@DESKTOP-9FGA5E4:/mnt/c/Users/Stephen Berg/Dropbox/myWebsite$ git c[0K[?25ho[0Km[0Km[0Kt[0K[78G[?25lberg@DESKTOP-9FGA5E4:/mnt/c/Users/Stephen Berg/Dropbox/myWebsite$ git commit -[0K[?25hm[0K[81G[?25lberg@DESKTOP-9FGA5E4:/mnt/c/Users/Stephen Berg/Dropbox/myWebsite$ git commit -m "[0K[?25hp[0K[?25lus[0K[84G[?25h[85G[?25lberg@DESKTOP-9FGA5E4:/mnt/c/Users/Stephen Berg/Dropbox/myWebsite$ git commit -m "push[0K[?25h[87G[?25lberg@DESKTOP-9FGA5E4:/mnt/c/Users/Stephen Berg/Dropbox/myWebsite$ git commit -m "push p[0K[?25hu[0Kb[0Kl[0Ki[0Kc[0KOn branch master[0K[?25l
nothing to commit, working directory clean[0K
berg@DESKTOP-9FGA5E4:/mnt/c/Users/Stephen Berg/Dropbox/myWebsite$[0K[67G[?25h[?25lberg@DESKTOP-9FGA5E4:/mnt/c/Users/Stephen Berg/Dropbox/myWebsite$ git commit -m "push public"[0K[?25h[?25lberg@DESKTOP-9FGA5E4:/mnt/c/Users/Stephen Berg/Dropbox/myWebsite$[0K[67G[?25h[?25lberg@DESKTOP-9FGA5E4:/mnt/c/Users/Stephen Berg/Dropbox/myWebsite$ git commit -m "push public"[0K[?25h[?25lberg@DESKTOP-9FGA5E4:/mnt/c/Users/Stephen Berg/Dropbox/myWebsite$ git commit -m "push public[0K[?25h[?25lberg@DESKTOP-9FGA5E4:/mnt/c/Users/Stephen Berg/Dropbox/myWebsite$ git commit -m "push publi[0K[?25h[?25lberg@DESKTOP-9FGA5E4:/mnt/c/Users/Stephen Berg/Dropbox/myWebsite$ git commit -m "push publ[0K[?25h[?25lberg@DESKTOP-9FGA5E4:/mnt/c/Users/Stephen Berg/Dropbox/myWebsite$ git commit -m "push pub[0K[?25h[?25lberg@DESKTOP-9FGA5E4:/mnt/c/Users/Stephen Berg/Dropbox/myWebsite$ git commit -m "push pu[0K[90G[?25h[?25lberg@DESKTOP-9FGA5E4:/mnt/c/Users/Stephen Berg/Dropbox/myWebsite$ git commit -m "push p[0K[?25h[?25lberg@DESKTOP-9FGA5E4:/mnt/c/Users/Stephen Berg/Dropbox/myWebsite$ git commit -m "push[0K[87G[?25h[86G[?25lberg@DESKTOP-9FGA5E4:/mnt/c/Users/Stephen Berg/Dropbox/myWebsite$ git commit -m "pus[0K[?25h[?25lberg@DESKTOP-9FGA5E4:/mnt/c/Users/Stephen Berg/Dropbox/myWebsite$ git commit -m "p[0K[84G[?25h[83G[?25lberg@DESKTOP-9FGA5E4:/mnt/c/Users/Stephen Berg/Dropbox/myWebsite$ git commit -m[0K[81G[?25h[80G[?25lberg@DESKTOP-9FGA5E4:/mnt/c/Users/Stephen Berg/Dropbox/myWebsite$ git commit -[0K[?25h[?25lberg@DESKTOP-9FGA5E4:/mnt/c/Users/Stephen Berg/Dropbox/myWebsite$ git commit[0K[?25h[?25lberg@DESKTOP-9FGA5E4:/mnt/c/Users/Stephen Berg/Dropbox/myWebsite$ git commi[0K[?25h[?25lberg@DESKTOP-9FGA5E4:/mnt/c/Users/Stephen Berg/Dropbox/myWebsite$ git comm[0K[76G[?25h[?25lberg@DESKTOP-9FGA5E4:/mnt/c/Users/Stephen Berg/Dropbox/myWebsite$ git com[0K[75G[?25h[74G[?25lberg@DESKTOP-9FGA5E4:/mnt/c/Users/Stephen Berg/Dropbox/myWebsite$ git co[0K[?25h[?25lberg@DESKTOP-9FGA5E4:/mnt/c/Users/Stephen Berg/Dropbox/myWebsite$ git c[0K[?25h[?25lberg@DESKTOP-9FGA5E4:/mnt/c/Users/Stephen Berg/Dropbox/myWebsite$ git[0K[71G[?25h[?25lberg@DESKTOP-9FGA5E4:/mnt/c/Users/Stephen Berg/Dropbox/myWebsite$ git a[0K[?25hd[0Kd[0K[75G[?25lberg@DESKTOP-9FGA5E4:/mnt/c/Users/Stephen Berg/Dropbox/myWebsite$ git add p[0K[?25hu[0Kb[0Kl[0Ki[0Kc[0K/[0K*[0K[?25l
[0K[?25h[?25lberg@DESKTOP-9FGA5E4:/mnt/c/Users/Stephen Berg/Dropbox/myWebsite$ git add public/*[0K[?25h[?25lberg@DESKTOP-9FGA5E4:/mnt/c/Users/Stephen Berg/Dropbox/myWebsite$ git commit -m "push public"[0K[?25h[?25l
[0K[?25hOn branch master[0K[?25l
nothing to commit, working directory clean[0K
berg@DESKTOP-9FGA5E4:/mnt/c/Users/Stephen Berg/Dropbox/myWebsite$[0K[67G[?25h[?25lberg@DESKTOP-9FGA5E4:/mnt/c/Users/Stephen Berg/Dropbox/myWebsite$ g[0K[?25hi[0Kt[0K[71G[?25lberg@DESKTOP-9FGA5E4:/mnt/c/Users/Stephen Berg/Dropbox/myWebsite$ git d[0K[?25hi[0Kf[0Kf[0K[76G[?25lberg@DESKTOP-9FGA5E4:/mnt/c/Users/Stephen Berg/Dropbox/myWebsite$ git diff o[0K[76G[?25h[77G[?25lberg@DESKTOP-9FGA5E4:/mnt/c/Users/Stephen Berg/Dropbox/myWebsite$ git diff or[0K[77G[?25h[78Gg[0K[81G[?25lberg@DESKTOP-9FGA5E4:/mnt/c/Users/Stephen Berg/Dropbox/myWebsite$ git diff origin[0K[?25h[83G[?25lberg@DESKTOP-9FGA5E4:/mnt/c/Users/Stephen Berg/Dropbox/myWebsite$ git diff origin m[0K[?25ha[0Ks[0Kt[0Ke[0K[?25lr[0K[88G[?25h[89G[?25l
[0K[?25hfatal: ambiguous argument 'origin': unknown revision or path not in the working tree.[0K[?25l
Use '--' to separate paths from revisions, like this:[0K
'git <command> [<revision>...] -- [<file>...]'[0K
berg@DESKTOP-9FGA5E4:/mnt/c/Users/Stephen Berg/Dropbox/myWebsite$[0K[67G[?25h[?25lberg@DESKTOP-9FGA5E4:/mnt/c/Users/Stephen Berg/Dropbox/myWebsite$ b[0K[?25hi[0K[?25lt[0K[69G[?25h[70G[71G[70G[?25lberg@DESKTOP-9FGA5E4:/mnt/c/Users/Stephen Berg/Dropbox/myWebsite$ bi[0K[?25h[?25lberg@DESKTOP-9FGA5E4:/mnt/c/Users/Stephen Berg/Dropbox/myWebsite$ b[0K[?25h[?25lberg@DESKTOP-9FGA5E4:/mnt/c/Users/Stephen Berg/Dropbox/myWebsite$[0K[68G[?25h[67G[?25lberg@DESKTOP-9FGA5E4:/mnt/c/Users/Stephen Berg/Dropbox/myWebsite$ g[0K[?25hi[0Kt[0K[71G[?25lberg@DESKTOP-9FGA5E4:/mnt/c/Users/Stephen Berg/Dropbox/myWebsite$ git b[0K[?25hr[0K[?25la[0K[73G[?25h[?25lberg@DESKTOP-9FGA5E4:/mnt/c/Users/Stephen Berg/Dropbox/myWebsite$ git bran[0K[74G[?25h[75G[?25lberg@DESKTOP-9FGA5E4:/mnt/c/Users/Stephen Berg/Dropbox/myWebsite$ git branc[0K[?25hh[0K[78G[?25lberg@DESKTOP-9FGA5E4:/mnt/c/Users/Stephen Berg/Dropbox/myWebsite$ git branch -[0K[?25h[81G[?25lberg@DESKTOP-9FGA5E4:/mnt/c/Users/Stephen Berg/Dropbox/myWebsite$ git branch -u o[0K[?25hi[0Kg[0Ki[0Kn[0K/[0Km[0Ka[0Ks[0K[?25lt[0K[91G[?25h[92G[?25lberg@DESKTOP-9FGA5E4:/mnt/c/Users/Stephen Berg/Dropbox/myWebsite$ git branch -u origin/maste[0K[?25hr[0K[?25l
[0K[?25hBranch master set up to track remote branch master from origin.[0K[?25l
berg@DESKTOP-9FGA5E4:/mnt/c/Users/Stephen Berg/Dropbox/myWebsite$[0K[67G[?25h[?25lberg@DESKTOP-9FGA5E4:/mnt/c/Users/Stephen Berg/Dropbox/myWebsite$ git branch -u origin/master[0K[?25h[?25lberg@DESKTOP-9FGA5E4:/mnt/c/Users/Stephen Berg/Dropbox/myWebsite$ git diff origin master[0K[?25h[?25lberg@DESKTOP-9FGA5E4:/mnt/c/Users/Stephen Berg/Dropbox/myWebsite$ git commit -m "push public"[0K[?25h[?25l
[0K[?25hOn branch master[0K[?25l
Your branch is up-to-date with 'origin/master'.[0K
[0K
nothing to commit, working directory clean[0K
berg@DESKTOP-9FGA5E4:/mnt/c/Users/Stephen Berg/Dropbox/myWebsite$[0K[67G[?25h[?25lberg@DESKTOP-9FGA5E4:/mnt/c/Users/Stephen Berg/Dropbox/myWebsite$ g[0K[?25ht[0K[71G[?25lberg@DESKTOP-9FGA5E4:/mnt/c/Users/Stephen Berg/Dropbox/myWebsite$ git p[0K[?25hu[0Kh[0K[76G[?25lberg@DESKTOP-9FGA5E4:/mnt/c/Users/Stephen Berg/Dropbox/myWebsite$ git push -[0K[?25h-[0Kd[0Ke[0Ke[0Kt[0Ke[0K[85G[?25lberg@DESKTOP-9FGA5E4:/mnt/c/Users/Stephen Berg/Dropbox/myWebsite$ git push --delete -[0K[?25h[?25lf[0K[86G[?25h[87G[?25l
[0K[?25hfatal: --delete doesn't make sense without any refs[0K[?25l
berg@DESKTOP-9FGA5E4:/mnt/c/Users/Stephen Berg/Dropbox/myWebsite$[0K[67G[?25h[?25lberg@DESKTOP-9FGA5E4:/mnt/c/Users/Stephen Berg/Dropbox/myWebsite$ git push --delete -f[0K[?25h[?25lberg@DESKTOP-9FGA5E4:/mnt/c/Users/Stephen Berg/Dropbox/myWebsite$ git push --delete -[0K[?25h[?25lberg@DESKTOP-9FGA5E4:/mnt/c/Users/Stephen Berg/Dropbox/myWebsite$ git push --delete[0K[85G[?25h[?25lberg@DESKTOP-9FGA5E4:/mnt/c/Users/Stephen Berg/Dropbox/myWebsite$ git push --delete o[0K[?25h[?25lr[0K[86G[?25h[87G[?25lberg@DESKTOP-9FGA5E4:/mnt/c/Users/Stephen Berg/Dropbox/myWebsite$ git push --delete ori[0K[?25hi[0Kg[0K[?25lberg@DESKTOP-9FGA5E4:/mnt/c/Users/Stephen Berg/Dropbox/myWebsite$ git push --delete orii[0K[?25h[?25lberg@DESKTOP-9FGA5E4:/mnt/c/Users/Stephen Berg/Dropbox/myWebsite$ git push --delete ori[0K[?25hg[0Ki[0Kn[0K[92G[?25lberg@DESKTOP-9FGA5E4:/mnt/c/Users/Stephen Berg/Dropbox/myWebsite$ git push --delete origin m[0K[?25ha[0K[?25ls[0K[94G[?25h[95G[?25lberg@DESKTOP-9FGA5E4:/mnt/c/Users/Stephen Berg/Dropbox/myWebsite$ git push --delete origin mast[0K[?25he[0Kr[0K[?25l
[0K[?25hUsername for 'https://github.com':[0K[36G[?25lUsername for 'https://github.com': b[0K[?25he[0K[?25lUsername for 'https://github.com': be[0K[?25h[?25lUsername for 'https://github.com': b[0K[?25h[?25lUsername for 'https://github.com':[0K[36G[?25h[?25lUsername for 'https://github.com': s[0K[36G[?25h[37G[?25lUsername for 'https://github.com': st[0K[?25he[0Kp[0Kn[0Kb[0Kr[0Kg[0K[?25l
Password for 'https://stephenberg@github.com':[0K[1G[?25h[48G[?25l
[0K[?25hTo https://github.com/stephenberg/stephenberg.github.io.git[0K[?25l
 ! [remote rejected] master (refusing to delete the current branch: refs/heads/master)[0K
error: failed to push some refs to 'https://github.com/stephenberg/stephenberg.github.io.git'[0K
berg@DESKTOP-9FGA5E4:/mnt/c/Users/Stephen Berg/Dropbox/myWebsite$[0K[67G[?25h[?25lberg@DESKTOP-9FGA5E4:/mnt/c/Users/Stephen Berg/Dropbox/myWebsite$ g[0K[?25hi[0K[?25lt[0K[69G[?25h[70G[71G[?25lberg@DESKTOP-9FGA5E4:/mnt/c/Users/Stephen Berg/Dropbox/myWebsite$ git r[0K[?25hm[0K[74G[?25lberg@DESKTOP-9FGA5E4:/mnt/c/Users/Stephen Berg/Dropbox/myWebsite$ git rm -[0K[74G[?25h[75G[?25lberg@DESKTOP-9FGA5E4:/mnt/c/Users/Stephen Berg/Dropbox/myWebsite$ git rm -r[0K[?25h[77G[?25lberg@DESKTOP-9FGA5E4:/mnt/c/Users/Stephen Berg/Dropbox/myWebsite$ git rm -r -[0K[?25h-[0Kc[0K[?25la[0K[80G[?25h[81G[?25lberg@DESKTOP-9FGA5E4:/mnt/c/Users/Stephen Berg/Dropbox/myWebsite$ git rm -r --cac[0K[?25hh[0Ke[0K[?25ld[0K[84G[?25h[85G[86G[?25lberg@DESKTOP-9FGA5E4:/mnt/c/Users/Stephen Berg/Dropbox/myWebsite$ git rm -r --cached *[0K[?25h[?25l
[0K[?25hrm 'config.toml'[0K[?25l
rm 'content/home/about.md'[0K
rm 'content/home/posts.md'[0K
rm 'content/home/teaching.md'[0K
rm 'content/post/2015-07-23-r-rmarkdown.Rmd'[0K
rm 'content/post/2015-07-23-r-rmarkdown.html'[0K
rm 'content/post/2018-10-29-test-post-by-me.Rmd'[0K
rm 'content/post/2018-10-29-test-post-by-me.html'[0K
rm 'content/post/_index.md'[0K
rm 'content/post/getting-started/featured.jpg'[0K
rm 'content/post/getting-started/index.md'[0K
rm 'content/privacy.md'[0K
rm 'content/slides/example-slides.md'[0K
rm 'content/talk/_index.md'[0K
rm 'content/talk/example/featured.jpg'[0K
rm 'content/talk/example/index.md'[0K
rm 'content/tutorial/_index.md'[0K
rm 'content/tutorial/example.md'[0K
rm 'index.Rmd'[0K
rm 'myWebsite.Rproj'[0K
rm 'public/404.html'[0K
rm 'public/categories/index.html'[0K
rm 'public/categories/index.xml'[0K
rm 'public/categories/page/1/index.html'[0K
rm 'public/categories/r/index.html'[0K
rm 'public/categories/r/index.xml'[0K
rm 'public/categories/r/page/1/index.html'[0K
rm 'public/css/reveal_custom.min.css'[0K
rm 'public/cv/BergResume.aux'[0K
rm 'public/cv/BergResume.log'[0K
rm 'public/cv/BergResume.out'[0K
rm 'public/cv/BergResume.pdf'[0K
rm 'public/cv/BergResume.synctex.gz'[0K[?25h[?25l
rm 'public/cv/BergResume.tex'[0K
rm 'public/home/index.xml'[0K
rm 'public/img/1kdependentSubsection 1 .png'[0K
rm 'public/img/boards.jpg'[0K
rm 'public/img/headers/bubbles-wide.jpg'[0K
rm 'public/img/icon-192.png'[0K
rm 'public/img/icon.png'[0K
rm 'public/img/portrait.jpg'[0K
rm 'public/index.html'[0K
rm 'public/index.json'[0K
rm 'public/index.xml'[0K
rm 'public/js/hugo-academic.js'[0K
rm 'public/js/mathjax-config.500a6cbb2c0f345fcecc21b3116d6637aa78f1f11db8081ea581abe05390c2e8f3bbffe61be3cf0217baf785c40efceabe51050a4f007e69af94e[0Kf
d3643260e8.js'[0K
rm 'public/js/search.js'[0K
rm 'public/js/vendor/reveal.js/plugin/notes/notes.html'[0K
rm 'public/js/vendor/reveal.js/plugin/notes/notes.js'[0K
rm 'public/post/2015-07-23-r-rmarkdown/index.html'[0K
rm 'public/post/2015-07-23-r-rmarkdown_files/figure-html/pie-1.png'[0K
rm 'public/post/2018-10-29-test-post-by-me_files/barkPlot.png'[0K
rm 'public/post/2018-10-29-test-post-by-me_files/fig4-5.png'[0K
rm 'public/post/getting-started/featured.jpg'[0K
rm 'public/post/getting-started/featured_hub9ee31969f44a6711206a2baf9f065b4_241861_150x0_resize_q75_box.jpg'[0K
rm 'public/post/getting-started/featured_hub9ee31969f44a6711206a2baf9f065b4_241861_1600x400_fill_q90_box_smart1.jpg'[0K
rm 'public/post/getting-started/featured_hub9ee31969f44a6711206a2baf9f065b4_241861_680x500_fill_q90_box_smart1.jpg'[0K
rm 'public/post/getting-started/index.html'[0K
rm 'public/post/index.html'[0K
rm 'public/post/index.xml'[0K
rm 'public/post/page/1/index.html'[0K
rm 'public/post/test-post-by-me/index.html'[0K
rm 'public/privacy/index.html'[0K
rm 'public/project/external-project/featured.jpg'[0K
rm 'public/project/external-project/featured_hu3d03a01dcc18bc5be0e67db3d8d209a6_329522_1600x400_fill_q90_box_smart1.jpg'[0K
rm 'public/project/external-project/featured_hu3d03a01dcc18bc5be0e67db3d8d209a6_329522_550x550_fill_q90_box_smart1.jpg'[0K
rm 'public/project/external-project/featured_hu3d03a01dcc18bc5be0e67db3d8d209a6_329522_680x500_fill_q90_box_smart1.jpg'[0K
rm 'public/project/external-project/index.html'[0K
rm 'public/project/index.html'[0K
rm 'public/project/index.xml'[0K
rm 'public/project/internal-project/featured.jpg'[0K
rm 'public/project/internal-project/featured_hu3d03a01dcc18bc5be0e67db3d8d209a6_224363_1600x400_fill_q90_box_smart1.jpg'[0K
rm 'public/project/internal-project/featured_hu3d03a01dcc18bc5be0e67db3d8d209a6_224363_550x550_fill_q90_box_smart1.jpg'[0K
rm 'public/project/internal-project/featured_hu3d03a01dcc18bc5be0e67db3d8d209a6_224363_680x500_fill_q90_box_smart1.jpg'[0K
rm 'public/project/internal-project/index.html'[0K
rm 'public/project/page/1/index.html'[0K
rm 'public/publication/clothing-search/cite.bib'[0K
rm 'public/publication/clothing-search/featured.jpg'[0K
rm 'public/publication/clothing-search/featured_hu3d03a01dcc18bc5be0e67db3d8d209a6_312700_150x0_resize_q75_box.jpg'[0K
rm 'public/publication/clothing-search/featured_hu3d03a01dcc18bc5be0e67db3d8d209a6_312700_1600x400_fill_q90_box_smart1.jpg'[0K
rm 'public/publication/clothing-search/featured_hu3d03a01dcc18bc5be0e67db3d8d209a6_312700_680x500_fill_q90_box_smart1.jpg'[0K
rm 'public/publication/clothing-search/featured_hu3d03a01dcc18bc5be0e67db3d8d209a6_312700_918x517_fill_q90_box_smart1.jpg'[0K
rm 'public/publication/clothing-search/index.html'[0K
rm 'public/publication/index.html'[0K
rm 'public/publication/index.xml'[0K
rm 'public/publication/person-re-id/featured.jpg'[0K
rm 'public/publication/person-re-id/featured_hu3d03a01dcc18bc5be0e67db3d8d209a6_214168_150x0_resize_q75_box.jpg'[0K
rm 'public/publication/person-re-id/featured_hu3d03a01dcc18bc5be0e67db3d8d209a6_214168_1600x400_fill_q90_box_smart1.jpg'[0K
rm 'public/publication/person-re-id/featured_hu3d03a01dcc18bc5be0e67db3d8d209a6_214168_680x500_fill_q90_box_smart1.jpg'[0K
rm 'public/publication/person-re-id/index.html'[0K
rm 'public/publication_types/1/index.html'[0K
rm 'public/publication_types/1/index.xml'[0K
rm 'public/publication_types/1/page/1/index.html'[0K
rm 'public/publication_types/2/index.html'[0K
rm 'public/publication_types/2/index.xml'[0K
rm 'public/publication_types/2/page/1/index.html'[0K
rm 'public/publication_types/index.html'[0K
rm 'public/publication_types/index.xml'[0K
rm 'public/publication_types/page/1/index.html'[0K
rm 'public/site.webmanifest'[0K
rm 'public/sitemap.xml'[0K
rm 'public/slides/example-slides/index.html'[0K
rm 'public/slides/index.xml'[0K
rm 'public/styles.css'[0K
rm 'public/tags/academic/index.html'[0K
rm 'public/tags/academic/index.xml'[0K
rm 'public/tags/academic/page/1/index.html'[0K
rm 'public/tags/deep-learning/index.html'[0K
rm 'public/tags/deep-learning/index.xml'[0K
rm 'public/tags/deep-learning/page/1/index.html'[0K
rm 'public/tags/demo/index.html'[0K
rm 'public/tags/demo/index.xml'[0K
rm 'public/tags/demo/page/1/index.html'[0K
rm 'public/tags/index.html'[0K
rm 'public/tags/index.xml'[0K
rm 'public/tags/page/1/index.html'[0K
rm 'public/tags/plot/index.html'[0K
rm 'public/tags/plot/index.xml'[0K
rm 'public/tags/plot/page/1/index.html'[0K
rm 'public/tags/r-markdown/index.html'[0K
rm 'public/tags/r-markdown/index.xml'[0K
rm 'public/tags/r-markdown/page/1/index.html'[0K
rm 'public/tags/regression/index.html'[0K
rm 'public/tags/regression/index.xml'[0K
rm 'public/tags/regression/page/1/index.html'[0K
rm 'public/talk/example/featured.jpg'[0K
rm 'public/talk/example/featured_hu3d03a01dcc18bc5be0e67db3d8d209a6_620088_150x0_resize_q75_box.jpg'[0K
rm 'public/talk/example/featured_hu3d03a01dcc18bc5be0e67db3d8d209a6_620088_1600x400_fill_q90_box_right.jpg'[0K
rm 'public/talk/example/featured_hu3d03a01dcc18bc5be0e67db3d8d209a6_620088_680x500_fill_q90_box_right.jpg'[0K
rm 'public/talk/example/index.html'[0K
rm 'public/talk/index.html'[0K
rm 'public/talk/index.xml'[0K
rm 'public/tutorial/example/index.html'[0K
rm 'public/tutorial/index.html'[0K
rm 'public/tutorial/index.xml'[0K
rm 'resources/_gen/assets/css/css/reveal_custom.css_d3f53f09220d597dac26fe7840c31fc9.content'[0K
rm 'resources/_gen/assets/css/css/reveal_custom.css_d3f53f09220d597dac26fe7840c31fc9.json'[0K
rm 'resources/_gen/assets/js/js/mathjax-config.js_dd4aa44ecb2f6765bf6d6d921265e95a.content'[0K
rm 'resources/_gen/assets/js/js/mathjax-config.js_dd4aa44ecb2f6765bf6d6d921265e95a.json'[0K
rm 'resources/_gen/images/post/getting-started/featured_hub9ee31969f44a6711206a2baf9f065b4_241861_150x0_resize_q75_box.jpg'[0K
rm 'resources/_gen/images/post/getting-started/featured_hub9ee31969f44a6711206a2baf9f065b4_241861_1600x400_fill_q90_box_smart1.jpg'[0K
rm 'resources/_gen/images/post/getting-started/featured_hub9ee31969f44a6711206a2baf9f065b4_241861_680x500_fill_q90_box_smart1.jpg'[0K
rm 'resources/_gen/images/project/external-project/featured_hu3d03a01dcc18bc5be0e67db3d8d209a6_329522_1600x400_fill_q90_box_smart1.jpg'[0K
rm 'resources/_gen/images/project/external-project/featured_hu3d03a01dcc18bc5be0e67db3d8d209a6_329522_550x550_fill_q90_box_smart1.jpg'[0K
rm 'resources/_gen/images/project/external-project/featured_hu3d03a01dcc18bc5be0e67db3d8d209a6_329522_680x500_fill_q90_box_smart1.jpg'[0K
rm 'resources/_gen/images/project/internal-project/featured_hu3d03a01dcc18bc5be0e67db3d8d209a6_224363_1600x400_fill_q90_box_smart1.jpg'[0K
rm 'resources/_gen/images/project/internal-project/featured_hu3d03a01dcc18bc5be0e67db3d8d209a6_224363_550x550_fill_q90_box_smart1.jpg'[0K
rm 'resources/_gen/images/project/internal-project/featured_hu3d03a01dcc18bc5be0e67db3d8d209a6_224363_680x500_fill_q90_box_smart1.jpg'[0K
rm 'resources/_gen/images/publication/clothing-search/featured_hu3d03a01dcc18bc5be0e67db3d8d209a6_312700_150x0_resize_q75_box.jpg'[0K
rm 'resources/_gen/images/publication/clothing-search/featured_hu3d03a01dcc18bc5be0e67db3d8d209a6_312700_1600x400_fill_q90_box_smart1.jpg'[0K
rm 'resources/_gen/images/publication/clothing-search/featured_hu3d03a01dcc18bc5be0e67db3d8d209a6_312700_680x500_fill_q90_box_smart1.jpg'[0K
rm 'resources/_gen/images/publication/clothing-search/featured_hu3d03a01dcc18bc5be0e67db3d8d209a6_312700_918x517_fill_q90_box_smart1.jpg'[0K
rm 'resources/_gen/images/publication/person-re-id/featured_hu3d03a01dcc18bc5be0e67db3d8d209a6_214168_150x0_resize_q75_box.jpg'[0K
rm 'resources/_gen/images/publication/person-re-id/featured_hu3d03a01dcc18bc5be0e67db3d8d209a6_214168_1600x400_fill_q90_box_smart1.jpg'[0K
rm 'resources/_gen/images/publication/person-re-id/featured_hu3d03a01dcc18bc5be0e67db3d8d209a6_214168_680x500_fill_q90_box_smart1.jpg'[0K
rm 'resources/_gen/images/talk/example/featured_hu3d03a01dcc18bc5be0e67db3d8d209a6_620088_150x0_resize_q75_box.jpg'[0K
rm 'resources/_gen/images/talk/example/featured_hu3d03a01dcc18bc5be0e67db3d8d209a6_620088_1600x400_fill_q90_box_right.jpg'[0K
rm 'resources/_gen/images/talk/example/featured_hu3d03a01dcc18bc5be0e67db3d8d209a6_620088_680x500_fill_q90_box_right.jpg'[0K
rm 'static/img/1kdependentSubsection 1 .png'[0K
rm 'static/img/boards.jpg'[0K
rm 'static/img/headers/bubbles-wide.jpg'[0K
rm 'static/post/2015-07-23-r-rmarkdown_files/figure-html/pie-1.png'[0K
rm 'static/post/2018-10-29-test-post-by-me_files/barkPlot.png'[0K
rm 'static/post/2018-10-29-test-post-by-me_files/fig4-5.png'[0K[1G[?25h[?25l
rm 'themes/hugo-academic/.editorconfig'[0K
rm 'themes/hugo-academic/.github/PULL_REQUEST_TEMPLATE.md'[0K
rm 'themes/hugo-academic/.gitignore'[0K
rm 'themes/hugo-academic/LICENSE.md'[0K
rm 'themes/hugo-academic/README.md'[0K
rm 'themes/hugo-academic/academic.png'[0K
rm 'themes/hugo-academic/archetypes/default.md'[0K
rm 'themes/hugo-academic/archetypes/docs.md'[0K
rm 'themes/hugo-academic/archetypes/home.md'[0K
rm 'themes/hugo-academic/archetypes/post/index.md'[0K
rm 'themes/hugo-academic/archetypes/project/index.md'[0K
rm 'themes/hugo-academic/archetypes/publication/index.md'[0K
rm 'themes/hugo-academic/archetypes/slides.md'[0K
rm 'themes/hugo-academic/archetypes/talk/index.md'[0K
rm 'themes/hugo-academic/assets/css/reveal.css'[0K
rm 'themes/hugo-academic/assets/css/reveal_custom.css'[0K
rm 'themes/hugo-academic/assets/js/mathjax-config.js'[0K
rm 'themes/hugo-academic/data/academic.toml'[0K
rm 'themes/hugo-academic/data/assets.toml'[0K
rm 'themes/hugo-academic/data/fonts/classic.toml'[0K
rm 'themes/hugo-academic/data/fonts/default.toml'[0K
rm 'themes/hugo-academic/data/fonts/playfair.toml'[0K
rm 'themes/hugo-academic/data/i18n/languages.yaml'[0K
rm 'themes/hugo-academic/data/themes/1950s.toml'[0K
rm 'themes/hugo-academic/data/themes/apogee.toml'[0K
rm 'themes/hugo-academic/data/themes/coffee.toml'[0K
rm 'themes/hugo-academic/data/themes/cupcake.toml'[0K
rm 'themes/hugo-academic/data/themes/dark.toml'[0K
rm 'themes/hugo-academic/data/themes/default.toml'[0K
rm 'themes/hugo-academic/data/themes/forest.toml'[0K
rm 'themes/hugo-academic/data/themes/ocean.toml'[0K
rm 'themes/hugo-academic/demo.sh'[0K
rm 'themes/hugo-academic/exampleSite/config.toml'[0K
rm 'themes/hugo-academic/exampleSite/content/home/about.md'[0K
rm 'themes/hugo-academic/exampleSite/content/home/contact.md'[0K
rm 'themes/hugo-academic/exampleSite/content/home/experience.md'[0K
rm 'themes/hugo-academic/exampleSite/content/home/hero.md'[0K
rm 'themes/hugo-academic/exampleSite/content/home/hero_carousel.md'[0K
rm 'themes/hugo-academic/exampleSite/content/home/posts.md'[0K
rm 'themes/hugo-academic/exampleSite/content/home/projects.md'[0K
rm 'themes/hugo-academic/exampleSite/content/home/publications.md'[0K
rm 'themes/hugo-academic/exampleSite/content/home/publications_selected.md'[0K
rm 'themes/hugo-academic/exampleSite/content/home/search.md'[0K
rm 'themes/hugo-academic/exampleSite/content/home/skills.md'[0K
rm 'themes/hugo-academic/exampleSite/content/home/tags.md'[0K
rm 'themes/hugo-academic/exampleSite/content/home/talks.md'[0K
rm 'themes/hugo-academic/exampleSite/content/home/talks_selected.md'[0K
rm 'themes/hugo-academic/exampleSite/content/home/teaching.md'[0K
rm 'themes/hugo-academic/exampleSite/content/post/_index.md'[0K
rm 'themes/hugo-academic/exampleSite/content/post/getting-started/featured.jpg'[0K
rm 'themes/hugo-academic/exampleSite/content/post/getting-started/index.md'[0K
rm 'themes/hugo-academic/exampleSite/content/privacy.md'[0K
rm 'themes/hugo-academic/exampleSite/content/project/external-project/featured.jpg'[0K
rm 'themes/hugo-academic/exampleSite/content/project/external-project/index.md'[0K
rm 'themes/hugo-academic/exampleSite/content/project/internal-project/featured.jpg'[0K
rm 'themes/hugo-academic/exampleSite/content/project/internal-project/index.md'[0K
rm 'themes/hugo-academic/exampleSite/content/publication/_index.md'[0K
rm 'themes/hugo-academic/exampleSite/content/publication/clothing-search/cite.bib'[0K
rm 'themes/hugo-academic/exampleSite/content/publication/clothing-search/featured.jpg'[0K
rm 'themes/hugo-academic/exampleSite/content/publication/clothing-search/index.md'[0K
rm 'themes/hugo-academic/exampleSite/content/publication/person-re-id/featured.jpg'[0K
rm 'themes/hugo-academic/exampleSite/content/publication/person-re-id/index.md'[0K
rm 'themes/hugo-academic/exampleSite/content/talk/_index.md'[0K
rm 'themes/hugo-academic/exampleSite/content/talk/example/featured.jpg'[0K
rm 'themes/hugo-academic/exampleSite/content/talk/example/index.md'[0K
rm 'themes/hugo-academic/exampleSite/content/tutorial/_index.md'[0K
rm 'themes/hugo-academic/exampleSite/content/tutorial/example.md'[0K
rm 'themes/hugo-academic/exampleSite/static/img/boards.jpg'[0K
rm 'themes/hugo-academic/exampleSite/static/img/headers/bubbles-wide.jpg'[0K
rm 'themes/hugo-academic/exampleSite/static/img/portrait.jpg'[0K
rm 'themes/hugo-academic/i18n/ca.yaml'[0K
rm 'themes/hugo-academic/i18n/de.yaml'[0K
rm 'themes/hugo-academic/i18n/el.yaml'[0K
rm 'themes/hugo-academic/i18n/en.yaml'[0K
rm 'themes/hugo-academic/i18n/es.yaml'[0K
rm 'themes/hugo-academic/i18n/eu.yaml'[0K
rm 'themes/hugo-academic/i18n/fr.yaml'[0K
rm 'themes/hugo-academic/i18n/id.yaml'[0K[1G[?25h[?25l
rm 'themes/hugo-academic/i18n/it.yaml'[0K
rm 'themes/hugo-academic/i18n/ja.yaml'[0K
rm 'themes/hugo-academic/i18n/ko.yaml'[0K
rm 'themes/hugo-academic/i18n/nl.yaml'[0K
rm 'themes/hugo-academic/i18n/pl.yaml'[0K
rm 'themes/hugo-academic/i18n/pt.yaml'[0K
rm 'themes/hugo-academic/i18n/ru.yaml'[0K
rm 'themes/hugo-academic/i18n/tr.yaml'[0K
rm 'themes/hugo-academic/i18n/vi.yaml'[0K
rm 'themes/hugo-academic/i18n/zh.yaml'[0K
rm 'themes/hugo-academic/images/screenshot.png'[0K
rm 'themes/hugo-academic/images/theme-1950s.png'[0K
rm 'themes/hugo-academic/images/theme-apogee.png'[0K
rm 'themes/hugo-academic/images/theme-coffee-playfair.png'[0K
rm 'themes/hugo-academic/images/theme-cupcake.png'[0K
rm 'themes/hugo-academic/images/theme-dark.png'[0K
rm 'themes/hugo-academic/images/theme-default.png'[0K
rm 'themes/hugo-academic/images/theme-forest.png'[0K
rm 'themes/hugo-academic/images/theme-ocean.png'[0K
rm 'themes/hugo-academic/images/theme-spacer.png'[0K
rm 'themes/hugo-academic/images/tn.png'[0K
rm 'themes/hugo-academic/layouts/404.html'[0K
rm 'themes/hugo-academic/layouts/_default/list.html'[0K
rm 'themes/hugo-academic/layouts/_default/single.html'[0K
rm 'themes/hugo-academic/layouts/docs/list.html'[0K
rm 'themes/hugo-academic/layouts/docs/single.html'[0K
rm 'themes/hugo-academic/layouts/home/list.html'[0K
rm 'themes/hugo-academic/layouts/home/single.html'[0K
rm 'themes/hugo-academic/layouts/index.css'[0K
rm 'themes/hugo-academic/layouts/index.html'[0K
rm 'themes/hugo-academic/layouts/index.json'[0K
rm 'themes/hugo-academic/layouts/partials/comments.html'[0K
rm 'themes/hugo-academic/layouts/partials/cookie_consent.html'[0K
rm 'themes/hugo-academic/layouts/partials/css/academic.css'[0K
rm 'themes/hugo-academic/layouts/partials/css/parse_theme.css'[0K
rm 'themes/hugo-academic/layouts/partials/docs_layout.html'[0K
rm 'themes/hugo-academic/layouts/partials/docs_sidebar.html'[0K
rm 'themes/hugo-academic/layouts/partials/docs_toc_foot.html'[0K
rm 'themes/hugo-academic/layouts/partials/footer.html'[0K
rm 'themes/hugo-academic/layouts/partials/footer_container.html'[0K
rm 'themes/hugo-academic/layouts/partials/footer_section.html'[0K
rm 'themes/hugo-academic/layouts/partials/head_custom.html'[0K
rm 'themes/hugo-academic/layouts/partials/header.html'[0K
rm 'themes/hugo-academic/layouts/partials/navbar.html'[0K
rm 'themes/hugo-academic/layouts/partials/page_author.html'[0K
rm 'themes/hugo-academic/layouts/partials/page_header.html'[0K
rm 'themes/hugo-academic/layouts/partials/page_metadata.html'[0K
rm 'themes/hugo-academic/layouts/partials/pagination.html'[0K
rm 'themes/hugo-academic/layouts/partials/post_li_detailed.html'[0K
rm 'themes/hugo-academic/layouts/partials/post_li_simple.html'[0K
rm 'themes/hugo-academic/layouts/partials/post_li_stream.html'[0K
rm 'themes/hugo-academic/layouts/partials/publication_li_apa.html'[0K
rm 'themes/hugo-academic/layouts/partials/publication_li_detailed.html'[0K
rm 'themes/hugo-academic/layouts/partials/publication_li_mla.html'[0K
rm 'themes/hugo-academic/layouts/partials/publication_li_simple.html'[0K
rm 'themes/hugo-academic/layouts/partials/publication_li_stream.html'[0K
rm 'themes/hugo-academic/layouts/partials/publication_links.html'[0K
rm 'themes/hugo-academic/layouts/partials/section_pager.html'[0K
rm 'themes/hugo-academic/layouts/partials/share.html'[0K
rm 'themes/hugo-academic/layouts/partials/slides.html'[0K
rm 'themes/hugo-academic/layouts/partials/tags.html'[0K
rm 'themes/hugo-academic/layouts/partials/talk_li_detailed.html'[0K
rm 'themes/hugo-academic/layouts/partials/talk_li_simple.html'[0K
rm 'themes/hugo-academic/layouts/partials/talk_li_stream.html'[0K
rm 'themes/hugo-academic/layouts/partials/talk_links.html'[0K
rm 'themes/hugo-academic/layouts/partials/widget_page.html'[0K
rm 'themes/hugo-academic/layouts/partials/widgets/about.html'[0K
rm 'themes/hugo-academic/layouts/partials/widgets/contact.html'[0K
rm 'themes/hugo-academic/layouts/partials/widgets/custom.html'[0K
rm 'themes/hugo-academic/layouts/partials/widgets/experience.html'[0K
rm 'themes/hugo-academic/layouts/partials/widgets/featurette.html'[0K
rm 'themes/hugo-academic/layouts/partials/widgets/hero.html'[0K
rm 'themes/hugo-academic/layouts/partials/widgets/hero_carousel.html'[0K
rm 'themes/hugo-academic/layouts/partials/widgets/posts.html'[0K
rm 'themes/hugo-academic/layouts/partials/widgets/projects.html'[0K
rm 'themes/hugo-academic/layouts/partials/widgets/publications.html'[0K
rm 'themes/hugo-academic/layouts/partials/widgets/publications_selected.html'[0K
rm 'themes/hugo-academic/layouts/partials/widgets/search.html'[0K
rm 'themes/hugo-academic/layouts/partials/widgets/tag_cloud.html'[0K
rm 'themes/hugo-academic/layouts/partials/widgets/talks.html'[0K
rm 'themes/hugo-academic/layouts/partials/widgets/talks_selected.html'[0K
rm 'themes/hugo-academic/layouts/project/single.html'[0K
rm 'themes/hugo-academic/layouts/publication/single.html'[0K
rm 'themes/hugo-academic/layouts/rss.xml'[0K
rm 'themes/hugo-academic/layouts/section/home.html'[0K
rm 'themes/hugo-academic/layouts/section/post.html'[0K[1G[?25h[?25l
rm 'themes/hugo-academic/layouts/section/publication.html'[0K
rm 'themes/hugo-academic/layouts/section/talk.html'[0K
rm 'themes/hugo-academic/layouts/shortcodes/alert.html'[0K
rm 'themes/hugo-academic/layouts/shortcodes/figure.html'[0K
rm 'themes/hugo-academic/layouts/shortcodes/fragment.html'[0K
rm 'themes/hugo-academic/layouts/shortcodes/gallery.html'[0K
rm 'themes/hugo-academic/layouts/shortcodes/gdocs.html'[0K
rm 'themes/hugo-academic/layouts/shortcodes/hl.html'[0K
rm 'themes/hugo-academic/layouts/shortcodes/list_categories.html'[0K
rm 'themes/hugo-academic/layouts/shortcodes/list_tags.html'[0K
rm 'themes/hugo-academic/layouts/shortcodes/slide.html'[0K
rm 'themes/hugo-academic/layouts/shortcodes/speaker_note.html'[0K
rm 'themes/hugo-academic/layouts/shortcodes/staticref.html'[0K
rm 'themes/hugo-academic/layouts/shortcodes/toc.html'[0K
rm 'themes/hugo-academic/layouts/shortcodes/video.html'[0K
rm 'themes/hugo-academic/layouts/sitemap.xml'[0K
rm 'themes/hugo-academic/layouts/slides/baseof.html'[0K
rm 'themes/hugo-academic/layouts/slides/list.html'[0K
rm 'themes/hugo-academic/layouts/slides/single.html'[0K
rm 'themes/hugo-academic/layouts/talk/single.html'[0K
rm 'themes/hugo-academic/static/img/icon-192.png'[0K
rm 'themes/hugo-academic/static/img/icon.png'[0K
rm 'themes/hugo-academic/static/img/portrait.jpg'[0K
rm 'themes/hugo-academic/static/js/hugo-academic.js'[0K
rm 'themes/hugo-academic/static/js/search.js'[0K
rm 'themes/hugo-academic/static/js/vendor/reveal.js/plugin/notes/notes.html'[0K
rm 'themes/hugo-academic/static/js/vendor/reveal.js/plugin/notes/notes.js'[0K
rm 'themes/hugo-academic/static/site.webmanifest'[0K
rm 'themes/hugo-academic/theme.toml'[0K
berg@DESKTOP-9FGA5E4:/mnt/c/Users/Stephen Berg/Dropbox/myWebsite$[0K[67G[?25h[?25lberg@DESKTOP-9FGA5E4:/mnt/c/Users/Stephen Berg/Dropbox/myWebsite$ g[0K[?25hi[0Kt[0K[?25lberg@DESKTOP-9FGA5E4:/mnt/c/Users/Stephen Berg/Dropbox/myWebsite$ git p[0K[?25h[?25lu[0K[72G[?25h[73G[?25lberg@DESKTOP-9FGA5E4:/mnt/c/Users/Stephen Berg/Dropbox/myWebsite$ git pus[0K[?25hh[0K[76G[?25lberg@DESKTOP-9FGA5E4:/mnt/c/Users/Stephen Berg/Dropbox/myWebsite$ git push o[0K[?25hr[0Ki[0Kg[0Ki[0K[?25ln[0K[81G[?25h[82G[83G[?25lberg@DESKTOP-9FGA5E4:/mnt/c/Users/Stephen Berg/Dropbox/myWebsite$ git push origin m[0K[?25ha[0Kt[0Ke[0Kr[0K[?25l
[0K[?25hUsername for 'https://github.com':[0K[36G[?25lUsername for 'https://github.com': s[0K[?25ht[0Ke[0Kp[0Kh[0Ke[0Kn[0Kb[0Ke[0Kr[0Kg[0K[?25l
Password for 'https://stephenberg@github.com':[0K[48G[?25h[?25l
[0K[?25hEverything up-to-date[0K[?25l
[0K[?25hberg@DESKTOP-9FGA5E4:/mnt/c/Users/Stephen Berg/Dropbox/myWebsite$[0K[67G[?25lberg@DESKTOP-9FGA5E4:/mnt/c/Users/Stephen Berg/Dropbox/myWebsite$ git push origin master[0K[?25h[?25lberg@DESKTOP-9FGA5E4:/mnt/c/Users/Stephen Berg/Dropbox/myWebsite$ git rm -r --cached *[0K[?25h[?25l
fatal: pathspec 'config.toml' did not match any files[0K
berg@DESKTOP-9FGA5E4:/mnt/c/Users/Stephen Berg/Dropbox/myWebsite$[0K[67G[?25h[?25lberg@DESKTOP-9FGA5E4:/mnt/c/Users/Stephen Berg/Dropbox/myWebsite$ gi[0K[68G[?25h[69G[?25lberg@DESKTOP-9FGA5E4:/mnt/c/Users/Stephen Berg/Dropbox/myWebsite$ git[0K[?25h[71G[?25lberg@DESKTOP-9FGA5E4:/mnt/c/Users/Stephen Berg/Dropbox/myWebsite$ git c[0K[?25h[?25lo[0K[72G[?25h[73G[?25lberg@DESKTOP-9FGA5E4:/mnt/c/Users/Stephen Berg/Dropbox/myWebsite$ git com[0K[73G[?25h[74G[?25lberg@DESKTOP-9FGA5E4:/mnt/c/Users/Stephen Berg/Dropbox/myWebsite$ git comm[0K[74G[?25h[75G[?25lberg@DESKTOP-9FGA5E4:/mnt/c/Users/Stephen Berg/Dropbox/myWebsite$ git commi[0K[?25ht[0K[78G[?25lberg@DESKTOP-9FGA5E4:/mnt/c/Users/Stephen Berg/Dropbox/myWebsite$ git commit -[0K[78G[?25h[79G[?25lberg@DESKTOP-9FGA5E4:/mnt/c/Users/Stephen Berg/Dropbox/myWebsite$ git commit -m[0K[?25h[81G[?25lberg@DESKTOP-9FGA5E4:/mnt/c/Users/Stephen Berg/Dropbox/myWebsite$ git commit -m "[0K[?25hr[0Ke[0Km[0Ko[0Kv[0K[?25le[0K[87G[?25h[88G[89G[?25lberg@DESKTOP-9FGA5E4:/mnt/c/Users/Stephen Berg/Dropbox/myWebsite$ git commit -m "remove f[0K[?25h[?25li[0K[90G[?25h[91G[?25lberg@DESKTOP-9FGA5E4:/mnt/c/Users/Stephen Berg/Dropbox/myWebsite$ git commit -m "remove fil[0K[?25he[0K[?25ls[0K[93G[?25h[?25lberg@DESKTOP-9FGA5E4:/mnt/c/Users/Stephen Berg/Dropbox/myWebsite$ git commit -m "remove files"[0K[?25h[?25l
[0K[?25h[master d41905a] remove files[0K[?25l
[0K[?25h 357 files changed, 32575 deletions(-)[0K[?25l
 delete mode 100644 config.toml[0K
 delete mode 100644 content/home/about.md[0K
 delete mode 100644 content/home/posts.md[0K
 delete mode 100644 content/home/teaching.md[0K
 delete mode 100644 content/post/2015-07-23-r-rmarkdown.Rmd[0K
 delete mode 100644 content/post/2015-07-23-r-rmarkdown.html[0K
 delete mode 100644 content/post/2018-10-29-test-post-by-me.Rmd[0K
 delete mode 100644 content/post/2018-10-29-test-post-by-me.html[0K
 delete mode 100644 content/post/_index.md[0K[1G[?25h[?25l
 delete mode 100644 public/publication_types/1/index.html[0K
 delete mode 100644 public/publication_types/1/index.xml[0K
 delete mode 100644 public/publication_types/1/page/1/index.html[0K
 delete mode 100644 public/publication_types/2/index.html[0K
 delete mode 100644 public/publication_types/2/index.xml[0K
 delete mode 100644 public/publication_types/2/page/1/index.html[0K
 delete mode 100644 public/publication_types/index.html[0K
 delete mode 100644 public/publication_types/index.xml[0K
 delete mode 100644 public/publication_types/page/1/index.html[0K
 delete mode 100644 public/site.webmanifest[0K
 delete mode 100644 public/sitemap.xml[0K
 delete mode 100644 public/slides/example-slides/index.html[0K
 delete mode 100644 public/slides/index.xml[0K
 delete mode 100644 public/styles.css[0K
 delete mode 100644 public/tags/academic/index.html[0K
 delete mode 100644 public/tags/academic/index.xml[0K
 delete mode 100644 public/tags/academic/page/1/index.html[0K
 delete mode 100644 public/tags/deep-learning/index.html[0K
 delete mode 100644 public/tags/deep-learning/index.xml[0K
 delete mode 100644 public/tags/deep-learning/page/1/index.html[0K
 delete mode 100644 public/tags/demo/index.html[0K
 delete mode 100644 public/tags/demo/index.xml[0K
 delete mode 100644 public/tags/demo/page/1/index.html[0K
 delete mode 100644 public/tags/index.html[0K
 delete mode 100644 public/tags/index.xml[0K
 delete mode 100644 public/tags/page/1/index.html[0K
 delete mode 100644 public/tags/plot/index.html[0K
 delete mode 100644 public/tags/plot/index.xml[0K
 delete mode 100644 public/tags/plot/page/1/index.html[0K
 delete mode 100644 public/tags/r-markdown/index.html[0K
 delete mode 100644 public/tags/r-markdown/index.xml[0K
 delete mode 100644 public/tags/r-markdown/page/1/index.html[0K
 delete mode 100644 public/tags/regression/index.html[0K
 delete mode 100644 public/tags/regression/index.xml[0K
 delete mode 100644 public/tags/regression/page/1/index.html[0K
 delete mode 100644 public/talk/example/featured.jpg[0K
 delete mode 100644 public/talk/example/featured_hu3d03a01dcc18bc5be0e67db3d8d209a6_620088_150x0_resize_q75_box.jpg[0K
 delete mode 100644 public/talk/example/featured_hu3d03a01dcc18bc5be0e67db3d8d209a6_620088_1600x400_fill_q90_box_right.jpg[0K
 delete mode 100644 public/talk/example/featured_hu3d03a01dcc18bc5be0e67db3d8d209a6_620088_680x500_fill_q90_box_right.jpg[0K
 delete mode 100644 public/talk/example/index.html[0K
 delete mode 100644 public/talk/index.html[0K
 delete mode 100644 public/talk/index.xml[0K
 delete mode 100644 public/tutorial/example/index.html[0K
 delete mode 100644 public/tutorial/index.html[0K
 delete mode 100644 public/tutorial/index.xml[0K
 delete mode 100644 resources/_gen/assets/css/css/reveal_custom.css_d3f53f09220d597dac26fe7840c31fc9.content[0K
 delete mode 100644 resources/_gen/assets/css/css/reveal_custom.css_d3f53f09220d597dac26fe7840c31fc9.json[0K
 delete mode 100644 resources/_gen/assets/js/js/mathjax-config.js_dd4aa44ecb2f6765bf6d6d921265e95a.content[0K
 delete mode 100644 resources/_gen/assets/js/js/mathjax-config.js_dd4aa44ecb2f6765bf6d6d921265e95a.json[0K
 delete mode 100644 resources/_gen/images/post/getting-started/featured_hub9ee31969f44a6711206a2baf9f065b4_241861_150x0_resize_q75_box.jpg[0K
 delete mode 100644 resources/_gen/images/post/getting-started/featured_hub9ee31969f44a6711206a2baf9f065b4_241861_1600x400_fill_q90_box_smart1.jpg[0K
 delete mode 100644 resources/_gen/images/post/getting-started/featured_hub9ee31969f44a6711206a2baf9f065b4_241861_680x500_fill_q90_box_smart1.jpg[0K
 delete mode 100644 resources/_gen/images/project/external-project/featured_hu3d03a01dcc18bc5be0e67db3d8d209a6_329522_1600x400_fill_q90_box_smart1[0K.
jpg[0K
 delete mode 100644 resources/_gen/images/project/external-project/featured_hu3d03a01dcc18bc5be0e67db3d8d209a6_329522_550x550_fill_q90_box_smart1.[0Kj
pg[0K
 delete mode 100644 resources/_gen/images/project/external-project/featured_hu3d03a01dcc18bc5be0e67db3d8d209a6_329522_680x500_fill_q90_box_smart1.[0Kj[1G[?25h[?25l
pg[0K
 delete mode 100644 resources/_gen/images/project/internal-project/featured_hu3d03a01dcc18bc5be0e67db3d8d209a6_224363_1600x400_fill_q90_box_smart1[0K.
jpg[0K
 delete mode 100644 resources/_gen/images/project/internal-project/featured_hu3d03a01dcc18bc5be0e67db3d8d209a6_224363_550x550_fill_q90_box_smart1.[0Kj
pg[0K
 delete mode 100644 resources/_gen/images/project/internal-project/featured_hu3d03a01dcc18bc5be0e67db3d8d209a6_224363_680x500_fill_q90_box_smart1.[0Kj
pg[0K
 delete mode 100644 resources/_gen/images/publication/clothing-search/featured_hu3d03a01dcc18bc5be0e67db3d8d209a6_312700_150x0_resize_q75_box.jpg[0K
 delete mode 100644 resources/_gen/images/publication/clothing-search/featured_hu3d03a01dcc18bc5be0e67db3d8d209a6_312700_1600x400_fill_q90_box_sma[0Kr
t1.jpg[0K
 delete mode 100644 resources/_gen/images/publication/clothing-search/featured_hu3d03a01dcc18bc5be0e67db3d8d209a6_312700_680x500_fill_q90_box_smar[0Kt
1.jpg[0K
 delete mode 100644 resources/_gen/images/publication/clothing-search/featured_hu3d03a01dcc18bc5be0e67db3d8d209a6_312700_918x517_fill_q90_box_smar[0Kt
1.jpg[0K
 delete mode 100644 resources/_gen/images/publication/person-re-id/featured_hu3d03a01dcc18bc5be0e67db3d8d209a6_214168_150x0_resize_q75_box.jpg[0K
 delete mode 100644 resources/_gen/images/publication/person-re-id/featured_hu3d03a01dcc18bc5be0e67db3d8d209a6_214168_1600x400_fill_q90_box_smart1[0K.
jpg[0K
 delete mode 100644 resources/_gen/images/publication/person-re-id/featured_hu3d03a01dcc18bc5be0e67db3d8d209a6_214168_680x500_fill_q90_box_smart1.[0Kj
pg[0K
 delete mode 100644 resources/_gen/images/talk/example/featured_hu3d03a01dcc18bc5be0e67db3d8d209a6_620088_150x0_resize_q75_box.jpg[0K
 delete mode 100644 resources/_gen/images/talk/example/featured_hu3d03a01dcc18bc5be0e67db3d8d209a6_620088_1600x400_fill_q90_box_right.jpg[0K
 delete mode 100644 resources/_gen/images/talk/example/featured_hu3d03a01dcc18bc5be0e67db3d8d209a6_620088_680x500_fill_q90_box_right.jpg[0K
 delete mode 100644 static/img/1kdependentSubsection 1 .png[0K
 delete mode 100644 static/img/boards.jpg[0K
 delete mode 100644 static/img/headers/bubbles-wide.jpg[0K
 delete mode 100644 static/post/2015-07-23-r-rmarkdown_files/figure-html/pie-1.png[0K
 delete mode 100644 static/post/2018-10-29-test-post-by-me_files/barkPlot.png[0K
 delete mode 100644 static/post/2018-10-29-test-post-by-me_files/fig4-5.png[0K
 delete mode 100644 themes/hugo-academic/.editorconfig[0K
 delete mode 100644 themes/hugo-academic/.github/PULL_REQUEST_TEMPLATE.md[0K
 delete mode 100644 themes/hugo-academic/.gitignore[0K
 delete mode 100644 themes/hugo-academic/LICENSE.md[0K
 delete mode 100644 themes/hugo-academic/README.md[0K
 delete mode 100644 themes/hugo-academic/academic.png[0K
 delete mode 100644 themes/hugo-academic/archetypes/default.md[0K
 delete mode 100644 themes/hugo-academic/archetypes/docs.md[0K
 delete mode 100644 themes/hugo-academic/archetypes/home.md[0K
 delete mode 100644 themes/hugo-academic/archetypes/post/index.md[0K
 delete mode 100644 themes/hugo-academic/archetypes/project/index.md[0K
 delete mode 100644 themes/hugo-academic/archetypes/publication/index.md[0K
 delete mode 100644 themes/hugo-academic/archetypes/slides.md[0K
 delete mode 100644 themes/hugo-academic/archetypes/talk/index.md[0K
 delete mode 100644 themes/hugo-academic/assets/css/reveal.css[0K
 delete mode 100644 themes/hugo-academic/assets/css/reveal_custom.css[0K
 delete mode 100644 themes/hugo-academic/assets/js/mathjax-config.js[0K
 delete mode 100644 themes/hugo-academic/data/academic.toml[0K
 delete mode 100644 themes/hugo-academic/data/assets.toml[0K
 delete mode 100644 themes/hugo-academic/data/fonts/classic.toml[0K
 delete mode 100644 themes/hugo-academic/data/fonts/default.toml[0K
 delete mode 100644 themes/hugo-academic/data/fonts/playfair.toml[0K
 delete mode 100644 themes/hugo-academic/data/i18n/languages.yaml[0K
 delete mode 100644 themes/hugo-academic/data/themes/1950s.toml[0K
 delete mode 100644 themes/hugo-academic/data/themes/apogee.toml[0K
 delete mode 100644 themes/hugo-academic/data/themes/coffee.toml[0K
 delete mode 100644 themes/hugo-academic/data/themes/cupcake.toml[0K
 delete mode 100644 themes/hugo-academic/data/themes/dark.toml[0K
 delete mode 100644 themes/hugo-academic/data/themes/default.toml[0K
 delete mode 100644 themes/hugo-academic/data/themes/forest.toml[0K
 delete mode 100644 themes/hugo-academic/data/themes/ocean.toml[0K
 delete mode 100644 themes/hugo-academic/demo.sh[0K
 delete mode 100644 themes/hugo-academic/exampleSite/config.toml[0K
 delete mode 100644 themes/hugo-academic/exampleSite/content/home/about.md[0K
 delete mode 100644 themes/hugo-academic/exampleSite/content/home/contact.md[0K
 delete mode 100644 themes/hugo-academic/exampleSite/content/home/experience.md[0K
 delete mode 100644 themes/hugo-academic/exampleSite/content/home/hero.md[0K
 delete mode 100644 themes/hugo-academic/exampleSite/content/home/hero_carousel.md[0K
 delete mode 100644 themes/hugo-academic/exampleSite/content/home/posts.md[0K
 delete mode 100644 themes/hugo-academic/exampleSite/content/home/projects.md[0K[1G[?25h[?25l
 delete mode 100644 themes/hugo-academic/exampleSite/content/home/publications.md[0K
 delete mode 100644 themes/hugo-academic/exampleSite/content/home/publications_selected.md[0K
 delete mode 100644 themes/hugo-academic/exampleSite/content/home/search.md[0K
 delete mode 100644 themes/hugo-academic/exampleSite/content/home/skills.md[0K
 delete mode 100644 themes/hugo-academic/exampleSite/content/home/tags.md[0K
 delete mode 100644 themes/hugo-academic/exampleSite/content/home/talks.md[0K
 delete mode 100644 themes/hugo-academic/exampleSite/content/home/talks_selected.md[0K
 delete mode 100644 themes/hugo-academic/exampleSite/content/home/teaching.md[0K
 delete mode 100644 themes/hugo-academic/exampleSite/content/post/_index.md[0K
 delete mode 100644 themes/hugo-academic/exampleSite/content/post/getting-started/featured.jpg[0K
 delete mode 100644 themes/hugo-academic/exampleSite/content/post/getting-started/index.md[0K
 delete mode 100644 themes/hugo-academic/exampleSite/content/privacy.md[0K
 delete mode 100644 themes/hugo-academic/exampleSite/content/project/external-project/featured.jpg[0K
 delete mode 100644 themes/hugo-academic/exampleSite/content/project/external-project/index.md[0K
 delete mode 100644 themes/hugo-academic/exampleSite/content/project/internal-project/featured.jpg[0K
 delete mode 100644 themes/hugo-academic/exampleSite/content/project/internal-project/index.md[0K
 delete mode 100644 themes/hugo-academic/exampleSite/content/publication/_index.md[0K
 delete mode 100644 themes/hugo-academic/exampleSite/content/publication/clothing-search/cite.bib[0K
 delete mode 100644 themes/hugo-academic/exampleSite/content/publication/clothing-search/featured.jpg[0K
 delete mode 100644 themes/hugo-academic/exampleSite/content/publication/clothing-search/index.md[0K
 delete mode 100644 themes/hugo-academic/exampleSite/content/publication/person-re-id/featured.jpg[0K
 delete mode 100644 themes/hugo-academic/exampleSite/content/publication/person-re-id/index.md[0K
 delete mode 100644 themes/hugo-academic/exampleSite/content/talk/_index.md[0K
 delete mode 100644 themes/hugo-academic/exampleSite/content/talk/example/featured.jpg[0K
 delete mode 100644 themes/hugo-academic/exampleSite/content/talk/example/index.md[0K
 delete mode 100644 themes/hugo-academic/exampleSite/content/tutorial/_index.md[0K
 delete mode 100644 themes/hugo-academic/exampleSite/content/tutorial/example.md[0K
 delete mode 100644 themes/hugo-academic/exampleSite/static/img/boards.jpg[0K
 delete mode 100644 themes/hugo-academic/exampleSite/static/img/headers/bubbles-wide.jpg[0K
 delete mode 100644 themes/hugo-academic/exampleSite/static/img/portrait.jpg[0K
 delete mode 100644 themes/hugo-academic/i18n/ca.yaml[0K
 delete mode 100644 themes/hugo-academic/i18n/de.yaml[0K
 delete mode 100644 themes/hugo-academic/i18n/el.yaml[0K
 delete mode 100644 themes/hugo-academic/i18n/en.yaml[0K
 delete mode 100644 themes/hugo-academic/i18n/es.yaml[0K
 delete mode 100644 themes/hugo-academic/i18n/eu.yaml[0K
 delete mode 100644 themes/hugo-academic/i18n/fr.yaml[0K
 delete mode 100644 themes/hugo-academic/i18n/id.yaml[0K
 delete mode 100644 themes/hugo-academic/i18n/it.yaml[0K
 delete mode 100644 themes/hugo-academic/i18n/ja.yaml[0K
 delete mode 100644 themes/hugo-academic/i18n/ko.yaml[0K
 delete mode 100644 themes/hugo-academic/i18n/nl.yaml[0K
 delete mode 100644 themes/hugo-academic/i18n/pl.yaml[0K
 delete mode 100644 themes/hugo-academic/i18n/pt.yaml[0K
 delete mode 100644 themes/hugo-academic/i18n/ru.yaml[0K
 delete mode 100644 themes/hugo-academic/i18n/tr.yaml[0K
 delete mode 100644 themes/hugo-academic/i18n/vi.yaml[0K
 delete mode 100644 themes/hugo-academic/i18n/zh.yaml[0K
 delete mode 100644 themes/hugo-academic/images/screenshot.png[0K
 delete mode 100644 themes/hugo-academic/images/theme-1950s.png[0K
 delete mode 100644 themes/hugo-academic/images/theme-apogee.png[0K
 delete mode 100644 themes/hugo-academic/images/theme-coffee-playfair.png[0K
 delete mode 100644 themes/hugo-academic/images/theme-cupcake.png[0K
 delete mode 100644 themes/hugo-academic/images/theme-dark.png[0K
 delete mode 100644 themes/hugo-academic/images/theme-default.png[0K
 delete mode 100644 themes/hugo-academic/images/theme-forest.png[0K
 delete mode 100644 themes/hugo-academic/images/theme-ocean.png[0K
 delete mode 100644 themes/hugo-academic/images/theme-spacer.png[0K
 delete mode 100644 themes/hugo-academic/images/tn.png[0K
 delete mode 100644 themes/hugo-academic/layouts/404.html[0K
 delete mode 100644 themes/hugo-academic/layouts/_default/list.html[0K
 delete mode 100644 themes/hugo-academic/layouts/_default/single.html[0K
 delete mode 100644 themes/hugo-academic/layouts/docs/list.html[0K
 delete mode 100644 themes/hugo-academic/layouts/docs/single.html[0K
 delete mode 100644 themes/hugo-academic/layouts/home/list.html[0K
 delete mode 100644 themes/hugo-academic/layouts/home/single.html[0K
 delete mode 100644 themes/hugo-academic/layouts/index.css[0K
 delete mode 100644 themes/hugo-academic/layouts/index.html[0K
 delete mode 100644 themes/hugo-academic/layouts/index.json[0K
 delete mode 100644 themes/hugo-academic/layouts/partials/comments.html[0K
 delete mode 100644 themes/hugo-academic/layouts/partials/cookie_consent.html[0K
 delete mode 100644 themes/hugo-academic/layouts/partials/css/academic.css[0K
 delete mode 100644 themes/hugo-academic/layouts/partials/css/parse_theme.css[0K
 delete mode 100644 themes/hugo-academic/layouts/partials/docs_layout.html[0K
 delete mode 100644 themes/hugo-academic/layouts/partials/docs_sidebar.html[0K
 delete mode 100644 themes/hugo-academic/layouts/partials/docs_toc_foot.html[0K
 delete mode 100644 themes/hugo-academic/layouts/partials/footer.html[0K
 delete mode 100644 themes/hugo-academic/layouts/partials/footer_container.html[0K
 delete mode 100644 themes/hugo-academic/layouts/partials/footer_section.html[0K
 delete mode 100644 themes/hugo-academic/layouts/partials/head_custom.html[0K[1G[?25h[?25l
 delete mode 100644 themes/hugo-academic/layouts/partials/header.html[0K
 delete mode 100644 themes/hugo-academic/layouts/partials/navbar.html[0K
 delete mode 100644 themes/hugo-academic/layouts/partials/page_author.html[0K
 delete mode 100644 themes/hugo-academic/layouts/partials/page_header.html[0K
 delete mode 100644 themes/hugo-academic/layouts/partials/page_metadata.html[0K
 delete mode 100644 themes/hugo-academic/layouts/partials/pagination.html[0K
 delete mode 100644 themes/hugo-academic/layouts/partials/post_li_detailed.html[0K
 delete mode 100644 themes/hugo-academic/layouts/partials/post_li_simple.html[0K
 delete mode 100644 themes/hugo-academic/layouts/partials/post_li_stream.html[0K
 delete mode 100644 themes/hugo-academic/layouts/partials/publication_li_apa.html[0K
 delete mode 100644 themes/hugo-academic/layouts/partials/publication_li_detailed.html[0K
 delete mode 100644 themes/hugo-academic/layouts/partials/publication_li_mla.html[0K
 delete mode 100644 themes/hugo-academic/layouts/partials/publication_li_simple.html[0K
 delete mode 100644 themes/hugo-academic/layouts/partials/publication_li_stream.html[0K
 delete mode 100644 themes/hugo-academic/layouts/partials/publication_links.html[0K
 delete mode 100644 themes/hugo-academic/layouts/partials/section_pager.html[0K
 delete mode 100644 themes/hugo-academic/layouts/partials/share.html[0K
 delete mode 100644 themes/hugo-academic/layouts/partials/slides.html[0K
 delete mode 100644 themes/hugo-academic/layouts/partials/tags.html[0K
 delete mode 100644 themes/hugo-academic/layouts/partials/talk_li_detailed.html[0K
 delete mode 100644 themes/hugo-academic/layouts/partials/talk_li_simple.html[0K
 delete mode 100644 themes/hugo-academic/layouts/partials/talk_li_stream.html[0K
 delete mode 100644 themes/hugo-academic/layouts/partials/talk_links.html[0K
 delete mode 100644 themes/hugo-academic/layouts/partials/widget_page.html[0K
 delete mode 100644 themes/hugo-academic/layouts/partials/widgets/about.html[0K
 delete mode 100644 themes/hugo-academic/layouts/partials/widgets/contact.html[0K
 delete mode 100644 themes/hugo-academic/layouts/partials/widgets/custom.html[0K
 delete mode 100644 themes/hugo-academic/layouts/partials/widgets/experience.html[0K
 delete mode 100644 themes/hugo-academic/layouts/partials/widgets/featurette.html[0K
 delete mode 100644 themes/hugo-academic/layouts/partials/widgets/hero.html[0K
 delete mode 100644 themes/hugo-academic/layouts/partials/widgets/hero_carousel.html[0K
 delete mode 100644 themes/hugo-academic/layouts/partials/widgets/posts.html[0K
 delete mode 100644 themes/hugo-academic/layouts/partials/widgets/projects.html[0K
 delete mode 100644 themes/hugo-academic/layouts/partials/widgets/publications.html[0K
 delete mode 100644 themes/hugo-academic/layouts/partials/widgets/publications_selected.html[0K
 delete mode 100644 themes/hugo-academic/layouts/partials/widgets/search.html[0K
 delete mode 100644 themes/hugo-academic/layouts/partials/widgets/tag_cloud.html[0K
 delete mode 100644 themes/hugo-academic/layouts/partials/widgets/talks.html[0K
 delete mode 100644 themes/hugo-academic/layouts/partials/widgets/talks_selected.html[0K
 delete mode 100644 themes/hugo-academic/layouts/project/single.html[0K
 delete mode 100644 themes/hugo-academic/layouts/publication/single.html[0K
 delete mode 100644 themes/hugo-academic/layouts/rss.xml[0K
 delete mode 100644 themes/hugo-academic/layouts/section/home.html[0K
 delete mode 100644 themes/hugo-academic/layouts/section/post.html[0K
 delete mode 100644 themes/hugo-academic/layouts/section/publication.html[0K
 delete mode 100644 themes/hugo-academic/layouts/section/talk.html[0K
 delete mode 100644 themes/hugo-academic/layouts/shortcodes/alert.html[0K
 delete mode 100644 themes/hugo-academic/layouts/shortcodes/figure.html[0K
 delete mode 100644 themes/hugo-academic/layouts/shortcodes/fragment.html[0K
 delete mode 100644 themes/hugo-academic/layouts/shortcodes/gallery.html[0K
 delete mode 100644 themes/hugo-academic/layouts/shortcodes/gdocs.html[0K
 delete mode 100644 themes/hugo-academic/layouts/shortcodes/hl.html[0K
 delete mode 100644 themes/hugo-academic/layouts/shortcodes/list_categories.html[0K
 delete mode 100644 themes/hugo-academic/layouts/shortcodes/list_tags.html[0K
 delete mode 100644 themes/hugo-academic/layouts/shortcodes/slide.html[0K
 delete mode 100644 themes/hugo-academic/layouts/shortcodes/speaker_note.html[0K
 delete mode 100644 themes/hugo-academic/layouts/shortcodes/staticref.html[0K
 delete mode 100644 themes/hugo-academic/layouts/shortcodes/toc.html[0K
 delete mode 100644 themes/hugo-academic/layouts/shortcodes/video.html[0K
 delete mode 100644 themes/hugo-academic/layouts/sitemap.xml[0K
 delete mode 100644 themes/hugo-academic/layouts/slides/baseof.html[0K
 delete mode 100644 themes/hugo-academic/layouts/slides/list.html[0K
 delete mode 100644 themes/hugo-academic/layouts/slides/single.html[0K[1G[?25h[?25l
 delete mode 100644 themes/hugo-academic/layouts/talk/single.html[0K
 delete mode 100644 themes/hugo-academic/static/img/icon-192.png[0K
 delete mode 100644 themes/hugo-academic/static/img/icon.png[0K
 delete mode 100644 themes/hugo-academic/static/img/portrait.jpg[0K
 delete mode 100644 themes/hugo-academic/static/js/hugo-academic.js[0K
 delete mode 100644 themes/hugo-academic/static/js/search.js[0K
 delete mode 100644 themes/hugo-academic/static/js/vendor/reveal.js/plugin/notes/notes.html[0K
 delete mode 100644 themes/hugo-academic/static/js/vendor/reveal.js/plugin/notes/notes.js[0K
 delete mode 100644 themes/hugo-academic/static/site.webmanifest[0K
 delete mode 100644 themes/hugo-academic/theme.toml[0K
berg@DESKTOP-9FGA5E4:/mnt/c/Users/Stephen Berg/Dropbox/myWebsite$[0K[67G[?25h[?25lberg@DESKTOP-9FGA5E4:/mnt/c/Users/Stephen Berg/Dropbox/myWebsite$ g[0K[?25hi[0K[?25lt[0K[69G[?25h[70G[71G[?25lberg@DESKTOP-9FGA5E4:/mnt/c/Users/Stephen Berg/Dropbox/myWebsite$ git p[0K[?25h[?25lu[0K[72G[?25h[73G[?25lberg@DESKTOP-9FGA5E4:/mnt/c/Users/Stephen Berg/Dropbox/myWebsite$ git pus[0K[73G[?25h[74G[?25lberg@DESKTOP-9FGA5E4:/mnt/c/Users/Stephen Berg/Dropbox/myWebsite$ git push[0K[?25h[76G[?25lberg@DESKTOP-9FGA5E4:/mnt/c/Users/Stephen Berg/Dropbox/myWebsite$ git push o[0K[?25h[78G[?25lberg@DESKTOP-9FGA5E4:/mnt/c/Users/Stephen Berg/Dropbox/myWebsite$ git push ori[0K[?25hg[0Ki[0K[83G[?25lberg@DESKTOP-9FGA5E4:/mnt/c/Users/Stephen Berg/Dropbox/myWebsite$ git push origin m[0K[?25ha[0Ks[0Kt[0Ke[0K[?25l
[0K[?25hUsername for 'https://github.com':[0K[36G[?25lUsername for 'https://github.com': s[0K[?25he[0Kp[0Kh[0Ke[0Kn[0Kb[0Ke[0Kr[0Kg[0K[?25l
[0K[?25hCounting objects: 3, done.[0K[?25l
Delta compression using up to 8 threads.[0K
Compressing objects: 100% (1/1), done.[0K
Writing objects: 100% (2/2), 236 bytes | 0 bytes/s, done.[0K
Total 2 (delta 0), reused 0 (delta 0)[0K
[0K[?25hTo https://github.com/stephenberg/stephenberg.github.io.git[0K[?25l
   1150973..d41905a  master -> master[0K
[0K[?25hberg@DESKTOP-9FGA5E4:/mnt/c/Users/Stephen Berg/Dropbox/myWebsite$[0K[67G[?25lberg@DESKTOP-9FGA5E4:/mnt/c/Users/Stephen Berg/Dropbox/myWebsite$ g[0K[?25hi[0Kt[0K[71G[?25lberg@DESKTOP-9FGA5E4:/mnt/c/Users/Stephen Berg/Dropbox/myWebsite$ git a[0K[?25hd[0Kd[0K[75G[?25lberg@DESKTOP-9FGA5E4:/mnt/c/Users/Stephen Berg/Dropbox/myWebsite$ git add p[0K[?25h[?25lu[0K[76G[?25h[77G[?25l
[0K[?25hberg@DESKTOP-9FGA5E4:/mnt/c/Users/Stephen Berg/Dropbox/myWebsite$[0K[67G[?25lberg@DESKTOP-9FGA5E4:/mnt/c/Users/Stephen Berg/Dropbox/myWebsite$ git add public/[0K[?25h.[0K[?25l
[0K[?25hberg@DESKTOP-9FGA5E4:/mnt/c/Users/Stephen Berg/Dropbox/myWebsite$[0K[67G[?25lberg@DESKTOP-9FGA5E4:/mnt/c/Users/Stephen Berg/Dropbox/myWebsite$ g[0K[?25h[?25lt[0K[69G[?25h[70G[71G[?25lberg@DESKTOP-9FGA5E4:/mnt/c/Users/Stephen Berg/Dropbox/myWebsite$ git c[0K[71G[?25h[72G[?25lberg@DESKTOP-9FGA5E4:/mnt/c/Users/Stephen Berg/Dropbox/myWebsite$ git co[0K[?25hm[0Km[0Ki[0K[?25lt[0K[76G[?25h[77G[78G[?25lberg@DESKTOP-9FGA5E4:/mnt/c/Users/Stephen Berg/Dropbox/myWebsite$ git commit -[0K[?25hm[0K[81G[?25lberg@DESKTOP-9FGA5E4:/mnt/c/Users/Stephen Berg/Dropbox/myWebsite$ git commit -m "[0K[?25hc[0Ko[0K[?25lm[0K[84G[?25h[85G[?25lberg@DESKTOP-9FGA5E4:/mnt/c/Users/Stephen Berg/Dropbox/myWebsite$ git commit -m "comm[0K[?25hi[0Kt[0K[89G[?25lberg@DESKTOP-9FGA5E4:/mnt/c/Users/Stephen Berg/Dropbox/myWebsite$ git commit -m "commit p[0K[?25hu[0Kb[0Kl[0Ki[0Kc[0K"[0K[?25l
[0K[?25h[master 72f8d9d] commit public[0K[?25l
[0K[?25h 115 files changed, 19979 insertions(+)[0K[?25l
 create mode 100644 public/404.html[0K
 create mode 100644 public/categories/index.html[0K
 create mode 100644 public/categories/index.xml[0K
 create mode 100644 public/categories/page/1/index.html[0K
 create mode 100644 public/categories/r/index.html[0K
 create mode 100644 public/categories/r/index.xml[0K
 create mode 100644 public/categories/r/page/1/index.html[0K
 create mode 100644 public/css/reveal_custom.min.css[0K
 create mode 100644 public/cv/BergResume.aux[0K
 create mode 100644 public/cv/BergResume.log[0K
 create mode 100644 public/cv/BergResume.out[0K
 create mode 100644 public/cv/BergResume.pdf[0K
 create mode 100644 public/cv/BergResume.synctex.gz[0K
 create mode 100644 public/cv/BergResume.tex[0K
 create mode 100644 public/home/index.xml[0K
 create mode 100644 public/img/1kdependentSubsection 1 .png[0K
 create mode 100644 public/img/boards.jpg[0K
 create mode 100644 public/img/headers/bubbles-wide.jpg[0K
 create mode 100644 public/img/icon-192.png[0K
 create mode 100644 public/img/icon.png[0K
 create mode 100644 public/img/portrait.jpg[0K
 create mode 100644 public/index.html[0K
 create mode 100644 public/index.json[0K
 create mode 100644 public/index.xml[0K
 create mode 100644 public/js/hugo-academic.js[0K
 create mode 100644 public/js/mathjax-config.500a6cbb2c0f345fcecc21b3116d6637aa78f1f11db8081ea581abe05390c2e8f3bbffe61be3cf0217baf785c40efceabe510[0K5
0a4f007e69af94efd3643260e8.js[0K
 create mode 100644 public/js/search.js[0K
 create mode 100644 public/js/vendor/reveal.js/plugin/notes/notes.html[0K
 create mode 100644 public/js/vendor/reveal.js/plugin/notes/notes.js[0K
 create mode 100644 public/post/2015-07-23-r-rmarkdown/index.html[0K
 create mode 100644 public/post/2015-07-23-r-rmarkdown_files/figure-html/pie-1.png[0K
 create mode 100644 public/post/2018-10-29-test-post-by-me_files/barkPlot.png[0K
 create mode 100644 public/post/2018-10-29-test-post-by-me_files/fig4-5.png[0K
 create mode 100644 public/post/getting-started/featured.jpg[0K
 create mode 100644 public/post/getting-started/featured_hub9ee31969f44a6711206a2baf9f065b4_241861_150x0_resize_q75_box.jpg[0K
 create mode 100644 public/post/getting-started/featured_hub9ee31969f44a6711206a2baf9f065b4_241861_1600x400_fill_q90_box_smart1.jpg[0K
 create mode 100644 public/post/getting-started/featured_hub9ee31969f44a6711206a2baf9f065b4_241861_680x500_fill_q90_box_smart1.jpg[0K
 create mode 100644 public/post/getting-started/index.html[0K
 create mode 100644 public/post/index.html[0K
 create mode 100644 public/post/index.xml[0K
 create mode 100644 public/post/page/1/index.html[0K
 create mode 100644 public/post/test-post-by-me/index.html[0K
 create mode 100644 public/privacy/index.html[0K
 create mode 100644 public/project/external-project/featured.jpg[0K
 create mode 100644 public/project/external-project/featured_hu3d03a01dcc18bc5be0e67db3d8d209a6_329522_1600x400_fill_q90_box_smart1.jpg[0K
 create mode 100644 public/project/external-project/featured_hu3d03a01dcc18bc5be0e67db3d8d209a6_329522_550x550_fill_q90_box_smart1.jpg[0K
 create mode 100644 public/project/external-project/featured_hu3d03a01dcc18bc5be0e67db3d8d209a6_329522_680x500_fill_q90_box_smart1.jpg[0K
 create mode 100644 public/project/external-project/index.html[0K
 create mode 100644 public/project/index.html[0K
 create mode 100644 public/project/index.xml[0K
 create mode 100644 public/project/internal-project/featured.jpg[0K
 create mode 100644 public/project/internal-project/featured_hu3d03a01dcc18bc5be0e67db3d8d209a6_224363_1600x400_fill_q90_box_smart1.jpg[0K
 create mode 100644 public/project/internal-project/featured_hu3d03a01dcc18bc5be0e67db3d8d209a6_224363_550x550_fill_q90_box_smart1.jpg[0K
 create mode 100644 public/project/internal-project/featured_hu3d03a01dcc18bc5be0e67db3d8d209a6_224363_680x500_fill_q90_box_smart1.jpg[0K
 create mode 100644 public/project/internal-project/index.html[0K
 create mode 100644 public/project/page/1/index.html[0K
 create mode 100644 public/publication/clothing-search/cite.bib[0K
 create mode 100644 public/publication/clothing-search/featured.jpg[0K
 create mode 100644 public/publication/clothing-search/featured_hu3d03a01dcc18bc5be0e67db3d8d209a6_312700_150x0_resize_q75_box.jpg[0K
 create mode 100644 public/publication/clothing-search/featured_hu3d03a01dcc18bc5be0e67db3d8d209a6_312700_1600x400_fill_q90_box_smart1.jpg[0K
 create mode 100644 public/publication/clothing-search/featured_hu3d03a01dcc18bc5be0e67db3d8d209a6_312700_680x500_fill_q90_box_smart1.jpg[0K
 create mode 100644 public/publication/clothing-search/featured_hu3d03a01dcc18bc5be0e67db3d8d209a6_312700_918x517_fill_q90_box_smart1.jpg[0K
 create mode 100644 public/publication/clothing-search/index.html[0K[1G[?25h[?25l
 create mode 100644 public/publication/index.html[0K
 create mode 100644 public/publication/index.xml[0K
 create mode 100644 public/publication/person-re-id/featured.jpg[0K
 create mode 100644 public/publication/person-re-id/featured_hu3d03a01dcc18bc5be0e67db3d8d209a6_214168_150x0_resize_q75_box.jpg[0K
 create mode 100644 public/publication/person-re-id/featured_hu3d03a01dcc18bc5be0e67db3d8d209a6_214168_1600x400_fill_q90_box_smart1.jpg[0K
 create mode 100644 public/publication/person-re-id/featured_hu3d03a01dcc18bc5be0e67db3d8d209a6_214168_680x500_fill_q90_box_smart1.jpg[0K
 create mode 100644 public/publication/person-re-id/index.html[0K
 create mode 100644 public/publication_types/1/index.html[0K
 create mode 100644 public/publication_types/1/index.xml[0K
 create mode 100644 public/publication_types/1/page/1/index.html[0K
 create mode 100644 public/publication_types/2/index.html[0K
 create mode 100644 public/publication_types/2/index.xml[0K
 create mode 100644 public/publication_types/2/page/1/index.html[0K
 create mode 100644 public/publication_types/index.html[0K
 create mode 100644 public/publication_types/index.xml[0K
 create mode 100644 public/publication_types/page/1/index.html[0K
 create mode 100644 public/site.webmanifest[0K
 create mode 100644 public/sitemap.xml[0K
 create mode 100644 public/slides/example-slides/index.html[0K
 create mode 100644 public/slides/index.xml[0K
 create mode 100644 public/styles.css[0K
 create mode 100644 public/tags/academic/index.html[0K
 create mode 100644 public/tags/academic/index.xml[0K
 create mode 100644 public/tags/academic/page/1/index.html[0K
 create mode 100644 public/tags/deep-learning/index.html[0K
 create mode 100644 public/tags/deep-learning/index.xml[0K
 create mode 100644 public/tags/deep-learning/page/1/index.html[0K
 create mode 100644 public/tags/demo/index.html[0K
 create mode 100644 public/tags/demo/index.xml[0K
 create mode 100644 public/tags/demo/page/1/index.html[0K
 create mode 100644 public/tags/index.html[0K
 create mode 100644 public/tags/index.xml[0K
 create mode 100644 public/tags/page/1/index.html[0K
 create mode 100644 public/tags/plot/index.html[0K
 create mode 100644 public/tags/plot/index.xml[0K
 create mode 100644 public/tags/plot/page/1/index.html[0K
 create mode 100644 public/tags/r-markdown/index.html[0K
 create mode 100644 public/tags/r-markdown/index.xml[0K
 create mode 100644 public/tags/r-markdown/page/1/index.html[0K
 create mode 100644 public/tags/regression/index.html[0K
 create mode 100644 public/tags/regression/index.xml[0K
 create mode 100644 public/tags/regression/page/1/index.html[0K
 create mode 100644 public/talk/example/featured.jpg[0K
 create mode 100644 public/talk/example/featured_hu3d03a01dcc18bc5be0e67db3d8d209a6_620088_150x0_resize_q75_box.jpg[0K
 create mode 100644 public/talk/example/featured_hu3d03a01dcc18bc5be0e67db3d8d209a6_620088_1600x400_fill_q90_box_right.jpg[0K
 create mode 100644 public/talk/example/featured_hu3d03a01dcc18bc5be0e67db3d8d209a6_620088_680x500_fill_q90_box_right.jpg[0K
 create mode 100644 public/talk/example/index.html[0K
 create mode 100644 public/talk/index.html[0K
 create mode 100644 public/talk/index.xml[0K
 create mode 100644 public/tutorial/example/index.html[0K
 create mode 100644 public/tutorial/index.html[0K
 create mode 100644 public/tutorial/index.xml[0K
berg@DESKTOP-9FGA5E4:/mnt/c/Users/Stephen Berg/Dropbox/myWebsite$[0K[67G[?25h[?25lberg@DESKTOP-9FGA5E4:/mnt/c/Users/Stephen Berg/Dropbox/myWebsite$ p[0K[?25h[?25lberg@DESKTOP-9FGA5E4:/mnt/c/Users/Stephen Berg/Dropbox/myWebsite$[0K[67G[?25h[?25lberg@DESKTOP-9FGA5E4:/mnt/c/Users/Stephen Berg/Dropbox/myWebsite$ g[0K[?25hi[0Kt[0K[71G[?25lberg@DESKTOP-9FGA5E4:/mnt/c/Users/Stephen Berg/Dropbox/myWebsite$ git p[0K[?25hu[0Ks[0Kh[0K[76G[?25lberg@DESKTOP-9FGA5E4:/mnt/c/Users/Stephen Berg/Dropbox/myWebsite$ git push o[0K[?25hr[0K[?25li[0K[78G[?25h[79G[?25lberg@DESKTOP-9FGA5E4:/mnt/c/Users/Stephen Berg/Dropbox/myWebsite$ git push orig[0K[?25hi[0K[?25lberg@DESKTOP-9FGA5E4:/mnt/c/Users/Stephen Berg/Dropbox/myWebsite$ git push origin m[0K[83G[?25h[84G[?25lberg@DESKTOP-9FGA5E4:/mnt/c/Users/Stephen Berg/Dropbox/myWebsite$ git push origin ma[0K[?25hs[0K[?25lt[0K[86G[?25h[87G[?25lberg@DESKTOP-9FGA5E4:/mnt/c/Users/Stephen Berg/Dropbox/myWebsite$ git push origin maste[0K[?25hr[0K[?25l
[0K[?25hUsername for 'https://github.com':[0K[36G[?25lUsername for 'https://github.com': s[0K[?25ht[0Ke[0Kp[0Kh[0Ke[0Kn[0Kb[0Ke[0Kr[0Kg[0K[?25l
Password for 'https://stephenberg@github.com':[0K[48G[?25h[?25l
[0K[?25hCounting objects: 189, done.[0K[?25l
[0K[?25hDelta compression using up to 8 threads.[0K[?25l
Compressing objects:  12% (18/146)[0K[1G[?25h[?25lCompressing objects:  86% (126/146)[0K[1G[?25h[?25lCompressing objects:  88% (129/146)[0K[1G[?25h[?25lCompressing objects:  89% (130/146)[0K[1G[?25h[?25lCompressing objects:  92% (135/146)[0K[1G[?25h[?25lCompressing objects:  93% (136/146)[0K[1G[?25h[?25lCompressing objects:  98% (144/146)[0K[1G[?25hCompressing objects: 100% (146/146), done.[0K[?25l
Writing objects:  19% (36/188)[0K[1G[?25h[?25lWriting objects:  21% (40/188)[0K[1G[?25h[?25lWriting objects:  37% (70/188), 1.07 MiB | 995.00 KiB/s[0K[1G[?25h[?25lWriting objects:  43% (81/188), 1.07 MiB | 995.00 KiB/s[0K[1G[?25h[?25lWriting objects:  47% (89/188), 1.07 MiB | 995.00 KiB/s[0K[1G[?25h[?25lWriting objects:  48% (91/188), 1.07 MiB | 995.00 KiB/s[0K[1G[?25h[?25lWriting objects:  49% (93/188), 2.00 MiB | 1.24 MiB/s[0K[1G[?25h[?25lWriting objects:  53% (100/188), 2.00 MiB | 1.24 MiB/s[0K[1G[?25h[?25lWriting objects:  54% (102/188), 2.00 MiB | 1.24 MiB/s[0K[1G[?25h[?25lWriting objects:  57% (108/188), 2.00 MiB | 1.24 MiB/s[0K[1G[?25h[?25lWriting objects:  94% (177/188), 2.00 MiB | 1.24 MiB/s[0K[1G[?25h[?25lWriting objects:  95% (179/188), 3.08 MiB | 1.43 MiB/s[0K[1G[?25hWriting objects: 100% (188/188), 3.75 MiB | 1.43 MiB/s, done.[0K[?25l
Total 188 (delta 53), reused 0 (delta 0)[0K
[0K[?25hTo https://github.com/stephenberg/stephenberg.github.io.git[0K[?25l
   d41905a..72f8d9d  master -> master[0K
berg@DESKTOP-9FGA5E4:/mnt/c/Users/Stephen Berg/Dropbox/myWebsite$[0K[67G[?25h[?25lberg@DESKTOP-9FGA5E4:/mnt/c/Users/Stephen Berg/Dropbox/myWebsite$ git push origin master[0K[?25h[?25lberg@DESKTOP-9FGA5E4:/mnt/c/Users/Stephen Berg/Dropbox/myWebsite$ git commit -m "commit public"[0K[?25h[?25lberg@DESKTOP-9FGA5E4:/mnt/c/Users/Stephen Berg/Dropbox/myWebsite$ git add public/.[0K[96G[?25h[83G[?25lberg@DESKTOP-9FGA5E4:/mnt/c/Users/Stephen Berg/Dropbox/myWebsite$ git add public/[0K[?25h[?25lberg@DESKTOP-9FGA5E4:/mnt/c/Users/Stephen Berg/Dropbox/myWebsite$ git push origin master[0K[?25h[?25lberg@DESKTOP-9FGA5E4:/mnt/c/Users/Stephen Berg/Dropbox/myWebsite$ git commit -m "remove files"[0K[?25h[?25lberg@DESKTOP-9FGA5E4:/mnt/c/Users/Stephen Berg/Dropbox/myWebsite$ git rm -r --cached *[0K[?25h[?25l
[0K[?25hfatal: pathspec 'config.toml' did not match any files[0K[?25l
berg@DESKTOP-9FGA5E4:/mnt/c/Users/Stephen Berg/Dropbox/myWebsite$[0K[67G[?25h[?25lberg@DESKTOP-9FGA5E4:/mnt/c/Users/Stephen Berg/Dropbox/myWebsite$ git rm -r --cached *[0K[?25h[?25lberg@DESKTOP-9FGA5E4:/mnt/c/Users/Stephen Berg/Dropbox/myWebsite$ git rm -r --cached[0K[86G[?25h[?25l
usage: git rm [options] [--] <file>...[0K
[0K
    -n, --dry-run         dry run[0K
    -q, --quiet           do not list removed files[0K
    --cached              only remove from the index[0K[?25h[?25l
    -f, --force           override the up-to-date check[0K
    -r                    allow recursive removal[0K
    --ignore-unmatch      exit with a zero status even if nothing matched[0K
[0K
berg@DESKTOP-9FGA5E4:/mnt/c/Users/Stephen Berg/Dropbox/myWebsite$[0K[67G[?25h[?25lberg@DESKTOP-9FGA5E4:/mnt/c/Users/Stephen Berg/Dropbox/myWebsite$ git rm -r --cached[0K[86G[?25h[?25lberg@DESKTOP-9FGA5E4:/mnt/c/Users/Stephen Berg/Dropbox/myWebsite$ git rm -r --cached *[0K[?25h[?25l
[0K[?25hfatal: pathspec 'config.toml' did not match any files[0K[?25l
berg@DESKTOP-9FGA5E4:/mnt/c/Users/Stephen Berg/Dropbox/myWebsite$[0K[67G[?25h[?25lberg@DESKTOP-9FGA5E4:/mnt/c/Users/Stephen Berg/Dropbox/myWebsite$ g[0K[?25hi[0Kt[0K[71G[?25lberg@DESKTOP-9FGA5E4:/mnt/c/Users/Stephen Berg/Dropbox/myWebsite$ git p[0K[?25hu[0Ks[0Kh[0K[?25l
[0K[?25hwarning: push.default is unset; its implicit value is changing in[0K[?25l
Git 2.0 from 'matching' to 'simple'. To squelch this message[0K
and maintain the current behavior after the default changes, use:[0K
[0K
  git config --global push.default matching[0K
[0K
To squelch this message and adopt the new behavior now, use:[0K
[0K
  git config --global push.default simple[0K
[0K
When push.default is set to 'matching', git will push local branches[0K
to the remote branches that already exist with the same name.[0K
[0K
In Git 2.0, Git will default to the more conservative 'simple'[0K
behavior, which only pushes the current branch to the corresponding[0K
remote branch that 'git pull' uses to update the current branch.[0K
[0K
See 'git help config' and search for 'push.default' for further information.[0K
(the 'simple' mode was introduced in Git 1.7.11. Use the similar mode[0K
'current' instead of 'simple' if you sometimes use older versions of Git)[0K
[0K
[0K[?25hUsername for 'https://github.com':[0K[36G[?25lUsername for 'https://github.com': s[0K[?25ht[0Ke[0Kp[0Kh[0Ke[0Kn[0Kb[0Ke[0Kr[0Kg[0K[?25l
Password for 'https://stephenberg@github.com':[0K[48G[?25h[?25l
[0K[?25hEverything up-to-date[0K[?25l
berg@DESKTOP-9FGA5E4:/mnt/c/Users/Stephen Berg/Dropbox/myWebsite$[0K[67G[?25h[?25lberg@DESKTOP-9FGA5E4:/mnt/c/Users/Stephen Berg/Dropbox/myWebsite$ g[0K[?25h[?25li[0K[68G[?25h[69G[?25lberg@DESKTOP-9FGA5E4:/mnt/c/Users/Stephen Berg/Dropbox/myWebsite$ git[0K[?25h[71G[?25lberg@DESKTOP-9FGA5E4:/mnt/c/Users/Stephen Berg/Dropbox/myWebsite$ git push[0K[?25h[?25lberg@DESKTOP-9FGA5E4:/mnt/c/Users/Stephen Berg/Dropbox/myWebsite$ git rm -r --cached *[0K[?25h[?25l
fatal: pathspec 'config.toml' did not match any files[0K
berg@DESKTOP-9FGA5E4:/mnt/c/Users/Stephen Berg/Dropbox/myWebsite$[0K[67G[?25h[?25lberg@DESKTOP-9FGA5E4:/mnt/c/Users/Stephen Berg/Dropbox/myWebsite$ git rm -r --cached *[0K[?25h[?25l
fatal: pathspec 'config.toml' did not match any files[0K
berg@DESKTOP-9FGA5E4:/mnt/c/Users/Stephen Berg/Dropbox/myWebsite$[0K[67G[?25h[?25lberg@DESKTOP-9FGA5E4:/mnt/c/Users/Stephen Berg/Dropbox/myWebsite$ g[0K[?25hi[0Kt[0K[71G[?25lberg@DESKTOP-9FGA5E4:/mnt/c/Users/Stephen Berg/Dropbox/myWebsite$ git p[0K[?25hu[0Ks[0Kh[0K[?25lberg@DESKTOP-9FGA5E4:/mnt/c/Users/Stephen Berg/Dropbox/myWebsite$ git push -[0K[?25h-[0Kd[0Ke[0K[?25ll[0K[80G[?25h[81G[?25lberg@DESKTOP-9FGA5E4:/mnt/c/Users/Stephen Berg/Dropbox/myWebsite$ git push --dele[0K[?25h[?25lt[0K[82G[?25h[83G[?25lberg@DESKTOP-9FGA5E4:/mnt/c/Users/Stephen Berg/Dropbox/myWebsite$ git push --delete[0K[?25h[?25l
fatal: --delete doesn't make sense without any refs[0K
berg@DESKTOP-9FGA5E4:/mnt/c/Users/Stephen Berg/Dropbox/myWebsite$[0K[67G[?25h[?25lberg@DESKTOP-9FGA5E4:/mnt/c/Users/Stephen Berg/Dropbox/myWebsite$ g[0K[?25hi[0Kt[0K[71G[?25lberg@DESKTOP-9FGA5E4:/mnt/c/Users/Stephen Berg/Dropbox/myWebsite$ git a[0K[71G[?25h[72G[?25lberg@DESKTOP-9FGA5E4:/mnt/c/Users/Stephen Berg/Dropbox/myWebsite$ git ad[0K[?25hd[0K[?25lberg@DESKTOP-9FGA5E4:/mnt/c/Users/Stephen Berg/Dropbox/myWebsite$ git add p[0K[?25hu[0Kb[0Kl[0Kic/[0K.[0K[?25l
[0K[?25hberg@DESKTOP-9FGA5E4:/mnt/c/Users/Stephen Berg/Dropbox/myWebsite$[0K[67G[?25lberg@DESKTOP-9FGA5E4:/mnt/c/Users/Stephen Berg/Dropbox/myWebsite$ g[0K[?25h[69G[?25lberg@DESKTOP-9FGA5E4:/mnt/c/Users/Stephen Berg/Dropbox/myWebsite$ git[0K[?25h[71G[?25lberg@DESKTOP-9FGA5E4:/mnt/c/Users/Stephen Berg/Dropbox/myWebsite$ git c[0K[?25ho[0K[?25lm[0K[73G[?25h[74G[?25lberg@DESKTOP-9FGA5E4:/mnt/c/Users/Stephen Berg/Dropbox/myWebsite$ git comm[0K[?25hi[0Kt[0K[78G[?25lberg@DESKTOP-9FGA5E4:/mnt/c/Users/Stephen Berg/Dropbox/myWebsite$ git commit -[0K[?25hm[0K[81G[?25lberg@DESKTOP-9FGA5E4:/mnt/c/Users/Stephen Berg/Dropbox/myWebsite$ git commit -m "[0K[?25hr[0Km[0Ko[0Kv[0Ke[0K[89G[?25lberg@DESKTOP-9FGA5E4:/mnt/c/Users/Stephen Berg/Dropbox/myWebsite$ git commit -m "remove p[0K[?25hu[0Kb[0Kl[0Ki[0K"[0K[?25l
[0K[?25hOn branch master[0K[?25l
Your branch is up-to-date with 'origin/master'.[0K
[0K
Untracked files:[0K
        [0;31mconfig.toml[0m[0K
        [0;31mcontent/[0m[0K
        [0;31mindex.Rmd[0m[0K
        [0;31mmyWebsite.Rproj[0m[0K
        [0;31mresources/[0m[0K
        [0;31mstatic/[0m[0K
        [0;31mthemes/[0m[0K
[0K
nothing added to commit but untracked files present[0K
berg@DESKTOP-9FGA5E4:/mnt/c/Users/Stephen Berg/Dropbox/myWebsite$[0K[67G[?25h[?25lberg@DESKTOP-9FGA5E4:/mnt/c/Users/Stephen Berg/Dropbox/myWebsite$ git commit -m "remove public"[0K[?25h[?25lberg@DESKTOP-9FGA5E4:/mnt/c/Users/Stephen Berg/Dropbox/myWebsite$ git add public/.[0K[?25h[?25lberg@DESKTOP-9FGA5E4:/mnt/c/Users/Stephen Berg/Dropbox/myWebsite$ git push --delete[0K[83G[?25h[84G[?25lberg@DESKTOP-9FGA5E4:/mnt/c/Users/Stephen Berg/Dropbox/myWebsite$ git rm -r --cached *[0K[?25h[?25l
fatal: pathspec 'config.toml' did not match any files[0K
berg@DESKTOP-9FGA5E4:/mnt/c/Users/Stephen Berg/Dropbox/myWebsite$[0K[67G[?25h[?25lberg@DESKTOP-9FGA5E4:/mnt/c/Users/Stephen Berg/Dropbox/myWebsite$ git rm -r --cached *[0K[67G[?25h[87G[?25lberg@DESKTOP-9FGA5E4:/mnt/c/Users/Stephen Berg/Dropbox/myWebsite$ git rm -r --cached[0K[86G[?25h[?25lberg@DESKTOP-9FGA5E4:/mnt/c/Users/Stephen Berg/Dropbox/myWebsite$ git rm -r --cached p[0K[?25hu[0Kb[0Kl[0Ki[0Kc[0K[?25l/[0K[92G[?25h[93G[?25lberg@DESKTOP-9FGA5E4:/mnt/c/Users/Stephen Berg/Dropbox/myWebsite$ git rm -r --cached public/*[0K[?25h[?25l
[0K[?25hrm 'public/404.html'[0K[?25l
rm 'public/categories/index.html'[0K
rm 'public/categories/index.xml'[0K
rm 'public/categories/page/1/index.html'[0K
rm 'public/categories/r/index.html'[0K
rm 'public/categories/r/index.xml'[0K
rm 'public/categories/r/page/1/index.html'[0K
rm 'public/css/reveal_custom.min.css'[0K
rm 'public/cv/BergResume.aux'[0K
rm 'public/cv/BergResume.log'[0K
rm 'public/cv/BergResume.out'[0K
rm 'public/cv/BergResume.pdf'[0K
rm 'public/cv/BergResume.synctex.gz'[0K
rm 'public/cv/BergResume.tex'[0K
rm 'public/home/index.xml'[0K
rm 'public/img/1kdependentSubsection 1 .png'[0K
rm 'public/img/boards.jpg'[0K
rm 'public/img/headers/bubbles-wide.jpg'[0K
rm 'public/img/icon-192.png'[0K
rm 'public/img/icon.png'[0K
rm 'public/img/portrait.jpg'[0K
rm 'public/index.html'[0K
rm 'public/index.json'[0K
rm 'public/index.xml'[0K
rm 'public/js/hugo-academic.js'[0K
rm 'public/js/mathjax-config.500a6cbb2c0f345fcecc21b3116d6637aa78f1f11db8081ea581abe05390c2e8f3bbffe61be3cf0217baf785c40efceabe51050a4f007e69af94e[0Kf
d3643260e8.js'[0K
rm 'public/js/search.js'[0K
rm 'public/js/vendor/reveal.js/plugin/notes/notes.html'[0K
rm 'public/js/vendor/reveal.js/plugin/notes/notes.js'[0K
rm 'public/post/2015-07-23-r-rmarkdown/index.html'[0K
rm 'public/post/2015-07-23-r-rmarkdown_files/figure-html/pie-1.png'[0K
rm 'public/post/2018-10-29-test-post-by-me_files/barkPlot.png'[0K
rm 'public/post/2018-10-29-test-post-by-me_files/fig4-5.png'[0K
rm 'public/post/getting-started/featured.jpg'[0K
rm 'public/post/getting-started/featured_hub9ee31969f44a6711206a2baf9f065b4_241861_150x0_resize_q75_box.jpg'[0K
rm 'public/post/getting-started/featured_hub9ee31969f44a6711206a2baf9f065b4_241861_1600x400_fill_q90_box_smart1.jpg'[0K
rm 'public/post/getting-started/featured_hub9ee31969f44a6711206a2baf9f065b4_241861_680x500_fill_q90_box_smart1.jpg'[0K
rm 'public/post/getting-started/index.html'[0K
rm 'public/post/index.html'[0K
rm 'public/post/index.xml'[0K
rm 'public/post/page/1/index.html'[0K
rm 'public/post/test-post-by-me/index.html'[0K
rm 'public/privacy/index.html'[0K
rm 'public/project/external-project/featured.jpg'[0K
rm 'public/project/external-project/featured_hu3d03a01dcc18bc5be0e67db3d8d209a6_329522_1600x400_fill_q90_box_smart1.jpg'[0K
rm 'public/project/external-project/featured_hu3d03a01dcc18bc5be0e67db3d8d209a6_329522_550x550_fill_q90_box_smart1.jpg'[0K
rm 'public/project/external-project/featured_hu3d03a01dcc18bc5be0e67db3d8d209a6_329522_680x500_fill_q90_box_smart1.jpg'[0K
rm 'public/project/external-project/index.html'[0K
rm 'public/project/index.html'[0K
rm 'public/project/index.xml'[0K
rm 'public/project/internal-project/featured.jpg'[0K
rm 'public/project/internal-project/featured_hu3d03a01dcc18bc5be0e67db3d8d209a6_224363_1600x400_fill_q90_box_smart1.jpg'[0K
rm 'public/project/internal-project/featured_hu3d03a01dcc18bc5be0e67db3d8d209a6_224363_550x550_fill_q90_box_smart1.jpg'[0K
rm 'public/project/internal-project/featured_hu3d03a01dcc18bc5be0e67db3d8d209a6_224363_680x500_fill_q90_box_smart1.jpg'[0K
rm 'public/project/internal-project/index.html'[0K
rm 'public/project/page/1/index.html'[0K
rm 'public/publication/clothing-search/cite.bib'[0K
rm 'public/publication/clothing-search/featured.jpg'[0K
rm 'public/publication/clothing-search/featured_hu3d03a01dcc18bc5be0e67db3d8d209a6_312700_150x0_resize_q75_box.jpg'[0K
rm 'public/publication/clothing-search/featured_hu3d03a01dcc18bc5be0e67db3d8d209a6_312700_1600x400_fill_q90_box_smart1.jpg'[0K
rm 'public/publication/clothing-search/featured_hu3d03a01dcc18bc5be0e67db3d8d209a6_312700_680x500_fill_q90_box_smart1.jpg'[0K
rm 'public/publication/clothing-search/featured_hu3d03a01dcc18bc5be0e67db3d8d209a6_312700_918x517_fill_q90_box_smart1.jpg'[0K
rm 'public/publication/clothing-search/index.html'[0K
rm 'public/publication/index.html'[0K
rm 'public/publication/index.xml'[0K
rm 'public/publication/person-re-id/featured.jpg'[0K
rm 'public/publication/person-re-id/featured_hu3d03a01dcc18bc5be0e67db3d8d209a6_214168_150x0_resize_q75_box.jpg'[0K
rm 'public/publication/person-re-id/featured_hu3d03a01dcc18bc5be0e67db3d8d209a6_214168_1600x400_fill_q90_box_smart1.jpg'[0K
rm 'public/publication/person-re-id/featured_hu3d03a01dcc18bc5be0e67db3d8d209a6_214168_680x500_fill_q90_box_smart1.jpg'[0K
rm 'public/publication/person-re-id/index.html'[0K
rm 'public/publication_types/1/index.html'[0K
rm 'public/publication_types/1/index.xml'[0K
rm 'public/publication_types/1/page/1/index.html'[0K
rm 'public/publication_types/2/index.html'[0K
rm 'public/publication_types/2/index.xml'[0K
rm 'public/publication_types/2/page/1/index.html'[0K
rm 'public/publication_types/index.html'[0K
rm 'public/publication_types/index.xml'[0K
rm 'public/publication_types/page/1/index.html'[0K
rm 'public/site.webmanifest'[0K
rm 'public/sitemap.xml'[0K
rm 'public/slides/example-slides/index.html'[0K
rm 'public/slides/index.xml'[0K
rm 'public/styles.css'[0K[?25h[?25l
rm 'public/tags/academic/index.html'[0K
rm 'public/tags/academic/index.xml'[0K
rm 'public/tags/academic/page/1/index.html'[0K
rm 'public/tags/deep-learning/index.html'[0K
rm 'public/tags/deep-learning/index.xml'[0K
rm 'public/tags/deep-learning/page/1/index.html'[0K
rm 'public/tags/demo/index.html'[0K
rm 'public/tags/demo/index.xml'[0K
rm 'public/tags/demo/page/1/index.html'[0K
rm 'public/tags/index.html'[0K
rm 'public/tags/index.xml'[0K
rm 'public/tags/page/1/index.html'[0K
rm 'public/tags/plot/index.html'[0K
rm 'public/tags/plot/index.xml'[0K
rm 'public/tags/plot/page/1/index.html'[0K
rm 'public/tags/r-markdown/index.html'[0K
rm 'public/tags/r-markdown/index.xml'[0K
rm 'public/tags/r-markdown/page/1/index.html'[0K
rm 'public/tags/regression/index.html'[0K
rm 'public/tags/regression/index.xml'[0K
rm 'public/tags/regression/page/1/index.html'[0K
rm 'public/talk/example/featured.jpg'[0K
rm 'public/talk/example/featured_hu3d03a01dcc18bc5be0e67db3d8d209a6_620088_150x0_resize_q75_box.jpg'[0K
rm 'public/talk/example/featured_hu3d03a01dcc18bc5be0e67db3d8d209a6_620088_1600x400_fill_q90_box_right.jpg'[0K
rm 'public/talk/example/featured_hu3d03a01dcc18bc5be0e67db3d8d209a6_620088_680x500_fill_q90_box_right.jpg'[0K
rm 'public/talk/example/index.html'[0K
rm 'public/talk/index.html'[0K
rm 'public/talk/index.xml'[0K
rm 'public/tutorial/example/index.html'[0K
rm 'public/tutorial/index.html'[0K
rm 'public/tutorial/index.xml'[0K
berg@DESKTOP-9FGA5E4:/mnt/c/Users/Stephen Berg/Dropbox/myWebsite$[0K[67G[?25h[?25lberg@DESKTOP-9FGA5E4:/mnt/c/Users/Stephen Berg/Dropbox/myWebsite$ g[0K[?25ht[0K[71G[?25lberg@DESKTOP-9FGA5E4:/mnt/c/Users/Stephen Berg/Dropbox/myWebsite$ git p[0K[?25hs[0K[76G[?25lberg@DESKTOP-9FGA5E4:/mnt/c/Users/Stephen Berg/Dropbox/myWebsite$ git push o[0K[76G[?25h[77G[?25lberg@DESKTOP-9FGA5E4:/mnt/c/Users/Stephen Berg/Dropbox/myWebsite$ git push or[0K[?25hi[0Kg[0K[?25lberg@DESKTOP-9FGA5E4:/mnt/c/Users/Stephen Berg/Dropbox/myWebsite$ git push origin[0K[?25h[83G[?25lberg@DESKTOP-9FGA5E4:/mnt/c/Users/Stephen Berg/Dropbox/myWebsite$ git push origin m[0K[?25ha[0Ks[0K[?25lt[0K[86G[?25h[87G[?25lberg@DESKTOP-9FGA5E4:/mnt/c/Users/Stephen Berg/Dropbox/myWebsite$ git push origin maste[0K[?25hr[0K[?25l
[0K[?25hUsername for 'https://github.com':[0K[36G[?25lUsername for 'https://github.com': s[0K[?25h[?25lUsername for 'https://github.com':[0K[36G[?25h[?25lUsername for 'https://github.com': s[0K[?25ht[0Ke[0Kp[0Kh[0Ke[0Kn[0Kb[0Ke[0K[?25lr[0K[45G[?25h[46G[?25lUsername for 'https://github.com': stephenberg[0K[?25h[?25l
Password for 'https://stephenberg@github.com':[0K[48G[?25h[?25l
[0K[?25hEverything up-to-date[0K[?25l
berg@DESKTOP-9FGA5E4:/mnt/c/Users/Stephen Berg/Dropbox/myWebsite$[0K[67G[?25h[?25lberg@DESKTOP-9FGA5E4:/mnt/c/Users/Stephen Berg/Dropbox/myWebsite$ git push origin master[0K[67G[?25h[89G[?25lberg@DESKTOP-9FGA5E4:/mnt/c/Users/Stephen Berg/Dropbox/myWebsite$ git push origin maste[0K[?25h[?25lberg@DESKTOP-9FGA5E4:/mnt/c/Users/Stephen Berg/Dropbox/myWebsite$ git push origin mast[0K[88G[?25h[87G[?25lberg@DESKTOP-9FGA5E4:/mnt/c/Users/Stephen Berg/Dropbox/myWebsite$ git push origin mas[0K[?25h[?25lberg@DESKTOP-9FGA5E4:/mnt/c/Users/Stephen Berg/Dropbox/myWebsite$ git push origin ma[0K[?25h[?25lberg@DESKTOP-9FGA5E4:/mnt/c/Users/Stephen Berg/Dropbox/myWebsite$ git push origin[0K[83G[?25h[82G[?25lberg@DESKTOP-9FGA5E4:/mnt/c/Users/Stephen Berg/Dropbox/myWebsite$ git push origi[0K[82G[?25h[?25lberg@DESKTOP-9FGA5E4:/mnt/c/Users/Stephen Berg/Dropbox/myWebsite$ git push or[0K[79G[?25h[78G[?25lberg@DESKTOP-9FGA5E4:/mnt/c/Users/Stephen Berg/Dropbox/myWebsite$ git push[0K[76G[?25h[75G[?25lberg@DESKTOP-9FGA5E4:/mnt/c/Users/Stephen Berg/Dropbox/myWebsite$ git pus[0K[?25h[?25lberg@DESKTOP-9FGA5E4:/mnt/c/Users/Stephen Berg/Dropbox/myWebsite$ git pu[0K[74G[?25h[?25lberg@DESKTOP-9FGA5E4:/mnt/c/Users/Stephen Berg/Dropbox/myWebsite$ git p[0K[73G[?25h[72G[?25lberg@DESKTOP-9FGA5E4:/mnt/c/Users/Stephen Berg/Dropbox/myWebsite$ git[0K[71G[?25h[70G[71G[?25lberg@DESKTOP-9FGA5E4:/mnt/c/Users/Stephen Berg/Dropbox/myWebsite$ git -[0K[71G[?25h[?25lberg@DESKTOP-9FGA5E4:/mnt/c/Users/Stephen Berg/Dropbox/myWebsite$ git -c[0K[?25ho[0K[?25lm[0K[74G[?25h[75G[?25lberg@DESKTOP-9FGA5E4:/mnt/c/Users/Stephen Berg/Dropbox/myWebsite$ git -comm[0K[?25hi[0Kt[0K[79G[78G[?25lberg@DESKTOP-9FGA5E4:/mnt/c/Users/Stephen Berg/Dropbox/myWebsite$ git -commi[0K[?25h[?25lberg@DESKTOP-9FGA5E4:/mnt/c/Users/Stephen Berg/Dropbox/myWebsite$ git -comm[0K[?25h[?25lberg@DESKTOP-9FGA5E4:/mnt/c/Users/Stephen Berg/Dropbox/myWebsite$ git -com[0K[?25h[?25lberg@DESKTOP-9FGA5E4:/mnt/c/Users/Stephen Berg/Dropbox/myWebsite$ git -co[0K[?25h[?25lberg@DESKTOP-9FGA5E4:/mnt/c/Users/Stephen Berg/Dropbox/myWebsite$ git -c[0K[?25h[?25lberg@DESKTOP-9FGA5E4:/mnt/c/Users/Stephen Berg/Dropbox/myWebsite$ git -[0K[73G[?25h[?25lberg@DESKTOP-9FGA5E4:/mnt/c/Users/Stephen Berg/Dropbox/myWebsite$ git[0K[72G[?25h[70G[71G[?25lberg@DESKTOP-9FGA5E4:/mnt/c/Users/Stephen Berg/Dropbox/myWebsite$ git c[0K[?25ho[0Km[0K[?25lm[0K[74G[?25h[75G[?25lberg@DESKTOP-9FGA5E4:/mnt/c/Users/Stephen Berg/Dropbox/myWebsite$ git commi[0K[?25ht[0K[78G[?25lberg@DESKTOP-9FGA5E4:/mnt/c/Users/Stephen Berg/Dropbox/myWebsite$ git commit -[0K[?25hm[0K[81G[?25lberg@DESKTOP-9FGA5E4:/mnt/c/Users/Stephen Berg/Dropbox/myWebsite$ git commit -m "[0K[?25hr[0Ke[0K[?25lm[0K[84G[?25h[85G[?25lberg@DESKTOP-9FGA5E4:/mnt/c/Users/Stephen Berg/Dropbox/myWebsite$ git commit -m "remo[0K[?25h[?25le[0K[87G[?25h[88G[?25lberg@DESKTOP-9FGA5E4:/mnt/c/Users/Stephen Berg/Dropbox/myWebsite$ git commit -m "remove"[0K[?25h[?25l
[0K[?25h[master b54af84] remove[0K[?25l
[0K[?25h 115 files changed, 19979 deletions(-)[0K[?25l
 delete mode 100644 public/404.html[0K
 delete mode 100644 public/categories/index.html[0K
 delete mode 100644 public/categories/index.xml[0K
 delete mode 100644 public/categories/page/1/index.html[0K
 delete mode 100644 public/categories/r/index.html[0K
 delete mode 100644 public/categories/r/index.xml[0K
 delete mode 100644 public/categories/r/page/1/index.html[0K
 delete mode 100644 public/css/reveal_custom.min.css[0K
 delete mode 100644 public/cv/BergResume.aux[0K
 delete mode 100644 public/cv/BergResume.log[0K
 delete mode 100644 public/cv/BergResume.out[0K
 delete mode 100644 public/cv/BergResume.pdf[0K
 delete mode 100644 public/cv/BergResume.synctex.gz[0K
 delete mode 100644 public/cv/BergResume.tex[0K
 delete mode 100644 public/home/index.xml[0K
 delete mode 100644 public/img/1kdependentSubsection 1 .png[0K
 delete mode 100644 public/img/boards.jpg[0K
 delete mode 100644 public/img/headers/bubbles-wide.jpg[0K
 delete mode 100644 public/img/icon-192.png[0K
 delete mode 100644 public/img/icon.png[0K
 delete mode 100644 public/img/portrait.jpg[0K
 delete mode 100644 public/index.html[0K
 delete mode 100644 public/index.json[0K
 delete mode 100644 public/index.xml[0K
 delete mode 100644 public/js/hugo-academic.js[0K
 delete mode 100644 public/js/mathjax-config.500a6cbb2c0f345fcecc21b3116d6637aa78f1f11db8081ea581abe05390c2e8f3bbffe61be3cf0217baf785c40efceabe510[0K5
0a4f007e69af94efd3643260e8.js[0K
 delete mode 100644 public/js/search.js[0K
 delete mode 100644 public/js/vendor/reveal.js/plugin/notes/notes.html[0K
 delete mode 100644 public/js/vendor/reveal.js/plugin/notes/notes.js[0K
 delete mode 100644 public/post/2015-07-23-r-rmarkdown/index.html[0K
 delete mode 100644 public/post/2015-07-23-r-rmarkdown_files/figure-html/pie-1.png[0K
 delete mode 100644 public/post/2018-10-29-test-post-by-me_files/barkPlot.png[0K
 delete mode 100644 public/post/2018-10-29-test-post-by-me_files/fig4-5.png[0K
 delete mode 100644 public/post/getting-started/featured.jpg[0K
 delete mode 100644 public/post/getting-started/featured_hub9ee31969f44a6711206a2baf9f065b4_241861_150x0_resize_q75_box.jpg[0K
 delete mode 100644 public/post/getting-started/featured_hub9ee31969f44a6711206a2baf9f065b4_241861_1600x400_fill_q90_box_smart1.jpg[0K
 delete mode 100644 public/post/getting-started/featured_hub9ee31969f44a6711206a2baf9f065b4_241861_680x500_fill_q90_box_smart1.jpg[0K
 delete mode 100644 public/post/getting-started/index.html[0K
 delete mode 100644 public/post/index.html[0K
 delete mode 100644 public/post/index.xml[0K
 delete mode 100644 public/post/page/1/index.html[0K
 delete mode 100644 public/post/test-post-by-me/index.html[0K
 delete mode 100644 public/privacy/index.html[0K
 delete mode 100644 public/project/external-project/featured.jpg[0K
 delete mode 100644 public/project/external-project/featured_hu3d03a01dcc18bc5be0e67db3d8d209a6_329522_1600x400_fill_q90_box_smart1.jpg[0K
 delete mode 100644 public/project/external-project/featured_hu3d03a01dcc18bc5be0e67db3d8d209a6_329522_550x550_fill_q90_box_smart1.jpg[0K
 delete mode 100644 public/project/external-project/featured_hu3d03a01dcc18bc5be0e67db3d8d209a6_329522_680x500_fill_q90_box_smart1.jpg[0K
 delete mode 100644 public/project/external-project/index.html[0K
 delete mode 100644 public/project/index.html[0K
 delete mode 100644 public/project/index.xml[0K
 delete mode 100644 public/project/internal-project/featured.jpg[0K
 delete mode 100644 public/project/internal-project/featured_hu3d03a01dcc18bc5be0e67db3d8d209a6_224363_1600x400_fill_q90_box_smart1.jpg[0K
 delete mode 100644 public/project/internal-project/featured_hu3d03a01dcc18bc5be0e67db3d8d209a6_224363_550x550_fill_q90_box_smart1.jpg[0K
 delete mode 100644 public/project/internal-project/featured_hu3d03a01dcc18bc5be0e67db3d8d209a6_224363_680x500_fill_q90_box_smart1.jpg[0K
 delete mode 100644 public/project/internal-project/index.html[0K
 delete mode 100644 public/project/page/1/index.html[0K
 delete mode 100644 public/publication/clothing-search/cite.bib[0K
 delete mode 100644 public/publication/clothing-search/featured.jpg[0K
 delete mode 100644 public/publication/clothing-search/featured_hu3d03a01dcc18bc5be0e67db3d8d209a6_312700_150x0_resize_q75_box.jpg[0K
 delete mode 100644 public/publication/clothing-search/featured_hu3d03a01dcc18bc5be0e67db3d8d209a6_312700_1600x400_fill_q90_box_smart1.jpg[0K
 delete mode 100644 public/publication/clothing-search/featured_hu3d03a01dcc18bc5be0e67db3d8d209a6_312700_680x500_fill_q90_box_smart1.jpg[0K
 delete mode 100644 public/publication/clothing-search/featured_hu3d03a01dcc18bc5be0e67db3d8d209a6_312700_918x517_fill_q90_box_smart1.jpg[0K
 delete mode 100644 public/publication/clothing-search/index.html[0K
 delete mode 100644 public/publication/index.html[0K
 delete mode 100644 public/publication/index.xml[0K[1G[?25h[?25l
 delete mode 100644 public/publication/person-re-id/featured.jpg[0K
 delete mode 100644 public/publication/person-re-id/featured_hu3d03a01dcc18bc5be0e67db3d8d209a6_214168_150x0_resize_q75_box.jpg[0K
 delete mode 100644 public/publication/person-re-id/featured_hu3d03a01dcc18bc5be0e67db3d8d209a6_214168_1600x400_fill_q90_box_smart1.jpg[0K
 delete mode 100644 public/publication/person-re-id/featured_hu3d03a01dcc18bc5be0e67db3d8d209a6_214168_680x500_fill_q90_box_smart1.jpg[0K
 delete mode 100644 public/publication/person-re-id/index.html[0K
 delete mode 100644 public/publication_types/1/index.html[0K
 delete mode 100644 public/publication_types/1/index.xml[0K
 delete mode 100644 public/publication_types/1/page/1/index.html[0K
 delete mode 100644 public/publication_types/2/index.html[0K
 delete mode 100644 public/publication_types/2/index.xml[0K
 delete mode 100644 public/publication_types/2/page/1/index.html[0K
 delete mode 100644 public/publication_types/index.html[0K
 delete mode 100644 public/publication_types/index.xml[0K
 delete mode 100644 public/publication_types/page/1/index.html[0K
 delete mode 100644 public/site.webmanifest[0K
 delete mode 100644 public/sitemap.xml[0K
 delete mode 100644 public/slides/example-slides/index.html[0K
 delete mode 100644 public/slides/index.xml[0K
 delete mode 100644 public/styles.css[0K
 delete mode 100644 public/tags/academic/index.html[0K
 delete mode 100644 public/tags/academic/index.xml[0K
 delete mode 100644 public/tags/academic/page/1/index.html[0K
 delete mode 100644 public/tags/deep-learning/index.html[0K
 delete mode 100644 public/tags/deep-learning/index.xml[0K
 delete mode 100644 public/tags/deep-learning/page/1/index.html[0K
 delete mode 100644 public/tags/demo/index.html[0K
 delete mode 100644 public/tags/demo/index.xml[0K
 delete mode 100644 public/tags/demo/page/1/index.html[0K
 delete mode 100644 public/tags/index.html[0K
 delete mode 100644 public/tags/index.xml[0K
 delete mode 100644 public/tags/page/1/index.html[0K
 delete mode 100644 public/tags/plot/index.html[0K
 delete mode 100644 public/tags/plot/index.xml[0K
 delete mode 100644 public/tags/plot/page/1/index.html[0K
 delete mode 100644 public/tags/r-markdown/index.html[0K
 delete mode 100644 public/tags/r-markdown/index.xml[0K
 delete mode 100644 public/tags/r-markdown/page/1/index.html[0K
 delete mode 100644 public/tags/regression/index.html[0K
 delete mode 100644 public/tags/regression/index.xml[0K
 delete mode 100644 public/tags/regression/page/1/index.html[0K
 delete mode 100644 public/talk/example/featured.jpg[0K
 delete mode 100644 public/talk/example/featured_hu3d03a01dcc18bc5be0e67db3d8d209a6_620088_150x0_resize_q75_box.jpg[0K
 delete mode 100644 public/talk/example/featured_hu3d03a01dcc18bc5be0e67db3d8d209a6_620088_1600x400_fill_q90_box_right.jpg[0K
 delete mode 100644 public/talk/example/featured_hu3d03a01dcc18bc5be0e67db3d8d209a6_620088_680x500_fill_q90_box_right.jpg[0K
 delete mode 100644 public/talk/example/index.html[0K
 delete mode 100644 public/talk/index.html[0K
 delete mode 100644 public/talk/index.xml[0K
 delete mode 100644 public/tutorial/example/index.html[0K
 delete mode 100644 public/tutorial/index.html[0K
 delete mode 100644 public/tutorial/index.xml[0K
berg@DESKTOP-9FGA5E4:/mnt/c/Users/Stephen Berg/Dropbox/myWebsite$[0K[67G[?25h[?25lberg@DESKTOP-9FGA5E4:/mnt/c/Users/Stephen Berg/Dropbox/myWebsite$ g[0K[67G[?25h[68G[?25lberg@DESKTOP-9FGA5E4:/mnt/c/Users/Stephen Berg/Dropbox/myWebsite$ gi[0K[?25h[71G[?25lberg@DESKTOP-9FGA5E4:/mnt/c/Users/Stephen Berg/Dropbox/myWebsite$ git p[0K[?25hu[0Ks[0Kh[0K[76G[?25lberg@DESKTOP-9FGA5E4:/mnt/c/Users/Stephen Berg/Dropbox/myWebsite$ git push o[0K[?25h[?25lr[0K[77G[?25h[78G[?25lberg@DESKTOP-9FGA5E4:/mnt/c/Users/Stephen Berg/Dropbox/myWebsite$ git push ori[0K[?25hg[0Ki[0K[?25ln[0K[81G[?25h[82G[83G[?25lberg@DESKTOP-9FGA5E4:/mnt/c/Users/Stephen Berg/Dropbox/myWebsite$ git push origin m[0K[?25ha[0Ks[0Kt[0Ke[0K[?25l
[0K[?25hUsername for 'https://github.com':[0K[36G[?25lUsername for 'https://github.com': s[0K[?25ht[0Kp[0Kh[0Ke[0Kb[0Ke[0Kg[0K[?25l
Password for 'https://stephenberg@github.com':[0K[1G[?25h[48G[?25l
[0K[?25hCounting objects: 3, done.[0K[?25l
Delta compression using up to 8 threads.[0K
Compressing objects: 100% (1/1), done.[0K
Writing objects: 100% (2/2), 231 bytes | 0 bytes/s, done.[0K
Total 2 (delta 0), reused 0 (delta 0)[0K
[0K[?25hTo https://github.com/stephenberg/stephenberg.github.io.git[0K[?25l
   72f8d9d..b54af84  master -> master[0K
[0K[?25hberg@DESKTOP-9FGA5E4:/mnt/c/Users/Stephen Berg/Dropbox/myWebsite$[0K[67G[?25lberg@DESKTOP-9FGA5E4:/mnt/c/Users/Stephen Berg/Dropbox/myWebsite$ c[0K[?25hd[0K[70G[?25lberg@DESKTOP-9FGA5E4:/mnt/c/Users/Stephen Berg/Dropbox/myWebsite$ cd p[0K[?25hu[0Kblic/[0K[?25l
berg@DESKTOP-9FGA5E4:/mnt/c/Users/Stephen Berg/Dropbox/myWebsite/public$[0K[74G[?25h[?25lberg@DESKTOP-9FGA5E4:/mnt/c/Users/Stephen Berg/Dropbox/myWebsite/public$ g[0K[?25hi[0Kt[0K[78G[?25lberg@DESKTOP-9FGA5E4:/mnt/c/Users/Stephen Berg/Dropbox/myWebsite/public$ git s[0K[78G[?25h[79G[?25lberg@DESKTOP-9FGA5E4:/mnt/c/Users/Stephen Berg/Dropbox/myWebsite/public$ git st[0K[?25ht[0Ku[0K[?25ls[0K[83G[?25h[84G[?25l
On branch master[0K
Your branch is up-to-date with 'origin/master'.[0K
[0K
Untracked files:[0K
  (use "git add <file>..." to include in what will be committed)[0K
[0K
        [0;31m../config.toml[0m[0K
        [0;31m../content/[0m[0K
        [0;31m../index.Rmd[0m[0K
        [0;31m../myWebsite.Rproj[0m[0K
        [0;31m./[0m[0K
        [0;31m../resources/[0m[0K
        [0;31m../static/[0m[0K
        [0;31m../themes/[0m[0K
[0K
nothing added to commit but untracked files present (use "git add" to track)[0K
berg@DESKTOP-9FGA5E4:/mnt/c/Users/Stephen Berg/Dropbox/myWebsite/public$[0K[74G[?25h[?25lberg@DESKTOP-9FGA5E4:/mnt/c/Users/Stephen Berg/Dropbox/myWebsite/public$ g[0K[74G[?25h[75G[?25lberg@DESKTOP-9FGA5E4:/mnt/c/Users/Stephen Berg/Dropbox/myWebsite/public$ gi[0K[?25ht[0K[78G[?25lberg@DESKTOP-9FGA5E4:/mnt/c/Users/Stephen Berg/Dropbox/myWebsite/public$ git c[0K[?25ho[0Km[0Km[0Ki[0Kt[0K[85G[84G[?25lberg@DESKTOP-9FGA5E4:/mnt/c/Users/Stephen Berg/Dropbox/myWebsite/public$ git comm[0K[?25h[?25lberg@DESKTOP-9FGA5E4:/mnt/c/Users/Stephen Berg/Dropbox/myWebsite/public$ git[0K[78G[?25h[?25lberg@DESKTOP-9FGA5E4:/mnt/c/Users/Stephen Berg/Dropbox/myWebsite/public$ git a[0K[?25h[?25ld[0K[79G[?25h[80G[?25lberg@DESKTOP-9FGA5E4:/mnt/c/Users/Stephen Berg/Dropbox/myWebsite/public$ git add[0K[?25h[82G[?25lberg@DESKTOP-9FGA5E4:/mnt/c/Users/Stephen Berg/Dropbox/myWebsite/public$ git add *[0K[?25h[?25l
[0K[?25hberg@DESKTOP-9FGA5E4:/mnt/c/Users/Stephen Berg/Dropbox/myWebsite/public$[0K[74G[?25lberg@DESKTOP-9FGA5E4:/mnt/c/Users/Stephen Berg/Dropbox/myWebsite/public$ g[0K[?25hi[0K[78G[77G[?25lberg@DESKTOP-9FGA5E4:/mnt/c/Users/Stephen Berg/Dropbox/myWebsite/public$ gi[0K[77G[?25h[76G[?25lberg@DESKTOP-9FGA5E4:/mnt/c/Users/Stephen Berg/Dropbox/myWebsite/public$ git[0K[?25h[78G[?25lberg@DESKTOP-9FGA5E4:/mnt/c/Users/Stephen Berg/Dropbox/myWebsite/public$ git s[0K[78G[?25h[79G[?25lberg@DESKTOP-9FGA5E4:/mnt/c/Users/Stephen Berg/Dropbox/myWebsite/public$ git st[0K[?25ha[0Kt[0Ku[0Ks[0K[?25l
[0K[?25hOn branch master[0K[?25l
Your branch is up-to-date with 'origin/master'.[0K
[0K
Changes to be committed:[0K
  (use "git reset HEAD <file>..." to unstage)[0K
[0K
        [0;32mnew file:   404.html[0m[0K
        [0;32mnew file:   categories/index.html[0m[0K
        [0;32mnew file:   categories/index.xml[0m[0K
        [0;32mnew file:   categories/page/1/index.html[0m[0K
        [0;32mnew file:   categories/r/index.html[0m[0K
        [0;32mnew file:   categories/r/index.xml[0m[0K
        [0;32mnew file:   categories/r/page/1/index.html[0m[0K
        [0;32mnew file:   css/reveal_custom.min.css[0m[0K
        [0;32mnew file:   cv/BergResume.aux[0m[0K
        [0;32mnew file:   cv/BergResume.log[0m[0K
        [0;32mnew file:   cv/BergResume.out[0m[0K
        [0;32mnew file:   cv/BergResume.pdf[0m[0K
        [0;32mnew file:   cv/BergResume.synctex.gz[0m[0K
        [0;32mnew file:   cv/BergResume.tex[0m[0K
        [0;32mnew file:   home/index.xml[0m[0K
        [0;32mnew file:   img/1kdependentSubsection 1 .png[0m[0K
        [0;32mnew file:   img/boards.jpg[0m[0K
        [0;32mnew file:   img/headers/bubbles-wide.jpg[0m[0K
        [0;32mnew file:   img/icon-192.png[0m[0K
        [0;32mnew file:   img/icon.png[0m[0K
        [0;32mnew file:   img/portrait.jpg[0m[0K
        [0;32mnew file:   index.html[0m[0K
        [0;32mnew file:   index.json[0m[0K
        [0;32mnew file:   index.xml[0m[0K
        [0;32mnew file:   js/hugo-academic.js[0m[0K
        [0;32mnew file:   js/mathjax-config.500a6cbb2c0f345fcecc21b3116d6637aa78f1f11db8081ea581abe05390c2e8f3bbffe61be3cf0217baf785c40efceabe51050a4f00[0K7
e69af94efd3643260e8.js[0m[0K
        [0;32mnew file:   js/search.js[0m[0K
        [0;32mnew file:   js/vendor/reveal.js/plugin/notes/notes.html[0m[0K
        [0;32mnew file:   js/vendor/reveal.js/plugin/notes/notes.js[0m[0K
        [0;32mnew file:   post/2015-07-23-r-rmarkdown/index.html[0m[0K
        [0;32mnew file:   post/2015-07-23-r-rmarkdown_files/figure-html/pie-1.png[0m[0K
        [0;32mnew file:   post/2018-10-29-test-post-by-me_files/barkPlot.png[0m[0K
        [0;32mnew file:   post/2018-10-29-test-post-by-me_files/fig4-5.png[0m[0K
        [0;32mnew file:   post/getting-started/featured.jpg[0m[0K
        [0;32mnew file:   post/getting-started/featured_hub9ee31969f44a6711206a2baf9f065b4_241861_150x0_resize_q75_box.jpg[0m[0K
        [0;32mnew file:   post/getting-started/featured_hub9ee31969f44a6711206a2baf9f065b4_241861_1600x400_fill_q90_box_smart1.jpg[0m[0K
        [0;32mnew file:   post/getting-started/featured_hub9ee31969f44a6711206a2baf9f065b4_241861_680x500_fill_q90_box_smart1.jpg[0m[0K
        [0;32mnew file:   post/getting-started/index.html[0m[0K
        [0;32mnew file:   post/index.html[0m[0K
        [0;32mnew file:   post/index.xml[0m[0K
        [0;32mnew file:   post/page/1/index.html[0m[0K
        [0;32mnew file:   post/test-post-by-me/index.html[0m[0K
        [0;32mnew file:   privacy/index.html[0m[0K
        [0;32mnew file:   project/external-project/featured.jpg[0m[0K
        [0;32mnew file:   project/external-project/featured_hu3d03a01dcc18bc5be0e67db3d8d209a6_329522_1600x400_fill_q90_box_smart1.jpg[0m[0K
        [0;32mnew file:   project/external-project/featured_hu3d03a01dcc18bc5be0e67db3d8d209a6_329522_550x550_fill_q90_box_smart1.jpg[0m[0K
        [0;32mnew file:   project/external-project/featured_hu3d03a01dcc18bc5be0e67db3d8d209a6_329522_680x500_fill_q90_box_smart1.jpg[0m[0K
        [0;32mnew file:   project/external-project/index.html[0m[0K
        [0;32mnew file:   project/index.html[0m[0K
        [0;32mnew file:   project/index.xml[0m[0K
        [0;32mnew file:   project/internal-project/featured.jpg[0m[0K
        [0;32mnew file:   project/internal-project/featured_hu3d03a01dcc18bc5be0e67db3d8d209a6_224363_1600x400_fill_q90_box_smart1.jpg[0m[0K
        [0;32mnew file:   project/internal-project/featured_hu3d03a01dcc18bc5be0e67db3d8d209a6_224363_550x550_fill_q90_box_smart1.jpg[0m[0K
        [0;32mnew file:   project/internal-project/featured_hu3d03a01dcc18bc5be0e67db3d8d209a6_224363_680x500_fill_q90_box_smart1.jpg[0m[0K
        [0;32mnew file:   project/internal-project/index.html[0m[0K
        [0;32mnew file:   project/page/1/index.html[0m[0K
        [0;32mnew file:   publication/clothing-search/cite.bib[0m[0K[1G[?25h[?25l
        [0;32mnew file:   publication/clothing-search/featured.jpg[0m[0K
        [0;32mnew file:   publication/clothing-search/featured_hu3d03a01dcc18bc5be0e67db3d8d209a6_312700_150x0_resize_q75_box.jpg[0m[0K
        [0;32mnew file:   publication/clothing-search/featured_hu3d03a01dcc18bc5be0e67db3d8d209a6_312700_1600x400_fill_q90_box_smart1.jpg[0m[0K
        [0;32mnew file:   publication/clothing-search/featured_hu3d03a01dcc18bc5be0e67db3d8d209a6_312700_680x500_fill_q90_box_smart1.jpg[0m[0K
        [0;32mnew file:   publication/clothing-search/featured_hu3d03a01dcc18bc5be0e67db3d8d209a6_312700_918x517_fill_q90_box_smart1.jpg[0m[0K
        [0;32mnew file:   publication/clothing-search/index.html[0m[0K
        [0;32mnew file:   publication/index.html[0m[0K
        [0;32mnew file:   publication/index.xml[0m[0K
        [0;32mnew file:   publication/person-re-id/featured.jpg[0m[0K
        [0;32mnew file:   publication/person-re-id/featured_hu3d03a01dcc18bc5be0e67db3d8d209a6_214168_150x0_resize_q75_box.jpg[0m[0K
        [0;32mnew file:   publication/person-re-id/featured_hu3d03a01dcc18bc5be0e67db3d8d209a6_214168_1600x400_fill_q90_box_smart1.jpg[0m[0K
        [0;32mnew file:   publication/person-re-id/featured_hu3d03a01dcc18bc5be0e67db3d8d209a6_214168_680x500_fill_q90_box_smart1.jpg[0m[0K
        [0;32mnew file:   publication/person-re-id/index.html[0m[0K
        [0;32mnew file:   publication_types/1/index.html[0m[0K
        [0;32mnew file:   publication_types/1/index.xml[0m[0K
        [0;32mnew file:   publication_types/1/page/1/index.html[0m[0K
        [0;32mnew file:   publication_types/2/index.html[0m[0K
        [0;32mnew file:   publication_types/2/index.xml[0m[0K
        [0;32mnew file:   publication_types/2/page/1/index.html[0m[0K
        [0;32mnew file:   publication_types/index.html[0m[0K
        [0;32mnew file:   publication_types/index.xml[0m[0K
        [0;32mnew file:   publication_types/page/1/index.html[0m[0K
        [0;32mnew file:   site.webmanifest[0m[0K
        [0;32mnew file:   sitemap.xml[0m[0K
        [0;32mnew file:   slides/example-slides/index.html[0m[0K
        [0;32mnew file:   slides/index.xml[0m[0K
        [0;32mnew file:   styles.css[0m[0K
        [0;32mnew file:   tags/academic/index.html[0m[0K
        [0;32mnew file:   tags/academic/index.xml[0m[0K
        [0;32mnew file:   tags/academic/page/1/index.html[0m[0K
        [0;32mnew file:   tags/deep-learning/index.html[0m[0K
        [0;32mnew file:   tags/deep-learning/index.xml[0m[0K
        [0;32mnew file:   tags/deep-learning/page/1/index.html[0m[0K
        [0;32mnew file:   tags/demo/index.html[0m[0K
        [0;32mnew file:   tags/demo/index.xml[0m[0K
        [0;32mnew file:   tags/demo/page/1/index.html[0m[0K
        [0;32mnew file:   tags/index.html[0m[0K
        [0;32mnew file:   tags/index.xml[0m[0K
        [0;32mnew file:   tags/page/1/index.html[0m[0K
        [0;32mnew file:   tags/plot/index.html[0m[0K
        [0;32mnew file:   tags/plot/index.xml[0m[0K
        [0;32mnew file:   tags/plot/page/1/index.html[0m[0K
        [0;32mnew file:   tags/r-markdown/index.html[0m[0K
        [0;32mnew file:   tags/r-markdown/index.xml[0m[0K
        [0;32mnew file:   tags/r-markdown/page/1/index.html[0m[0K
        [0;32mnew file:   tags/regression/index.html[0m[0K
        [0;32mnew file:   tags/regression/index.xml[0m[0K
        [0;32mnew file:   tags/regression/page/1/index.html[0m[0K
        [0;32mnew file:   talk/example/featured.jpg[0m[0K
        [0;32mnew file:   talk/example/featured_hu3d03a01dcc18bc5be0e67db3d8d209a6_620088_150x0_resize_q75_box.jpg[0m[0K
        [0;32mnew file:   talk/example/featured_hu3d03a01dcc18bc5be0e67db3d8d209a6_620088_1600x400_fill_q90_box_right.jpg[0m[0K
        [0;32mnew file:   talk/example/featured_hu3d03a01dcc18bc5be0e67db3d8d209a6_620088_680x500_fill_q90_box_right.jpg[0m[0K
        [0;32mnew file:   talk/example/index.html[0m[0K
        [0;32mnew file:   talk/index.html[0m[0K
        [0;32mnew file:   talk/index.xml[0m[0K
        [0;32mnew file:   tutorial/example/index.html[0m[0K
        [0;32mnew file:   tutorial/index.html[0m[0K
        [0;32mnew file:   tutorial/index.xml[0m[0K
[0K
Untracked files:[0K
  (use "git add <file>..." to include in what will be committed)[0K
[0K
        [0;31m../config.toml[0m[0K
        [0;31m../content/[0m[0K
        [0;31m../index.Rmd[0m[0K
        [0;31m../myWebsite.Rproj[0m[0K
        [0;31m../resources/[0m[0K
        [0;31m../static/[0m[0K
        [0;31m../themes/[0m[0K
[0K
berg@DESKTOP-9FGA5E4:/mnt/c/Users/Stephen Berg/Dropbox/myWebsite/public$[0K[74G[?25h[?25lberg@DESKTOP-9FGA5E4:/mnt/c/Users/Stephen Berg/Dropbox/myWebsite/public$ g[0K[?25hi[0Kt[0K[78G[?25lberg@DESKTOP-9FGA5E4:/mnt/c/Users/Stephen Berg/Dropbox/myWebsite/public$ git c[0K[?25ho[0Km[0Km[0Ki[0Kt[0K[85Gm[0K[88G[?25lberg@DESKTOP-9FGA5E4:/mnt/c/Users/Stephen Berg/Dropbox/myWebsite/public$ git commit -m "[0K[?25hp[0Ku[0Ks[0Kh[0K[94G[?25lberg@DESKTOP-9FGA5E4:/mnt/c/Users/Stephen Berg/Dropbox/myWebsite/public$ git commit -m "push p[0K[?25h[?25lu[0K[95G[?25h[96G[?25lberg@DESKTOP-9FGA5E4:/mnt/c/Users/Stephen Berg/Dropbox/myWebsite/public$ git commit -m "push pub[0K[?25hl[0Ki[0Kc[0K"[0K[?25l
[0K[?25h[master d0494b7] push public[0K[?25l
[0K[?25h 115 files changed, 19979 insertions(+)[0K[?25l
 create mode 100644 public/404.html[0K
 create mode 100644 public/categories/index.html[0K
 create mode 100644 public/categories/index.xml[0K
 create mode 100644 public/categories/page/1/index.html[0K
 create mode 100644 public/categories/r/index.html[0K
 create mode 100644 public/categories/r/index.xml[0K
 create mode 100644 public/categories/r/page/1/index.html[0K
 create mode 100644 public/css/reveal_custom.min.css[0K
 create mode 100644 public/cv/BergResume.aux[0K
 create mode 100644 public/cv/BergResume.log[0K
 create mode 100644 public/cv/BergResume.out[0K
 create mode 100644 public/cv/BergResume.pdf[0K
 create mode 100644 public/cv/BergResume.synctex.gz[0K
 create mode 100644 public/cv/BergResume.tex[0K
 create mode 100644 public/home/index.xml[0K
 create mode 100644 public/img/1kdependentSubsection 1 .png[0K
 create mode 100644 public/img/boards.jpg[0K
 create mode 100644 public/img/headers/bubbles-wide.jpg[0K[1G[?25h[?25l
 create mode 100644 public/img/icon-192.png[0K
 create mode 100644 public/img/icon.png[0K
 create mode 100644 public/img/portrait.jpg[0K
 create mode 100644 public/index.html[0K
 create mode 100644 public/index.json[0K
 create mode 100644 public/index.xml[0K
 create mode 100644 public/js/hugo-academic.js[0K
 create mode 100644 public/js/mathjax-config.500a6cbb2c0f345fcecc21b3116d6637aa78f1f11db8081ea581abe05390c2e8f3bbffe61be3cf0217baf785c40efceabe510[0K5
0a4f007e69af94efd3643260e8.js[0K
 create mode 100644 public/js/search.js[0K
 create mode 100644 public/js/vendor/reveal.js/plugin/notes/notes.html[0K
 create mode 100644 public/js/vendor/reveal.js/plugin/notes/notes.js[0K
 create mode 100644 public/post/2015-07-23-r-rmarkdown/index.html[0K
 create mode 100644 public/post/2015-07-23-r-rmarkdown_files/figure-html/pie-1.png[0K
 create mode 100644 public/post/2018-10-29-test-post-by-me_files/barkPlot.png[0K
 create mode 100644 public/post/2018-10-29-test-post-by-me_files/fig4-5.png[0K
 create mode 100644 public/post/getting-started/featured.jpg[0K
 create mode 100644 public/post/getting-started/featured_hub9ee31969f44a6711206a2baf9f065b4_241861_150x0_resize_q75_box.jpg[0K
 create mode 100644 public/post/getting-started/featured_hub9ee31969f44a6711206a2baf9f065b4_241861_1600x400_fill_q90_box_smart1.jpg[0K
 create mode 100644 public/post/getting-started/featured_hub9ee31969f44a6711206a2baf9f065b4_241861_680x500_fill_q90_box_smart1.jpg[0K
 create mode 100644 public/post/getting-started/index.html[0K
 create mode 100644 public/post/index.html[0K
 create mode 100644 public/post/index.xml[0K
 create mode 100644 public/post/page/1/index.html[0K
 create mode 100644 public/post/test-post-by-me/index.html[0K
 create mode 100644 public/privacy/index.html[0K
 create mode 100644 public/project/external-project/featured.jpg[0K
 create mode 100644 public/project/external-project/featured_hu3d03a01dcc18bc5be0e67db3d8d209a6_329522_1600x400_fill_q90_box_smart1.jpg[0K
 create mode 100644 public/project/external-project/featured_hu3d03a01dcc18bc5be0e67db3d8d209a6_329522_550x550_fill_q90_box_smart1.jpg[0K
 create mode 100644 public/project/external-project/featured_hu3d03a01dcc18bc5be0e67db3d8d209a6_329522_680x500_fill_q90_box_smart1.jpg[0K
 create mode 100644 public/project/external-project/index.html[0K
 create mode 100644 public/project/index.html[0K
 create mode 100644 public/project/index.xml[0K
 create mode 100644 public/project/internal-project/featured.jpg[0K
 create mode 100644 public/project/internal-project/featured_hu3d03a01dcc18bc5be0e67db3d8d209a6_224363_1600x400_fill_q90_box_smart1.jpg[0K
 create mode 100644 public/project/internal-project/featured_hu3d03a01dcc18bc5be0e67db3d8d209a6_224363_550x550_fill_q90_box_smart1.jpg[0K
 create mode 100644 public/project/internal-project/featured_hu3d03a01dcc18bc5be0e67db3d8d209a6_224363_680x500_fill_q90_box_smart1.jpg[0K
 create mode 100644 public/project/internal-project/index.html[0K
 create mode 100644 public/project/page/1/index.html[0K
 create mode 100644 public/publication/clothing-search/cite.bib[0K
 create mode 100644 public/publication/clothing-search/featured.jpg[0K
 create mode 100644 public/publication/clothing-search/featured_hu3d03a01dcc18bc5be0e67db3d8d209a6_312700_150x0_resize_q75_box.jpg[0K
 create mode 100644 public/publication/clothing-search/featured_hu3d03a01dcc18bc5be0e67db3d8d209a6_312700_1600x400_fill_q90_box_smart1.jpg[0K
 create mode 100644 public/publication/clothing-search/featured_hu3d03a01dcc18bc5be0e67db3d8d209a6_312700_680x500_fill_q90_box_smart1.jpg[0K
 create mode 100644 public/publication/clothing-search/featured_hu3d03a01dcc18bc5be0e67db3d8d209a6_312700_918x517_fill_q90_box_smart1.jpg[0K
 create mode 100644 public/publication/clothing-search/index.html[0K
 create mode 100644 public/publication/index.html[0K
 create mode 100644 public/publication/index.xml[0K
 create mode 100644 public/publication/person-re-id/featured.jpg[0K
 create mode 100644 public/publication/person-re-id/featured_hu3d03a01dcc18bc5be0e67db3d8d209a6_214168_150x0_resize_q75_box.jpg[0K
 create mode 100644 public/publication/person-re-id/featured_hu3d03a01dcc18bc5be0e67db3d8d209a6_214168_1600x400_fill_q90_box_smart1.jpg[0K
 create mode 100644 public/publication/person-re-id/featured_hu3d03a01dcc18bc5be0e67db3d8d209a6_214168_680x500_fill_q90_box_smart1.jpg[0K
 create mode 100644 public/publication/person-re-id/index.html[0K
 create mode 100644 public/publication_types/1/index.html[0K
 create mode 100644 public/publication_types/1/index.xml[0K
 create mode 100644 public/publication_types/1/page/1/index.html[0K
 create mode 100644 public/publication_types/2/index.html[0K
 create mode 100644 public/publication_types/2/index.xml[0K
 create mode 100644 public/publication_types/2/page/1/index.html[0K
 create mode 100644 public/publication_types/index.html[0K
 create mode 100644 public/publication_types/index.xml[0K
 create mode 100644 public/publication_types/page/1/index.html[0K
 create mode 100644 public/site.webmanifest[0K
 create mode 100644 public/sitemap.xml[0K
 create mode 100644 public/slides/example-slides/index.html[0K
 create mode 100644 public/slides/index.xml[0K
 create mode 100644 public/styles.css[0K
 create mode 100644 public/tags/academic/index.html[0K
 create mode 100644 public/tags/academic/index.xml[0K
 create mode 100644 public/tags/academic/page/1/index.html[0K
 create mode 100644 public/tags/deep-learning/index.html[0K
 create mode 100644 public/tags/deep-learning/index.xml[0K
 create mode 100644 public/tags/deep-learning/page/1/index.html[0K
 create mode 100644 public/tags/demo/index.html[0K
 create mode 100644 public/tags/demo/index.xml[0K
 create mode 100644 public/tags/demo/page/1/index.html[0K
 create mode 100644 public/tags/index.html[0K
 create mode 100644 public/tags/index.xml[0K
 create mode 100644 public/tags/page/1/index.html[0K
 create mode 100644 public/tags/plot/index.html[0K
 create mode 100644 public/tags/plot/index.xml[0K
 create mode 100644 public/tags/plot/page/1/index.html[0K
 create mode 100644 public/tags/r-markdown/index.html[0K
 create mode 100644 public/tags/r-markdown/index.xml[0K
 create mode 100644 public/tags/r-markdown/page/1/index.html[0K[1G[?25h[?25l
 create mode 100644 public/tags/regression/index.html[0K
 create mode 100644 public/tags/regression/index.xml[0K
 create mode 100644 public/tags/regression/page/1/index.html[0K
 create mode 100644 public/talk/example/featured.jpg[0K
 create mode 100644 public/talk/example/featured_hu3d03a01dcc18bc5be0e67db3d8d209a6_620088_150x0_resize_q75_box.jpg[0K
 create mode 100644 public/talk/example/featured_hu3d03a01dcc18bc5be0e67db3d8d209a6_620088_1600x400_fill_q90_box_right.jpg[0K
 create mode 100644 public/talk/example/featured_hu3d03a01dcc18bc5be0e67db3d8d209a6_620088_680x500_fill_q90_box_right.jpg[0K
 create mode 100644 public/talk/example/index.html[0K
 create mode 100644 public/talk/index.html[0K
 create mode 100644 public/talk/index.xml[0K
 create mode 100644 public/tutorial/example/index.html[0K
 create mode 100644 public/tutorial/index.html[0K
 create mode 100644 public/tutorial/index.xml[0K
berg@DESKTOP-9FGA5E4:/mnt/c/Users/Stephen Berg/Dropbox/myWebsite/public$[0K[74G[?25h[?25lberg@DESKTOP-9FGA5E4:/mnt/c/Users/Stephen Berg/Dropbox/myWebsite/public$ git commit -m "push public"[0K[?25h[?25lberg@DESKTOP-9FGA5E4:/mnt/c/Users/Stephen Berg/Dropbox/myWebsite/public$ git status[0K[?25h[?25lberg@DESKTOP-9FGA5E4:/mnt/c/Users/Stephen Berg/Dropbox/myWebsite/public$ git statu[0K[?25h[?25lberg@DESKTOP-9FGA5E4:/mnt/c/Users/Stephen Berg/Dropbox/myWebsite/public$ git stat[0K[?25h[?25lberg@DESKTOP-9FGA5E4:/mnt/c/Users/Stephen Berg/Dropbox/myWebsite/public$ git sta[0K[?25h[?25lberg@DESKTOP-9FGA5E4:/mnt/c/Users/Stephen Berg/Dropbox/myWebsite/public$ git st[0K[?25h[?25lberg@DESKTOP-9FGA5E4:/mnt/c/Users/Stephen Berg/Dropbox/myWebsite/public$ git s[0K[?25h[?25lberg@DESKTOP-9FGA5E4:/mnt/c/Users/Stephen Berg/Dropbox/myWebsite/public$ git[0K[78G[?25h[?25lberg@DESKTOP-9FGA5E4:/mnt/c/Users/Stephen Berg/Dropbox/myWebsite/public$ git p[0K[?25hu[0Ks[0K[?25l
[0K[?25hwarning: push.default is unset; its implicit value is changing in[0K[?25l
Git 2.0 from 'matching' to 'simple'. To squelch this message[0K
and maintain the current behavior after the default changes, use:[0K
[0K
  git config --global push.default matching[0K
[0K
To squelch this message and adopt the new behavior now, use:[0K
[0K
  git config --global push.default simple[0K
[0K
When push.default is set to 'matching', git will push local branches[0K
to the remote branches that already exist with the same name.[0K
[0K
In Git 2.0, Git will default to the more conservative 'simple'[0K
behavior, which only pushes the current branch to the corresponding[0K
remote branch that 'git pull' uses to update the current branch.[0K
[0K
See 'git help config' and search for 'push.default' for further information.[0K
(the 'simple' mode was introduced in Git 1.7.11. Use the similar mode[0K
'current' instead of 'simple' if you sometimes use older versions of Git)[0K
[0K
[0K[?25hUsername for 'https://github.com':[0K[36G[?25lUsername for 'https://github.com': g[0K[?25hi[0K[?25lUsername for 'https://github.com': g[0K[?25h[?25lUsername for 'https://github.com':[0K[36G[?25h[?25lUsername for 'https://github.com': ^C[0K
berg@DESKTOP-9FGA5E4:/mnt/c/Users/Stephen Berg/Dropbox/myWebsite/public$[0K[74G[?25h[?25lberg@DESKTOP-9FGA5E4:/mnt/c/Users/Stephen Berg/Dropbox/myWebsite/public$ git push[0K[74G[?25h[82G[83G[?25lberg@DESKTOP-9FGA5E4:/mnt/c/Users/Stephen Berg/Dropbox/myWebsite/public$ git push o[0K[83G[?25h[84G[?25lberg@DESKTOP-9FGA5E4:/mnt/c/Users/Stephen Berg/Dropbox/myWebsite/public$ git push or[0K[?25hi[0Ki[0Kg[0Kn[0K[?25lberg@DESKTOP-9FGA5E4:/mnt/c/Users/Stephen Berg/Dropbox/myWebsite/public$ git push oriig[0K[?25h[?25lberg@DESKTOP-9FGA5E4:/mnt/c/Users/Stephen Berg/Dropbox/myWebsite/public$ git push orii[0K[?25h[?25lberg@DESKTOP-9FGA5E4:/mnt/c/Users/Stephen Berg/Dropbox/myWebsite/public$ git push ori[0K[?25hg[0Ki[0Kn[0K[?25lberg@DESKTOP-9FGA5E4:/mnt/c/Users/Stephen Berg/Dropbox/myWebsite/public$ git push origin m[0K[?25ha[0Kt[0Ke[0K[?25l
[0K[?25hUsername for 'https://github.com':[0K[36G[?25lUsername for 'https://github.com': s[0K[?25ht[0Kep[0Kh[0Ke[0Kn[0K[?25lb[0K[43G[?25h[44G[?25lUsername for 'https://github.com': stephenbe[0K[?25hr[0Kg[0K[47G[?25l
Password for 'https://stephenberg@github.com':[0K[48G[?25h[?25l
[0K[?25hCounting objects: 189, done.[0K[?25l
[0K[?25hDelta compression using up to 8 threads.[0K[?25l
Compressing objects:  15% (22/146)[0K[1G[?25h[?25lCompressing objects:  88% (129/146)[0K[1G[?25h[?25lCompressing objects:  89% (130/146)[0K[1G[?25h[?25lCompressing objects:  92% (135/146)[0K[1G[?25h[?25lWriting objects:  24% (46/188)[0K[1G[?25h[?25lWriting objects:  36% (68/188)[0K[1G[?25h[?25lWriting objects:  37% (70/188), 1.07 MiB | 941.00 KiB/s[0K[1G[?25h[?25lWriting objects:  43% (81/188), 1.07 MiB | 941.00 KiB/s[0K[1G[?25h[?25lWriting objects:  44% (83/188), 1.07 MiB | 941.00 KiB/s[0K[1G[?25h[?25lWriting objects:  47% (89/188), 1.07 MiB | 941.00 KiB/s[0K[1G[?25h[?25lWriting objects:  53% (100/188), 1.88 MiB | 1.12 MiB/s[0K[1G[?25h[?25lWriting objects:  54% (102/188), 1.88 MiB | 1.12 MiB/s[0K[1G[?25h[?25lWriting objects:  55% (104/188), 1.88 MiB | 1.12 MiB/s[0K[1G[?25h[?25lWriting objects:  57% (108/188), 1.88 MiB | 1.12 MiB/s[0K[1G[?25h[?25lWriting objects:  59% (111/188), 1.88 MiB | 1.12 MiB/s[0K[1G[?25h[?25lWriting objects:  71% (134/188), 2.81 MiB | 1.27 MiB/s[0K[1G[?25h[?25lWriting objects:  72% (136/188), 2.81 MiB | 1.27 MiB/s[0K[1G[?25h[?25lWriting objects:  94% (177/188), 2.81 MiB | 1.27 MiB/s[0K[1G[?25h[?25lWriting objects:  95% (179/188), 2.81 MiB | 1.27 MiB/s[0K[1G[?25hWriting objects: 100% (188/188), 3.75 MiB | 1.27 MiB/s, done.[0K[?25l
Total 188 (delta 53), reused 0 (delta 0)[0K
[0K[?25hremote: Resolving deltas: 100% (53/53), done.[0K[?25l
[0K[?25hTo https://github.com/stephenberg/stephenberg.github.io.git[0K[?25l
   b54af84..d0494b7  master -> master[0K
[0K[?25hberg@DESKTOP-9FGA5E4:/mnt/c/Users/Stephen Berg/Dropbox/myWebsite/public$[0K[74G[?25lberg@DESKTOP-9FGA5E4:/mnt/c/Users/Stephen Berg/Dropbox/myWebsite/public$ g[0K[?25hi[0K[78G[?25lberg@DESKTOP-9FGA5E4:/mnt/c/Users/Stephen Berg/Dropbox/myWebsite/public$ git i[0K[?25hn[0Ki[0Kt[0K[?25l
[0K[?25hInitialized empty Git repository in /mnt/c/Users/Stephen Berg/Dropbox/myWebsite/public/.git/[0K[?25l
berg@DESKTOP-9FGA5E4:/mnt/c/Users/Stephen Berg/Dropbox/myWebsite/public$[0K[74G[?25h[?25lberg@DESKTOP-9FGA5E4:/mnt/c/Users/Stephen Berg/Dropbox/myWebsite/public$ g[0K[?25hi[0Kt[0K[78G[?25lberg@DESKTOP-9FGA5E4:/mnt/c/Users/Stephen Berg/Dropbox/myWebsite/public$ git a[0K[?25hd[0K[?25ld[0K[80G[?25h[81G[82GE[0KA[0KD[0KM[0KE[0K.[0Km[0Kd[0K[?25l
fatal: pathspec 'README.md' did not match any files[0K
berg@DESKTOP-9FGA5E4:/mnt/c/Users/Stephen Berg/Dropbox/myWebsite/public$[0K[74G[?25h[?25lberg@DESKTOP-9FGA5E4:/mnt/c/Users/Stephen Berg/Dropbox/myWebsite/public$ g[0K[?25hi[0K[?25lt[0K[76G[?25h[77G[78G[?25lberg@DESKTOP-9FGA5E4:/mnt/c/Users/Stephen Berg/Dropbox/myWebsite/public$ git c[0K[?25ho[0K[?25lm[0K[80G[?25h[81G[?25lberg@DESKTOP-9FGA5E4:/mnt/c/Users/Stephen Berg/Dropbox/myWebsite/public$ git comm[0K[?25hi[0Kt[0K[85G[?25lberg@DESKTOP-9FGA5E4:/mnt/c/Users/Stephen Berg/Dropbox/myWebsite/public$ git commit -[0K[?25hm[0K[88Gf[0Ki[0K[?25lr[0K[91G[?25h[92G[?25lberg@DESKTOP-9FGA5E4:/mnt/c/Users/Stephen Berg/Dropbox/myWebsite/public$ git commit -m "firs[0K[?25ht[0K[95G[?25lberg@DESKTOP-9FGA5E4:/mnt/c/Users/Stephen Berg/Dropbox/myWebsite/public$ git commit -m "first c[0K[?25h[?25lberg@DESKTOP-9FGA5E4:/mnt/c/Users/Stephen Berg/Dropbox/myWebsite/public$ git commit -m "first[0K[95G[?25h[94G[?25lberg@DESKTOP-9FGA5E4:/mnt/c/Users/Stephen Berg/Dropbox/myWebsite/public$ git commit -m "firs[0K[?25h[?25lberg@DESKTOP-9FGA5E4:/mnt/c/Users/Stephen Berg/Dropbox/myWebsite/public$ git commit -m "fi[0K[?25h[?25lberg@DESKTOP-9FGA5E4:/mnt/c/Users/Stephen Berg/Dropbox/myWebsite/public$ git commit -m "[0K[90G[?25h[89G[?25lberg@DESKTOP-9FGA5E4:/mnt/c/Users/Stephen Berg/Dropbox/myWebsite/public$ git commit -m[0K[88G[?25h[?25lberg@DESKTOP-9FGA5E4:/mnt/c/Users/Stephen Berg/Dropbox/myWebsite/public$ git commit -[0K[?25h[?25lberg@DESKTOP-9FGA5E4:/mnt/c/Users/Stephen Berg/Dropbox/myWebsite/public$ git commit[0K[85G[?25h[84G[?25lberg@DESKTOP-9FGA5E4:/mnt/c/Users/Stephen Berg/Dropbox/myWebsite/public$ git commi[0K[?25h[?25lberg@DESKTOP-9FGA5E4:/mnt/c/Users/Stephen Berg/Dropbox/myWebsite/public$ git comm[0K[?25h[?25lberg@DESKTOP-9FGA5E4:/mnt/c/Users/Stephen Berg/Dropbox/myWebsite/public$ git com[0K[?25h[?25lberg@DESKTOP-9FGA5E4:/mnt/c/Users/Stephen Berg/Dropbox/myWebsite/public$ git co[0K[?25h[?25lberg@DESKTOP-9FGA5E4:/mnt/c/Users/Stephen Berg/Dropbox/myWebsite/public$ git c[0K[?25h[?25lberg@DESKTOP-9FGA5E4:/mnt/c/Users/Stephen Berg/Dropbox/myWebsite/public$ git[0K[78G[?25hd[0Kd[0K[82G[?25lberg@DESKTOP-9FGA5E4:/mnt/c/Users/Stephen Berg/Dropbox/myWebsite/public$ git add .[0K[?25h[?25l
[0K[?25hberg@DESKTOP-9FGA5E4:/mnt/c/Users/Stephen Berg/Dropbox/myWebsite/public$[0K[74G[?25lberg@DESKTOP-9FGA5E4:/mnt/c/Users/Stephen Berg/Dropbox/myWebsite/public$ g[0K[?25hi[0Kt[0K[78G[?25lberg@DESKTOP-9FGA5E4:/mnt/c/Users/Stephen Berg/Dropbox/myWebsite/public$ git r[0K[?25he[0Km[0Ko[0Kt[0K[?25le[0K[83G[?25h[84G[85G[?25lberg@DESKTOP-9FGA5E4:/mnt/c/Users/Stephen Berg/Dropbox/myWebsite/public$ git remote ad[0K[?25hd[0K[89G[?25lberg@DESKTOP-9FGA5E4:/mnt/c/Users/Stephen Berg/Dropbox/myWebsite/public$ git remote ad[0K[?25h[?25lberg@DESKTOP-9FGA5E4:/mnt/c/Users/Stephen Berg/Dropbox/myWebsite/public$ git remot[0K[?25h[?25lberg@DESKTOP-9FGA5E4:/mnt/c/Users/Stephen Berg/Dropbox/myWebsite/public$ git remo[0K[?25h[?25lberg@DESKTOP-9FGA5E4:/mnt/c/Users/Stephen Berg/Dropbox/myWebsite/public$ git rem[0K[?25h[?25lberg@DESKTOP-9FGA5E4:/mnt/c/Users/Stephen Berg/Dropbox/myWebsite/public$ git re[0K[?25h[?25lberg@DESKTOP-9FGA5E4:/mnt/c/Users/Stephen Berg/Dropbox/myWebsite/public$ git[0K[79G[?25h[77G[?25lberg@DESKTOP-9FGA5E4:/mnt/c/Users/Stephen Berg/Dropbox/myWebsite/public$ gi[0K[?25h[?25lberg@DESKTOP-9FGA5E4:/mnt/c/Users/Stephen Berg/Dropbox/myWebsite/public$ g[0K[?25h[?25lberg@DESKTOP-9FGA5E4:/mnt/c/Users/Stephen Berg/Dropbox/myWebsite/public$[0K[74G[?25h[?25lberg@DESKTOP-9FGA5E4:/mnt/c/Users/Stephen Berg/Dropbox/myWebsite/public$ g[0K[?25hi[0Kt[0K[78G[?25lberg@DESKTOP-9FGA5E4:/mnt/c/Users/Stephen Berg/Dropbox/myWebsite/public$ git c[0K[?25hm[0Km[0Ki[0K[?25lt[0K[83G[?25h[84G[85G[?25lberg@DESKTOP-9FGA5E4:/mnt/c/Users/Stephen Berg/Dropbox/myWebsite/public$ git commit -[0K[?25h[?25lm[0K[86G[?25h[87G[88G[?25lberg@DESKTOP-9FGA5E4:/mnt/c/Users/Stephen Berg/Dropbox/myWebsite/public$ git commit -m "[0K[?25hf[0Ki[0Kr[0Ks[0Kt[0K[95G[?25lberg@DESKTOP-9FGA5E4:/mnt/c/Users/Stephen Berg/Dropbox/myWebsite/public$ git commit -m "first c[0K[?25ho[0Km[0Km[0Ki[0K"[0K[?25l
[0K[?25h[master (root-commit) 1a9e666] first commit[0K[?25l
[0K[?25h 115 files changed, 19979 insertions(+)[0K[?25l
 create mode 100644 404.html[0K
 create mode 100644 categories/index.html[0K
 create mode 100644 categories/index.xml[0K
 create mode 100644 categories/page/1/index.html[0K
 create mode 100644 categories/r/index.html[0K
 create mode 100644 categories/r/index.xml[0K
 create mode 100644 categories/r/page/1/index.html[0K
 create mode 100644 css/reveal_custom.min.css[0K
 create mode 100644 cv/BergResume.aux[0K
 create mode 100644 cv/BergResume.log[0K
 create mode 100644 cv/BergResume.out[0K
 create mode 100644 cv/BergResume.pdf[0K
 create mode 100644 cv/BergResume.synctex.gz[0K
 create mode 100644 cv/BergResume.tex[0K
 create mode 100644 home/index.xml[0K
 create mode 100644 img/1kdependentSubsection 1 .png[0K
 create mode 100644 img/boards.jpg[0K
 create mode 100644 img/headers/bubbles-wide.jpg[0K
 create mode 100644 img/icon-192.png[0K
 create mode 100644 img/icon.png[0K
 create mode 100644 img/portrait.jpg[0K
 create mode 100644 index.html[0K
 create mode 100644 index.json[0K
 create mode 100644 index.xml[0K
 create mode 100644 js/hugo-academic.js[0K
 create mode 100644 js/mathjax-config.500a6cbb2c0f345fcecc21b3116d6637aa78f1f11db8081ea581abe05390c2e8f3bbffe61be3cf0217baf785c40efceabe51050a4f00[0K7
e69af94efd3643260e8.js[0K
 create mode 100644 js/search.js[0K
 create mode 100644 js/vendor/reveal.js/plugin/notes/notes.html[0K
 create mode 100644 js/vendor/reveal.js/plugin/notes/notes.js[0K
 create mode 100644 post/2015-07-23-r-rmarkdown/index.html[0K
 create mode 100644 post/2015-07-23-r-rmarkdown_files/figure-html/pie-1.png[0K
 create mode 100644 post/2018-10-29-test-post-by-me_files/barkPlot.png[0K
 create mode 100644 post/2018-10-29-test-post-by-me_files/fig4-5.png[0K
 create mode 100644 post/getting-started/featured.jpg[0K
 create mode 100644 post/getting-started/featured_hub9ee31969f44a6711206a2baf9f065b4_241861_150x0_resize_q75_box.jpg[0K
 create mode 100644 post/getting-started/featured_hub9ee31969f44a6711206a2baf9f065b4_241861_1600x400_fill_q90_box_smart1.jpg[0K
 create mode 100644 post/getting-started/featured_hub9ee31969f44a6711206a2baf9f065b4_241861_680x500_fill_q90_box_smart1.jpg[0K
 create mode 100644 post/getting-started/index.html[0K
 create mode 100644 post/index.html[0K
 create mode 100644 post/index.xml[0K
 create mode 100644 post/page/1/index.html[0K
 create mode 100644 post/test-post-by-me/index.html[0K
 create mode 100644 privacy/index.html[0K
 create mode 100644 project/external-project/featured.jpg[0K
 create mode 100644 project/external-project/featured_hu3d03a01dcc18bc5be0e67db3d8d209a6_329522_1600x400_fill_q90_box_smart1.jpg[0K
 create mode 100644 project/external-project/featured_hu3d03a01dcc18bc5be0e67db3d8d209a6_329522_550x550_fill_q90_box_smart1.jpg[0K
 create mode 100644 project/external-project/featured_hu3d03a01dcc18bc5be0e67db3d8d209a6_329522_680x500_fill_q90_box_smart1.jpg[0K[1G[?25h[?25l
 create mode 100644 project/external-project/index.html[0K
 create mode 100644 project/index.html[0K
 create mode 100644 project/index.xml[0K
 create mode 100644 project/internal-project/featured.jpg[0K
 create mode 100644 project/internal-project/featured_hu3d03a01dcc18bc5be0e67db3d8d209a6_224363_1600x400_fill_q90_box_smart1.jpg[0K
 create mode 100644 project/internal-project/featured_hu3d03a01dcc18bc5be0e67db3d8d209a6_224363_550x550_fill_q90_box_smart1.jpg[0K
 create mode 100644 project/internal-project/featured_hu3d03a01dcc18bc5be0e67db3d8d209a6_224363_680x500_fill_q90_box_smart1.jpg[0K
 create mode 100644 project/internal-project/index.html[0K
 create mode 100644 project/page/1/index.html[0K
 create mode 100644 publication/clothing-search/cite.bib[0K
 create mode 100644 publication/clothing-search/featured.jpg[0K
 create mode 100644 publication/clothing-search/featured_hu3d03a01dcc18bc5be0e67db3d8d209a6_312700_150x0_resize_q75_box.jpg[0K
 create mode 100644 publication/clothing-search/featured_hu3d03a01dcc18bc5be0e67db3d8d209a6_312700_1600x400_fill_q90_box_smart1.jpg[0K
 create mode 100644 publication/clothing-search/featured_hu3d03a01dcc18bc5be0e67db3d8d209a6_312700_680x500_fill_q90_box_smart1.jpg[0K
 create mode 100644 publication/clothing-search/featured_hu3d03a01dcc18bc5be0e67db3d8d209a6_312700_918x517_fill_q90_box_smart1.jpg[0K
 create mode 100644 publication/clothing-search/index.html[0K
 create mode 100644 publication/index.html[0K
 create mode 100644 publication/index.xml[0K
 create mode 100644 publication/person-re-id/featured.jpg[0K
 create mode 100644 publication/person-re-id/featured_hu3d03a01dcc18bc5be0e67db3d8d209a6_214168_150x0_resize_q75_box.jpg[0K
 create mode 100644 publication/person-re-id/featured_hu3d03a01dcc18bc5be0e67db3d8d209a6_214168_1600x400_fill_q90_box_smart1.jpg[0K
 create mode 100644 publication/person-re-id/featured_hu3d03a01dcc18bc5be0e67db3d8d209a6_214168_680x500_fill_q90_box_smart1.jpg[0K
 create mode 100644 publication/person-re-id/index.html[0K
 create mode 100644 publication_types/1/index.html[0K
 create mode 100644 publication_types/1/index.xml[0K
 create mode 100644 publication_types/1/page/1/index.html[0K
 create mode 100644 publication_types/2/index.html[0K
 create mode 100644 publication_types/2/index.xml[0K
 create mode 100644 publication_types/2/page/1/index.html[0K
 create mode 100644 publication_types/index.html[0K
 create mode 100644 publication_types/index.xml[0K
 create mode 100644 publication_types/page/1/index.html[0K
 create mode 100644 site.webmanifest[0K
 create mode 100644 sitemap.xml[0K
 create mode 100644 slides/example-slides/index.html[0K
 create mode 100644 slides/index.xml[0K
 create mode 100644 styles.css[0K
 create mode 100644 tags/academic/index.html[0K
 create mode 100644 tags/academic/index.xml[0K
 create mode 100644 tags/academic/page/1/index.html[0K
 create mode 100644 tags/deep-learning/index.html[0K
 create mode 100644 tags/deep-learning/index.xml[0K
 create mode 100644 tags/deep-learning/page/1/index.html[0K
 create mode 100644 tags/demo/index.html[0K
 create mode 100644 tags/demo/index.xml[0K
 create mode 100644 tags/demo/page/1/index.html[0K
 create mode 100644 tags/index.html[0K
 create mode 100644 tags/index.xml[0K
 create mode 100644 tags/page/1/index.html[0K
 create mode 100644 tags/plot/index.html[0K
 create mode 100644 tags/plot/index.xml[0K
 create mode 100644 tags/plot/page/1/index.html[0K
 create mode 100644 tags/r-markdown/index.html[0K
 create mode 100644 tags/r-markdown/index.xml[0K
 create mode 100644 tags/r-markdown/page/1/index.html[0K
 create mode 100644 tags/regression/index.html[0K
 create mode 100644 tags/regression/index.xml[0K
 create mode 100644 tags/regression/page/1/index.html[0K
 create mode 100644 talk/example/featured.jpg[0K
 create mode 100644 talk/example/featured_hu3d03a01dcc18bc5be0e67db3d8d209a6_620088_150x0_resize_q75_box.jpg[0K
 create mode 100644 talk/example/featured_hu3d03a01dcc18bc5be0e67db3d8d209a6_620088_1600x400_fill_q90_box_right.jpg[0K
 create mode 100644 talk/example/featured_hu3d03a01dcc18bc5be0e67db3d8d209a6_620088_680x500_fill_q90_box_right.jpg[0K
 create mode 100644 talk/example/index.html[0K
 create mode 100644 talk/index.html[0K
 create mode 100644 talk/index.xml[0K
 create mode 100644 tutorial/example/index.html[0K
 create mode 100644 tutorial/index.html[0K
 create mode 100644 tutorial/index.xml[0K
berg@DESKTOP-9FGA5E4:/mnt/c/Users/Stephen Berg/Dropbox/myWebsite/public$[0K[74G[?25h[?25lberg@DESKTOP-9FGA5E4:/mnt/c/Users/Stephen Berg/Dropbox/myWebsite/public$ g[0K[?25hi[0Kt[0K[78G[?25lberg@DESKTOP-9FGA5E4:/mnt/c/Users/Stephen Berg/Dropbox/myWebsite/public$ git r[0K[?25he[0Km[0Ko[0Kt[0Ke[0K[85G[?25lberg@DESKTOP-9FGA5E4:/mnt/c/Users/Stephen Berg/Dropbox/myWebsite/public$ git remote a[0K[85G[?25h[86G[?25lberg@DESKTOP-9FGA5E4:/mnt/c/Users/Stephen Berg/Dropbox/myWebsite/public$ git remote ad[0K[?25hd[0K[89G[?25lberg@DESKTOP-9FGA5E4:/mnt/c/Users/Stephen Berg/Dropbox/myWebsite/public$ git remote add o[0K[?25hr[0Ki[0Kg[0Ki[0K[?25ln[0K[94G[?25h[95G[96G[?25lberg@DESKTOP-9FGA5E4:/mnt/c/Users/Stephen Berg/Dropbox/myWebsite/public$ git remote add origin m[0K[?25ha[0Ks[0Kt[0Ke[0Kr[0K[103G[?25lberg@DESKTOP-9FGA5E4:/mnt/c/Users/Stephen Berg/Dropbox/myWebsite/public$ git remote add origin master h[0K[?25ht[0Kt[0Kp[0Ks[0K[?25l:[0K[108G[?25h[?25lberg@DESKTOP-9FGA5E4:/mnt/c/Users/Stephen Berg/Dropbox/myWebsite/public$ git remote add origin master https:/[0K[?25h/[0Kg[0Ki[0Kt[0Kh[0Ku[0Km[0K[?25lberg@DESKTOP-9FGA5E4:/mnt/c/Users/Stephen Berg/Dropbox/myWebsite/public$ git remote add origin master https://githu[0K[?25hb[0K[?25lc[0K[118G[?25h[119G[?25lberg@DESKTOP-9FGA5E4:/mnt/c/Users/Stephen Berg/Dropbox/myWebsite/public$ git remote add origin master https://github.co[0K[?25h[?25lm[0K[120G[?25h[121G[?25lberg@DESKTOP-9FGA5E4:/mnt/c/Users/Stephen Berg/Dropbox/myWebsite/public$ git remote add origin master https://github.com/[0K[?25h[?25ls[0K[122G[?25h[123G[?25lberg@DESKTOP-9FGA5E4:/mnt/c/Users/Stephen Berg/Dropbox/myWebsite/public$ git remote add origin master https://github.com/st[0K[?25h[?25le[0K[124G[?25h[125G[?25lberg@DESKTOP-9FGA5E4:/mnt/c/Users/Stephen Berg/Dropbox/myWebsite/public$ git remote add origin master https://github.com/step[0K[125G[?25h[?25lberg@DESKTOP-9FGA5E4:/mnt/c/Users/Stephen Berg/Dropbox/myWebsite/public$ git remote add origin master https://github.com/steph[0K[?25he[0Kb[0K[?25lberg@DESKTOP-9FGA5E4:/mnt/c/Users/Stephen Berg/Dropbox/myWebsite/public$ git remote add origin master https://github.com/stephe[0K[?25hn[0Kb[0Ke[0K[?25lr[0K[131G[?25h[132G[?25lberg@DESKTOP-9FGA5E4:/mnt/c/Users/Stephen Berg/Dropbox/myWebsite/public$ git remote add origin master https://github.com/stephenberg[0K[?25h.[0K[?25lberg@DESKTOP-9FGA5E4:/mnt/c/Users/Stephen Berg/Dropbox/myWebsite/public$ git remote add origin master https://github.com/stephenberg[0K[?25h[?25l/[0K[133G[?25h[134G[?25lberg@DESKTOP-9FGA5E4:/mnt/c/Users/Stephen Berg/Dropbox/myWebsite/public$ git remote add origin master https://github.com/stephenberg/s[0K[?25ht[0Kp[0Kh[0K[?25le[0K[139G[?25h[140G[?25lberg@DESKTOP-9FGA5E4:/mnt/c/Users/Stephen Berg/Dropbox/myWebsite/public$ git remote add origin master https://github.com/stephenberg/stephen[0K[?25hb[0K[?25lberg@DESKTOP-9FGA5E4:/mnt/c/Users/Stephen Berg/Dropbox/myWebsite/public$ git remote add origin master https://github.com/stephenberg/stephenber[0K[?25hg[0K.[0K[?25lg[0K[146G[?25h[147G[?25lberg@DESKTOP-9FGA5E4:/mnt/c/Users/Stephen Berg/Dropbox/myWebsite/public$ git remote add origin master https://github.com/stephenberg/stephenberg.g[0Ki
[0K[?25h[?25lt[0K[1G[?25h[2G[?25lth[0K[2G[?25h[3G[?25lthu[0K[?25hb[0K[?25l.[0K[5G[?25h[6G[?25lthub.i[0K[?25ho[0K.[0Kg[0Ki[0Kt[0K[?25l
usage: git remote add [<options>] <name> <url>[0K
[0K
    -f, --fetch           fetch the remote branches[0K
    --tags                import all tags and associated objects when fetching[0K
                          or do not fetch any tag at all (--no-tags)[0K
    -t, --track <branch>  branch(es) to track[0K
    -m, --master <branch>[0K
                          master branch[0K
    --mirror[=<push|fetch>][0K
                          set up remote as a mirror to push to or fetch from[0K
[0K
berg@DESKTOP-9FGA5E4:/mnt/c/Users/Stephen Berg/Dropbox/myWebsite/public$[0K[74G[?25h[?25lberg@DESKTOP-9FGA5E4:/mnt/c/Users/Stephen Berg/Dropbox/myWebsite/public$ git remote add origin master https://github.com/stephenberg/stephenberg.g[0Ki[74G[?25h[11G[10G[9G[8G[7G[5G[4G[1G[?25l[1A[147G[?25h[146G[145G[144G[142G[140G[139G[135G[134G[133G[129G[126G[125G[121G[119G[118G[115G[114G[112G[111G[110G[109G[108G[107G[106G[105G[104G[103G[?25lberg@DESKTOP-9FGA5E4:/mnt/c/Users/Stephen Berg/Dropbox/myWebsite/public$ git remote add origin masterhttps://github.com/stephenberg/stephenberg.gi[0Kt
hub.io.git[0K[1A[102G[?25h[?25lberg@DESKTOP-9FGA5E4:/mnt/c/Users/Stephen Berg/Dropbox/myWebsite/public$ git remote add origin masthttps://github.com/stephenberg/stephenberg.gith[0Ku
b.io.git[0K[1A[100G[?25h[?25lberg@DESKTOP-9FGA5E4:/mnt/c/Users/Stephen Berg/Dropbox/myWebsite/public$ git remote add origin mashttps://github.com/stephenberg/stephenberg.githu[0Kb
.io.git[0K[1A[99G[?25h[?25lberg@DESKTOP-9FGA5E4:/mnt/c/Users/Stephen Berg/Dropbox/myWebsite/public$ git remote add origin mahttps://github.com/stephenberg/stephenberg.github[0K.
io.git[0K[1A[98G[?25h[?25lberg@DESKTOP-9FGA5E4:/mnt/c/Users/Stephen Berg/Dropbox/myWebsite/public$ git remote add origin mhttps://github.com/stephenberg/stephenberg.github.[0Ki
o.git[0K[1A[97G[?25h[?25lberg@DESKTOP-9FGA5E4:/mnt/c/Users/Stephen Berg/Dropbox/myWebsite/public$ git remote add origin https://github.com/stephenberg/stephenberg.github.i[0Ko
.git[0K[1A[96G[?25h[?25l

[0K[?25hberg@DESKTOP-9FGA5E4:/mnt/c/Users/Stephen Berg/Dropbox/myWebsite/public$[0K[74G[?25lberg@DESKTOP-9FGA5E4:/mnt/c/Users/Stephen Berg/Dropbox/myWebsite/public$ g[0K[74G[?25h[75G[?25lberg@DESKTOP-9FGA5E4:/mnt/c/Users/Stephen Berg/Dropbox/myWebsite/public$ gi[0K[?25h[?25lt[0K[76G[?25h[77G[78G[?25lberg@DESKTOP-9FGA5E4:/mnt/c/Users/Stephen Berg/Dropbox/myWebsite/public$ git p[0K[?25h[?25ls[0K[80G[?25h[81G[?25lberg@DESKTOP-9FGA5E4:/mnt/c/Users/Stephen Berg/Dropbox/myWebsite/public$ git push[0K[?25h[83G[?25lberg@DESKTOP-9FGA5E4:/mnt/c/Users/Stephen Berg/Dropbox/myWebsite/public$ git push -[0K[?25hu[0K[86G[?25lberg@DESKTOP-9FGA5E4:/mnt/c/Users/Stephen Berg/Dropbox/myWebsite/public$ git push -u o[0K[?25hr[0Kg[0Ki[0Kn[0Kg[0K[?25lberg@DESKTOP-9FGA5E4:/mnt/c/Users/Stephen Berg/Dropbox/myWebsite/public$ git push -u origin[0K[?25h[93G[?25lberg@DESKTOP-9FGA5E4:/mnt/c/Users/Stephen Berg/Dropbox/myWebsite/public$ git push -u origin m[0K[?25ha[0K[?25ls[0K[95G[?25h[96Ge[0Kr[0K[?25l
[0K[?25hUsername for 'https://github.com':[0K[36G[?25lUsername for 'https://github.com': s[0K[?25ht[0Ke[0K[?25lp[0K[39G[?25h[40G[?25lUsername for 'https://github.com': steph[0K[?25he[0Kn[0Kb[0Ker[0Kg[0K[?25l
Password for 'https://stephenberg@github.com':[0K[48G[?25h[?25l
[0K[?25hCounting objects: 187, done.[0K[?25l
[0K[?25hDelta compression using up to 8 threads.[0K[?25l
Compressing objects:  33% (48/145)[0K[1G[?25h[?25lCompressing objects:  86% (125/145)[0K[1G[?25h[?25lCompressing objects:  87% (127/145)[0K[1G[?25h[?25lCompressing objects:  88% (128/145)[0K[1G[?25h[?25lCompressing objects:  92% (134/145)[0K[1G[?25h[?25lCompressing objects: 100% (145/145)[0K[1G[?25hCompressing objects: 100% (145/145), done.[0K[?25l
Writing objects:  20% (38/187)[0K[1G[?25h[?25lWriting objects:  34% (64/187)[0K[1G[?25h[?25lWriting objects:  35% (66/187)[0K[1G[?25h[?25lWriting objects:  36% (68/187), 1.07 MiB | 1.02 MiB/s[0K[1G[?25h[?25lWriting objects:  42% (79/187), 1.07 MiB | 1.02 MiB/s[0K[1G[?25h[?25lWriting objects:  43% (81/187), 1.07 MiB | 1.02 MiB/s[0K[1G[?25h[?25lWriting objects:  44% (83/187), 1.07 MiB | 1.02 MiB/s[0K[1G[?25h[?25lWriting objects:  48% (90/187), 1.07 MiB | 1.02 MiB/s[0K[1G[?25h[?25lWriting objects:  52% (98/187), 1.94 MiB | 1.20 MiB/s[0K[1G[?25h[?25lWriting objects:  54% (101/187), 1.94 MiB | 1.20 MiB/s[0K[1G[?25h[?25lWriting objects:  57% (107/187), 1.94 MiB | 1.20 MiB/s[0K[1G[?25h[?25lWriting objects:  58% (109/187), 1.94 MiB | 1.20 MiB/s[0K[1G[?25h[?25lWriting objects:  89% (167/187), 2.81 MiB | 1.32 MiB/s[0K[1G[?25h[?25lWriting objects:  94% (176/187), 2.81 MiB | 1.32 MiB/s[0K[1G[?25h[?25lWriting objects:  95% (178/187), 2.81 MiB | 1.32 MiB/s[0K[1G[?25h[?25lWriting objects:  98% (184/187), 3.63 MiB | 1.33 MiB/s[0K[1G[?25hWriting objects: 100% (187/187), 3.75 MiB | 1.33 MiB/s, done.[0K[?25l
Total 187 (delta 53), reused 0 (delta 0)[0K
[0K[?25h[?25lremote: Resolving deltas: 100% (53/53), done.[0K[1G[?25h[?25l
[0K[?25hremote:[0K[?25l
remote: Create a pull request for 'master' on GitHub by visiting:[0K
remote:      https://github.com/stephenberg/stephenberg.github.io/pull/new/master[0K
remote:[0K
To https://github.com/stephenberg/stephenberg.github.io.git[0K
 * [new branch]      master -> master[0K
Branch master set up to track remote branch master from origin.[0K
[0K[?25hberg@DESKTOP-9FGA5E4:/mnt/c/Users/Stephen Berg/Dropbox/myWebsite/public$[0K[74G